Archive member included because of file (symbol)

c:/program files (x86)/mhv avr tools/bin/../lib/gcc/avr/4.8.2/../../../../avr/lib/avr51\libm.a(fixsfsi.o)
                              obj_gh60_lufa/common/mousekey.o (__fixsfsi)
c:/program files (x86)/mhv avr tools/bin/../lib/gcc/avr/4.8.2/../../../../avr/lib/avr51\libm.a(fixunssfsi.o)
                              c:/program files (x86)/mhv avr tools/bin/../lib/gcc/avr/4.8.2/../../../../avr/lib/avr51\libm.a(fixsfsi.o) (__fixunssfsi)
c:/program files (x86)/mhv avr tools/bin/../lib/gcc/avr/4.8.2/../../../../avr/lib/avr51\libm.a(floatsisf.o)
                              obj_gh60_lufa/common/mousekey.o (__floatsisf)
c:/program files (x86)/mhv avr tools/bin/../lib/gcc/avr/4.8.2/../../../../avr/lib/avr51\libm.a(fp_split3.o)
                              c:/program files (x86)/mhv avr tools/bin/../lib/gcc/avr/4.8.2/../../../../avr/lib/avr51\libm.a(fixunssfsi.o) (__fp_splitA)
c:/program files (x86)/mhv avr tools/bin/../lib/gcc/avr/4.8.2/../../../../avr/lib/avr51\libm.a(fp_zero.o)
                              c:/program files (x86)/mhv avr tools/bin/../lib/gcc/avr/4.8.2/../../../../avr/lib/avr51\libm.a(fixunssfsi.o) (__fp_zero)
c:/program files (x86)/mhv avr tools/bin/../lib/gcc/avr/4.8.2/../../../../avr/lib/avr51\libm.a(mulsf3.o)
                              obj_gh60_lufa/common/mousekey.o (__mulsf3)
c:/program files (x86)/mhv avr tools/bin/../lib/gcc/avr/4.8.2/../../../../avr/lib/avr51\libm.a(mulsf3x.o)
                              c:/program files (x86)/mhv avr tools/bin/../lib/gcc/avr/4.8.2/../../../../avr/lib/avr51\libm.a(mulsf3.o) (__mulsf3x)
c:/program files (x86)/mhv avr tools/bin/../lib/gcc/avr/4.8.2/../../../../avr/lib/avr51\libm.a(fp_inf.o)
                              c:/program files (x86)/mhv avr tools/bin/../lib/gcc/avr/4.8.2/../../../../avr/lib/avr51\libm.a(mulsf3x.o) (__fp_inf)
c:/program files (x86)/mhv avr tools/bin/../lib/gcc/avr/4.8.2/../../../../avr/lib/avr51\libm.a(fp_nan.o)
                              c:/program files (x86)/mhv avr tools/bin/../lib/gcc/avr/4.8.2/../../../../avr/lib/avr51\libm.a(mulsf3x.o) (__fp_nan)
c:/program files (x86)/mhv avr tools/bin/../lib/gcc/avr/4.8.2/../../../../avr/lib/avr51\libm.a(fp_pscA.o)
                              c:/program files (x86)/mhv avr tools/bin/../lib/gcc/avr/4.8.2/../../../../avr/lib/avr51\libm.a(mulsf3x.o) (__fp_pscA)
c:/program files (x86)/mhv avr tools/bin/../lib/gcc/avr/4.8.2/../../../../avr/lib/avr51\libm.a(fp_pscB.o)
                              c:/program files (x86)/mhv avr tools/bin/../lib/gcc/avr/4.8.2/../../../../avr/lib/avr51\libm.a(mulsf3x.o) (__fp_pscB)
c:/program files (x86)/mhv avr tools/bin/../lib/gcc/avr/4.8.2/../../../../avr/lib/avr51\libm.a(fp_round.o)
                              c:/program files (x86)/mhv avr tools/bin/../lib/gcc/avr/4.8.2/../../../../avr/lib/avr51\libm.a(mulsf3.o) (__fp_round)
c:/program files (x86)/mhv avr tools/bin/../lib/gcc/avr/4.8.2/avr51\libgcc.a(_udivmodqi4.o)
                              obj_gh60_lufa/protocol/lufa/lufa.o (__udivmodqi4)
c:/program files (x86)/mhv avr tools/bin/../lib/gcc/avr/4.8.2/avr51\libgcc.a(_divmodhi4.o)
                              obj_gh60_lufa/common/mousekey.o (__divmodhi4)
c:/program files (x86)/mhv avr tools/bin/../lib/gcc/avr/4.8.2/avr51\libgcc.a(_exit.o)
                              c:/program files (x86)/mhv avr tools/bin/../lib/gcc/avr/4.8.2/../../../../avr/lib/avr51/crtusb1287.o (exit)
c:/program files (x86)/mhv avr tools/bin/../lib/gcc/avr/4.8.2/avr51\libgcc.a(_tablejump.o)
                              obj_gh60_lufa/protocol/lufa/LUFA-git/LUFA/Drivers/USB/Core/DeviceStandardReq.o (__tablejump2__)
c:/program files (x86)/mhv avr tools/bin/../lib/gcc/avr/4.8.2/avr51\libgcc.a(_copy_data.o)
                              obj_gh60_lufa/matrix.o (__do_copy_data)
c:/program files (x86)/mhv avr tools/bin/../lib/gcc/avr/4.8.2/avr51\libgcc.a(_clear_bss.o)
                              obj_gh60_lufa/matrix.o (__do_clear_bss)
c:/program files (x86)/mhv avr tools/bin/../lib/gcc/avr/4.8.2/avr51\libgcc.a(_udivmodhi4.o)
                              c:/program files (x86)/mhv avr tools/bin/../lib/gcc/avr/4.8.2/avr51\libgcc.a(_divmodhi4.o) (__udivmodhi4)
c:/program files (x86)/mhv avr tools/bin/../lib/gcc/avr/4.8.2/../../../../avr/lib/avr51\libc.a(eerd_byte_at90usb1287.o)
                              obj_gh60_lufa/protocol/lufa/LUFA-git/LUFA/Drivers/USB/Core/AVR8/EndpointStream_AVR8.o (__eerd_byte_usb1287)
c:/program files (x86)/mhv avr tools/bin/../lib/gcc/avr/4.8.2/../../../../avr/lib/avr51\libc.a(eerd_word_at90usb1287.o)
                              obj_gh60_lufa/common/avr/eeconfig.o (__eerd_word_usb1287)
c:/program files (x86)/mhv avr tools/bin/../lib/gcc/avr/4.8.2/../../../../avr/lib/avr51\libc.a(eeupd_byte_at90usb1287.o)
                              obj_gh60_lufa/protocol/lufa/LUFA-git/LUFA/Drivers/USB/Core/AVR8/EndpointStream_AVR8.o (__eeupd_byte_usb1287)
[...]
Memory Configuration

Name             Origin             Length             Attributes
text             0x00000000         0x00020000         xr
data             0x00800100         0x0000ff00         rw !x
eeprom           0x00810000         0x00010000         rw !x
fuse             0x00820000         0x00000400         rw !x
lock             0x00830000         0x00000400         rw !x
signature        0x00840000         0x00000400         rw !x
*default*        0x00000000         0xffffffff

Linker script and memory map

Address of section .data set to 0x800100
LOAD c:/program files (x86)/mhv avr tools/bin/../lib/gcc/avr/4.8.2/../../../../avr/lib/avr51/crtusb1287.o
LOAD obj_gh60_lufa/keymap_poker.o
LOAD obj_gh60_lufa/keymap_common.o
LOAD obj_gh60_lufa/matrix.o
LOAD obj_gh60_lufa/led.o
LOAD obj_gh60_lufa/protocol/lufa/lufa.o
LOAD obj_gh60_lufa/protocol/lufa/descriptor.o
LOAD obj_gh60_lufa/protocol/lufa/LUFA-git/LUFA/Drivers/USB/Class/Common/HIDParser.o
LOAD obj_gh60_lufa/protocol/lufa/LUFA-git/LUFA/Drivers/USB/Core/AVR8/Device_AVR8.o
LOAD obj_gh60_lufa/protocol/lufa/LUFA-git/LUFA/Drivers/USB/Core/AVR8/EndpointStream_AVR8.o
LOAD obj_gh60_lufa/protocol/lufa/LUFA-git/LUFA/Drivers/USB/Core/AVR8/Endpoint_AVR8.o
LOAD obj_gh60_lufa/protocol/lufa/LUFA-git/LUFA/Drivers/USB/Core/AVR8/Host_AVR8.o
LOAD obj_gh60_lufa/protocol/lufa/LUFA-git/LUFA/Drivers/USB/Core/AVR8/PipeStream_AVR8.o
LOAD obj_gh60_lufa/protocol/lufa/LUFA-git/LUFA/Drivers/USB/Core/AVR8/Pipe_AVR8.o
LOAD obj_gh60_lufa/protocol/lufa/LUFA-git/LUFA/Drivers/USB/Core/AVR8/USBController_AVR8.o
LOAD obj_gh60_lufa/protocol/lufa/LUFA-git/LUFA/Drivers/USB/Core/AVR8/USBInterrupt_AVR8.o
LOAD obj_gh60_lufa/protocol/lufa/LUFA-git/LUFA/Drivers/USB/Core/ConfigDescriptors.o
LOAD obj_gh60_lufa/protocol/lufa/LUFA-git/LUFA/Drivers/USB/Core/DeviceStandardReq.o
LOAD obj_gh60_lufa/protocol/lufa/LUFA-git/LUFA/Drivers/USB/Core/Events.o
LOAD obj_gh60_lufa/protocol/lufa/LUFA-git/LUFA/Drivers/USB/Core/HostStandardReq.o
LOAD obj_gh60_lufa/protocol/lufa/LUFA-git/LUFA/Drivers/USB/Core/USBTask.o
LOAD obj_gh60_lufa/common/host.o
LOAD obj_gh60_lufa/common/keyboard.o
LOAD obj_gh60_lufa/common/action.o
LOAD obj_gh60_lufa/common/action_tapping.o
LOAD obj_gh60_lufa/common/action_macro.o
LOAD obj_gh60_lufa/common/action_layer.o
LOAD obj_gh60_lufa/common/action_util.o
LOAD obj_gh60_lufa/common/print.o
LOAD obj_gh60_lufa/common/debug.o
LOAD obj_gh60_lufa/common/util.o
LOAD obj_gh60_lufa/common/hook.o
LOAD obj_gh60_lufa/common/avr/suspend.o
LOAD obj_gh60_lufa/common/avr/xprintf.o
LOAD obj_gh60_lufa/common/avr/timer.o
LOAD obj_gh60_lufa/common/avr/bootloader.o
LOAD obj_gh60_lufa/common/keymap.o
LOAD obj_gh60_lufa/common/bootmagic.o
LOAD obj_gh60_lufa/common/avr/eeconfig.o
LOAD obj_gh60_lufa/common/mousekey.o
LOAD obj_gh60_lufa/common/command.o
LOAD c:/program files (x86)/mhv avr tools/bin/../lib/gcc/avr/4.8.2/../../../../avr/lib/avr51\libm.a
START GROUP
LOAD c:/program files (x86)/mhv avr tools/bin/../lib/gcc/avr/4.8.2/avr51\libgcc.a
LOAD c:/program files (x86)/mhv avr tools/bin/../lib/gcc/avr/4.8.2/../../../../avr/lib/avr51\libm.a
LOAD c:/program files (x86)/mhv avr tools/bin/../lib/gcc/avr/4.8.2/../../../../avr/lib/avr51\libc.a
END GROUP

.hash
 *(.hash)

.dynsym
 *(.dynsym)

.dynstr
 *(.dynstr)

.gnu.version
 *(.gnu.version)

.gnu.version_d
 *(.gnu.version_d)

.gnu.version_r
 *(.gnu.version_r)

.rel.init
 *(.rel.init)

.rela.init
 *(.rela.init)

.rel.text
 *(.rel.text)
 *(.rel.text.*)
 *(.rel.gnu.linkonce.t*)

.rela.text
 *(.rela.text)
 *(.rela.text.*)
 *(.rela.gnu.linkonce.t*)

.rel.fini
 *(.rel.fini)

.rela.fini
 *(.rela.fini)

.rel.rodata
 *(.rel.rodata)
 *(.rel.rodata.*)
 *(.rel.gnu.linkonce.r*)

.rela.rodata
 *(.rela.rodata)
 *(.rela.rodata.*)
 *(.rela.gnu.linkonce.r*)

.rel.data
 *(.rel.data)
 *(.rel.data.*)
 *(.rel.gnu.linkonce.d*)

.rela.data
 *(.rela.data)
 *(.rela.data.*)
 *(.rela.gnu.linkonce.d*)

.rel.ctors
 *(.rel.ctors)

.rela.ctors
 *(.rela.ctors)

.rel.dtors
 *(.rel.dtors)

.rela.dtors
 *(.rela.dtors)

.rel.got
 *(.rel.got)

.rela.got
 *(.rela.got)

.rel.bss
 *(.rel.bss)

.rela.bss
 *(.rela.bss)

.rel.plt
 *(.rel.plt)

.rela.plt
 *(.rela.plt)

.text           0x00000000     0x50fe
 *(.vectors)
 .vectors       0x00000000       0x98 c:/program files (x86)/mhv avr tools/bin/../lib/gcc/avr/4.8.2/../../../../avr/lib/avr51/crtusb1287.o
                0x00000000                __vector_default
                0x00000000                __vectors
 *(.vectors)
 *(.progmem.gcc*)
 .progmem.gcc_sw_table.USB_Device_ProcessControlRequest
                0x00000098       0x14 obj_gh60_lufa/protocol/lufa/LUFA-git/LUFA/Drivers/USB/Core/DeviceStandardReq.o
 .progmem.gcc_sw_table.process_action
                0x000000ac       0x20 obj_gh60_lufa/common/action.o
                0x000000cc                . = ALIGN (0x2)
                0x000000cc                __trampolines_start = .
 *(.trampolines)
 .trampolines   0x000000cc        0x0 linker stubs
 *(.trampolines*)
                0x000000cc                __trampolines_end = .
 *(.progmem*)
 .progmem.data.fn_actions
                0x000000cc        0x2 obj_gh60_lufa/keymap_poker.o
                0x000000cc                fn_actions
 .progmem.data.keymaps
                0x000000ce       0x1c obj_gh60_lufa/keymap_poker.o
                0x000000ce                keymaps
 .progmem.data.__c.1891
                0x000000ea        0x2 obj_gh60_lufa/matrix.o
 .progmem.data.__c.1889
                0x000000ec        0x6 obj_gh60_lufa/matrix.o
 .progmem.data.__c.1887
                0x000000f2        0x3 obj_gh60_lufa/matrix.o
 .progmem.data.__c.1885
                0x000000f5        0x5 obj_gh60_lufa/matrix.o
 .progmem.data.__c.1882
                0x000000fa       0x17 obj_gh60_lufa/matrix.o
 .progmem.data.__c.1860
                0x00000111        0x2 obj_gh60_lufa/matrix.o
 .progmem.data.__c.1858
                0x00000113        0x5 obj_gh60_lufa/matrix.o
 .progmem.data.__c.1856
                0x00000118        0xa obj_gh60_lufa/matrix.o
 .progmem.data.__c.4756
                0x00000122        0x4 obj_gh60_lufa/protocol/lufa/lufa.o
 .progmem.data.__c.4754
                0x00000126       0x11 obj_gh60_lufa/protocol/lufa/lufa.o
 .progmem.data.__c.4752
                0x00000137       0x11 obj_gh60_lufa/protocol/lufa/lufa.o
 .progmem.data.__c.4654
                0x00000148        0x4 obj_gh60_lufa/protocol/lufa/lufa.o
 .progmem.data.__c.4650
                0x0000014c        0x4 obj_gh60_lufa/protocol/lufa/lufa.o
 .progmem.data.__c.4646
                0x00000150        0x4 obj_gh60_lufa/protocol/lufa/lufa.o
 .progmem.data.__c.4641
                0x00000154        0x4 obj_gh60_lufa/protocol/lufa/lufa.o
 .progmem.data.__c.4636
                0x00000158        0x4 obj_gh60_lufa/protocol/lufa/lufa.o
 .progmem.data.ProductString
                0x0000015c        0xc obj_gh60_lufa/protocol/lufa/descriptor.o
                0x0000015c                ProductString
 .progmem.data.ManufacturerString
                0x00000168       0x14 obj_gh60_lufa/protocol/lufa/descriptor.o
                0x00000168                ManufacturerString
 .progmem.data.LanguageString
                0x0000017c        0x4 obj_gh60_lufa/protocol/lufa/descriptor.o
                0x0000017c                LanguageString
 .progmem.data.ConfigurationDescriptor
                0x00000180       0x74 obj_gh60_lufa/protocol/lufa/descriptor.o
                0x00000180                ConfigurationDescriptor
 .progmem.data.DeviceDescriptor
                0x000001f4       0x12 obj_gh60_lufa/protocol/lufa/descriptor.o
                0x000001f4                DeviceDescriptor
 .progmem.data.ConsoleReport
                0x00000206       0x20 obj_gh60_lufa/protocol/lufa/descriptor.o
                0x00000206                ConsoleReport
 .progmem.data.ExtrakeyReport
                0x00000226       0x36 obj_gh60_lufa/protocol/lufa/descriptor.o
                0x00000226                ExtrakeyReport
 .progmem.data.MouseReport
                0x0000025c       0x4d obj_gh60_lufa/protocol/lufa/descriptor.o
                0x0000025c                MouseReport
 .progmem.data.KeyboardReport
                0x000002a9       0x3f obj_gh60_lufa/protocol/lufa/descriptor.o
                0x000002a9                KeyboardReport
 .progmem.data.__c.1996
                0x000002e8        0x2 obj_gh60_lufa/common/host.o
 .progmem.data.__c.1991
                0x000002ea        0x6 obj_gh60_lufa/common/host.o
 .progmem.data.__c.1988
                0x000002f0       0x12 obj_gh60_lufa/common/host.o
 .progmem.data.__c.2350
                0x00000302        0xb obj_gh60_lufa/common/keyboard.o
 .progmem.data.__c.2425
                0x0000030d        0x7 obj_gh60_lufa/common/bootmagic.o
 .progmem.data.__c.2419
                0x00000314       0x15 obj_gh60_lufa/common/bootmagic.o
 .progmem.data.__c.2069
                0x00000329        0x3 obj_gh60_lufa/common/mousekey.o
 .progmem.data.__c.2067
                0x0000032c        0x3 obj_gh60_lufa/common/mousekey.o
 .progmem.data.__c.2065
                0x0000032f        0x2 obj_gh60_lufa/common/mousekey.o
 .progmem.data.__c.2063
                0x00000331        0x3 obj_gh60_lufa/common/mousekey.o
 .progmem.data.__c.2061
                0x00000334        0x3 obj_gh60_lufa/common/mousekey.o
 .progmem.data.__c.2059
                0x00000337        0x3 obj_gh60_lufa/common/mousekey.o
 .progmem.data.__c.2057
                0x0000033a        0x2 obj_gh60_lufa/common/mousekey.o
 .progmem.data.__c.2055
                0x0000033c        0x3 obj_gh60_lufa/common/mousekey.o
 .progmem.data.__c.2053
                0x0000033f        0x2 obj_gh60_lufa/common/mousekey.o
 .progmem.data.__c.2051
                0x00000341        0x3 obj_gh60_lufa/common/mousekey.o
 .progmem.data.__c.2049
                0x00000344        0x2 obj_gh60_lufa/common/mousekey.o
 .progmem.data.__c.2047
                0x00000346        0x3 obj_gh60_lufa/common/mousekey.o
 .progmem.data.__c.2045
                0x00000349        0x2 obj_gh60_lufa/common/mousekey.o
 .progmem.data.__c.2043
                0x0000034b        0x5 obj_gh60_lufa/common/mousekey.o
 .progmem.data.__c.2041
                0x00000350       0x23 obj_gh60_lufa/common/mousekey.o
 .progmem.data.__c.2784
                0x00000373       0x1b obj_gh60_lufa/common/command.o
 .progmem.data.__c.2781
                0x0000038e       0x19 obj_gh60_lufa/common/command.o
 .progmem.data.__c.2778
                0x000003a7       0x15 obj_gh60_lufa/common/command.o
 .progmem.data.__c.2775
                0x000003bc       0x13 obj_gh60_lufa/common/command.o
 .progmem.data.__c.2772
                0x000003cf       0x12 obj_gh60_lufa/common/command.o
 .progmem.data.__c.2768
                0x000003e1        0xf obj_gh60_lufa/common/command.o
 .progmem.data.__c.2761
                0x000003f0       0x1b obj_gh60_lufa/common/command.o
 .progmem.data.__c.2758
                0x0000040b       0x19 obj_gh60_lufa/common/command.o
 .progmem.data.__c.2755
                0x00000424       0x15 obj_gh60_lufa/common/command.o
 .progmem.data.__c.2752
                0x00000439       0x13 obj_gh60_lufa/common/command.o
 .progmem.data.__c.2749
                0x0000044c       0x12 obj_gh60_lufa/common/command.o
 .progmem.data.__c.2745
                0x0000045e        0xf obj_gh60_lufa/common/command.o
 .progmem.data.__c.2738
                0x0000046d        0x2 obj_gh60_lufa/common/command.o
 .progmem.data.__c.2736
                0x0000046f        0x3 obj_gh60_lufa/common/command.o
 .progmem.data.__c.2734
                0x00000472       0x17 obj_gh60_lufa/common/command.o
 .progmem.data.__c.2732
                0x00000489        0x2 obj_gh60_lufa/common/command.o
 .progmem.data.__c.2730
                0x0000048b        0x3 obj_gh60_lufa/common/command.o
 .progmem.data.__c.2728
                0x0000048e       0x15 obj_gh60_lufa/common/command.o
 .progmem.data.__c.2726
                0x000004a3        0x2 obj_gh60_lufa/common/command.o
 .progmem.data.__c.2724
                0x000004a5        0x3 obj_gh60_lufa/common/command.o
 .progmem.data.__c.2722
                0x000004a8       0x11 obj_gh60_lufa/common/command.o
 .progmem.data.__c.2720
                0x000004b9        0x2 obj_gh60_lufa/common/command.o
 .progmem.data.__c.2718
                0x000004bb        0x3 obj_gh60_lufa/common/command.o
 .progmem.data.__c.2716
                0x000004be        0xf obj_gh60_lufa/common/command.o
 .progmem.data.__c.2714
                0x000004cd        0x2 obj_gh60_lufa/common/command.o
 .progmem.data.__c.2712
                0x000004cf        0x3 obj_gh60_lufa/common/command.o
 .progmem.data.__c.2710
                0x000004d2       0x12 obj_gh60_lufa/common/command.o
 .progmem.data.__c.2708
                0x000004e4        0x2 obj_gh60_lufa/common/command.o
 .progmem.data.__c.2706
                0x000004e6        0x3 obj_gh60_lufa/common/command.o
 .progmem.data.__c.2704
                0x000004e9       0x12 obj_gh60_lufa/common/command.o
 .progmem.data.__c.2702
                0x000004fb        0xe obj_gh60_lufa/common/command.o
 .progmem.data.__c.2822
                0x00000509        0x3 obj_gh60_lufa/common/command.o
 .progmem.data.__c.2820
                0x0000050c        0x6 obj_gh60_lufa/common/command.o
 .progmem.data.__c.2818
                0x00000512        0x2 obj_gh60_lufa/common/command.o
 .progmem.data.__c.2815
                0x00000514        0xd obj_gh60_lufa/common/command.o
 .progmem.data.__c.2801
                0x00000521        0x4 obj_gh60_lufa/common/command.o
 .progmem.data.__c.2791
                0x00000525       0x4e obj_gh60_lufa/common/command.o
 .progmem.data.__c.2789
                0x00000573       0xfb obj_gh60_lufa/common/command.o
 .progmem.data.__c.2694
                0x0000066e        0x2 obj_gh60_lufa/common/command.o
 .progmem.data.__c.2691
                0x00000670        0x4 obj_gh60_lufa/common/command.o
 .progmem.data.__c.2696
                0x00000674        0x4 obj_gh60_lufa/common/command.o
 .progmem.data.__c.2840
                0x00000678        0x5 obj_gh60_lufa/common/command.o
 .progmem.data.__c.2680
                0x0000067d       0x27 obj_gh60_lufa/common/command.o
 .progmem.data.__c.2512
                0x000006a4       0x9d obj_gh60_lufa/common/command.o
 .progmem.data.__c.2607
                0x00000741        0x2 obj_gh60_lufa/common/command.o
 .progmem.data.__c.2605
                0x00000743        0x3 obj_gh60_lufa/common/command.o
 .progmem.data.__c.2603
                0x00000746        0x8 obj_gh60_lufa/common/command.o
 .progmem.data.__c.2601
                0x0000074e        0x2 obj_gh60_lufa/common/command.o
 .progmem.data.__c.2599
                0x00000750        0x3 obj_gh60_lufa/common/command.o
 .progmem.data.__c.2597
                0x00000753       0x1c obj_gh60_lufa/common/command.o
 .progmem.data.__c.2595
                0x0000076f        0x2 obj_gh60_lufa/common/command.o
 .progmem.data.__c.2593
                0x00000771        0x3 obj_gh60_lufa/common/command.o
 .progmem.data.__c.2591
                0x00000774       0x12 obj_gh60_lufa/common/command.o
 .progmem.data.__c.2589
                0x00000786        0x2 obj_gh60_lufa/common/command.o
 .progmem.data.__c.2587
                0x00000788        0x3 obj_gh60_lufa/common/command.o
 .progmem.data.__c.2585
                0x0000078b        0xa obj_gh60_lufa/common/command.o
 .progmem.data.__c.2583
                0x00000795        0x2 obj_gh60_lufa/common/command.o
 .progmem.data.__c.2581
                0x00000797        0x3 obj_gh60_lufa/common/command.o
 .progmem.data.__c.2579
                0x0000079a       0x12 obj_gh60_lufa/common/command.o
 .progmem.data.__c.2577
                0x000007ac        0x2 obj_gh60_lufa/common/command.o
 .progmem.data.__c.2575
                0x000007ae        0x3 obj_gh60_lufa/common/command.o
 .progmem.data.__c.2573
                0x000007b1       0x12 obj_gh60_lufa/common/command.o
 .progmem.data.__c.2571
                0x000007c3        0x2 obj_gh60_lufa/common/command.o
 .progmem.data.__c.2569
                0x000007c5        0x3 obj_gh60_lufa/common/command.o
 .progmem.data.__c.2567
                0x000007c8       0x17 obj_gh60_lufa/common/command.o
 .progmem.data.__c.2565
                0x000007df        0x2 obj_gh60_lufa/common/command.o
 .progmem.data.__c.2563
                0x000007e1        0x3 obj_gh60_lufa/common/command.o
 .progmem.data.__c.2561
                0x000007e4       0x19 obj_gh60_lufa/common/command.o
 .progmem.data.__c.2559
                0x000007fd        0x2 obj_gh60_lufa/common/command.o
 .progmem.data.__c.2557
                0x000007ff        0x5 obj_gh60_lufa/common/command.o
 .progmem.data.__c.2555
                0x00000804       0x14 obj_gh60_lufa/common/command.o
 .progmem.data.__c.2552
                0x00000818        0x2 obj_gh60_lufa/common/command.o
 .progmem.data.__c.2550
                0x0000081a        0x3 obj_gh60_lufa/common/command.o
 .progmem.data.__c.2548
                0x0000081d        0x9 obj_gh60_lufa/common/command.o
 .progmem.data.__c.2546
                0x00000826        0x2 obj_gh60_lufa/common/command.o
 .progmem.data.__c.2544
                0x00000828        0x3 obj_gh60_lufa/common/command.o
 .progmem.data.__c.2542
                0x0000082b        0xc obj_gh60_lufa/common/command.o
 .progmem.data.__c.2540
                0x00000837        0x2 obj_gh60_lufa/common/command.o
 .progmem.data.__c.2538
                0x00000839        0x3 obj_gh60_lufa/common/command.o
 .progmem.data.__c.2536
                0x0000083c        0xa obj_gh60_lufa/common/command.o
 .progmem.data.__c.2534
                0x00000846        0x2 obj_gh60_lufa/common/command.o
 .progmem.data.__c.2532
                0x00000848        0x3 obj_gh60_lufa/common/command.o
 .progmem.data.__c.2530
                0x0000084b        0xa obj_gh60_lufa/common/command.o
 .progmem.data.__c.2528
                0x00000855        0x2 obj_gh60_lufa/common/command.o
 .progmem.data.__c.2526
                0x00000857        0x5 obj_gh60_lufa/common/command.o
 .progmem.data.__c.2524
                0x0000085c       0x13 obj_gh60_lufa/common/command.o
 .progmem.data.__c.2521
                0x0000086f        0x2 obj_gh60_lufa/common/command.o
 .progmem.data.__c.2519
                0x00000871        0x3 obj_gh60_lufa/common/command.o
 .progmem.data.__c.2517
                0x00000874       0x10 obj_gh60_lufa/common/command.o
 .progmem.data.__c.2675
                0x00000884        0x2 obj_gh60_lufa/common/command.o
 .progmem.data.__c.2666
                0x00000886       0x17 obj_gh60_lufa/common/command.o
 .progmem.data.__c.2664
                0x0000089d       0x13 obj_gh60_lufa/common/command.o
 .progmem.data.__c.2662
                0x000008b0       0x17 obj_gh60_lufa/common/command.o
 .progmem.data.__c.2660
                0x000008c7       0x1a obj_gh60_lufa/common/command.o
 .progmem.data.__c.2658
                0x000008e1        0xe obj_gh60_lufa/common/command.o
 .progmem.data.__c.2655
                0x000008ef       0x2f obj_gh60_lufa/common/command.o
 .progmem.data.__c.2653
                0x0000091e       0x40 obj_gh60_lufa/common/command.o
 .progmem.data.__c.2651
                0x0000095e       0x2d obj_gh60_lufa/common/command.o
 .progmem.data.__c.2649
                0x0000098b       0x35 obj_gh60_lufa/common/command.o
 .progmem.data.__c.2647
                0x000009c0       0x29 obj_gh60_lufa/common/command.o
 .progmem.data.__c.2645
                0x000009e9        0xf obj_gh60_lufa/common/command.o
 .progmem.data.__c.2642
                0x000009f8        0xd obj_gh60_lufa/common/command.o
 .progmem.data.__c.2640
                0x00000a05        0xc obj_gh60_lufa/common/command.o
 .progmem.data.__c.2637
                0x00000a11       0x10 obj_gh60_lufa/common/command.o
 .progmem.data.__c.2635
                0x00000a21        0xf obj_gh60_lufa/common/command.o
 .progmem.data.__c.2632
                0x00000a30        0xe obj_gh60_lufa/common/command.o
 .progmem.data.__c.2630
                0x00000a3e        0xd obj_gh60_lufa/common/command.o
 .progmem.data.__c.2627
                0x00000a4b        0xc obj_gh60_lufa/common/command.o
 .progmem.data.__c.2625
                0x00000a57        0xd obj_gh60_lufa/common/command.o
 .progmem.data.__c.2622
                0x00000a64       0x11 obj_gh60_lufa/common/command.o
 .progmem.data.__c.2619
                0x00000a75        0x4 obj_gh60_lufa/common/command.o
 .progmem.data.__c.2613
                0x00000a79        0xb obj_gh60_lufa/common/command.o
                0x00000a84                . = ALIGN (0x2)
 *(.jumptables)
 *(.jumptables*)
 *(.lowtext)
 *(.lowtext*)
                0x00000a84                __ctors_start = .
 *(.ctors)
                0x00000a84                __ctors_end = .
                0x00000a84                __dtors_start = .
 *(.dtors)
                0x00000a84                __dtors_end = .
 SORT(*)(.ctors)
 SORT(*)(.dtors)
 *(.init0)
 .init0         0x00000a84        0x0 c:/program files (x86)/mhv avr tools/bin/../lib/gcc/avr/4.8.2/../../../../avr/lib/avr51/crtusb1287.o
                0x00000a84                __init
 *(.init0)
 *(.init1)
 *(.init1)
 *(.init2)
 .init2         0x00000a84        0xc c:/program files (x86)/mhv avr tools/bin/../lib/gcc/avr/4.8.2/../../../../avr/lib/avr51/crtusb1287.o
 *(.init2)
 *(.init3)
 .init3         0x00000a90       0x4e obj_gh60_lufa/common/avr/bootloader.o
                0x00000a90                bootloader_jump_after_watchdog_reset
 *(.init3)
 *(.init4)
 .init4         0x00000ade       0x1a c:/program files (x86)/mhv avr tools/bin/../lib/gcc/avr/4.8.2/avr51\libgcc.a(_copy_data.o)
                0x00000ade                __do_copy_data
 .init4         0x00000af8       0x10 c:/program files (x86)/mhv avr tools/bin/../lib/gcc/avr/4.8.2/avr51\libgcc.a(_clear_bss.o)
                0x00000af8                __do_clear_bss
 *(.init4)
 *(.init5)
 *(.init5)
 *(.init6)
 *(.init6)
 *(.init7)
 *(.init7)
 *(.init8)
 *(.init8)
 *(.init9)
 .init9         0x00000b08        0x8 c:/program files (x86)/mhv avr tools/bin/../lib/gcc/avr/4.8.2/../../../../avr/lib/avr51/crtusb1287.o
 *(.init9)
 *(.text)
 .text          0x00000b10        0x4 c:/program files (x86)/mhv avr tools/bin/../lib/gcc/avr/4.8.2/../../../../avr/lib/avr51/crtusb1287.o
                0x00000b10                __vector_22
                0x00000b10                __vector_28
                0x00000b10                __vector_1
                0x00000b10                __vector_32
                0x00000b10                __vector_34
                0x00000b10                __vector_24
                0x00000b10                __bad_interrupt
                0x00000b10                __vector_6
                0x00000b10                __vector_31
                0x00000b10                __vector_35
                0x00000b10                __vector_3
                0x00000b10                __vector_23
                0x00000b10                __vector_30
                0x00000b10                __vector_25
                0x00000b10                __vector_13
                0x00000b10                __vector_17
                0x00000b10                __vector_19
                0x00000b10                __vector_7
                0x00000b10                __vector_27
                0x00000b10                __vector_5
                0x00000b10                __vector_33
                0x00000b10                __vector_37
                0x00000b10                __vector_4
                0x00000b10                __vector_9
                0x00000b10                __vector_2
                0x00000b10                __vector_15
                0x00000b10                __vector_36
                0x00000b10                __vector_29
                0x00000b10                __vector_8
                0x00000b10                __vector_26
                0x00000b10                __vector_14
                0x00000b10                __vector_16
                0x00000b10                __vector_18
                0x00000b10                __vector_20
 .text          0x00000b14      0x15c obj_gh60_lufa/common/avr/xprintf.o
                0x00000b14                xputc
                0x00000b2c                xputs
                0x00000b3a                xitoa
                0x00000c5e                __xprintf
                0x00000c70                . = ALIGN (0x2)
 *(.text.*)
 .text.keymap_key_to_keycode
                0x00000c70       0x1e obj_gh60_lufa/keymap_common.o
                0x00000c70                keymap_key_to_keycode
 .text.keymap_fn_to_action
                0x00000c8e       0x12 obj_gh60_lufa/keymap_common.o
                0x00000c8e                keymap_fn_to_action
 .text.unselect_rows
                0x00000ca0        0xe obj_gh60_lufa/matrix.o
 .text.matrix_init
                0x00000cae       0x72 obj_gh60_lufa/matrix.o
                0x00000cae                matrix_init
 .text.matrix_scan
                0x00000d20      0x15c obj_gh60_lufa/matrix.o
                0x00000d20                matrix_scan
 .text.matrix_get_row
                0x00000e7c        0xc obj_gh60_lufa/matrix.o
                0x00000e7c                matrix_get_row
 .text.matrix_print
                0x00000e88       0x8e obj_gh60_lufa/matrix.o
                0x00000e88                matrix_print
 .text.led_set  0x00000f16        0xe obj_gh60_lufa/led.o
                0x00000f16                led_set
 .text.keyboard_leds
                0x00000f24        0x6 obj_gh60_lufa/protocol/lufa/lufa.o
 .text.sendchar
                0x00000f2a       0xc8 obj_gh60_lufa/protocol/lufa/lufa.o
                0x00000f2a                sendchar
 .text.send_consumer
                0x00000ff2       0x66 obj_gh60_lufa/protocol/lufa/lufa.o
 .text.send_system
                0x00001058       0x68 obj_gh60_lufa/protocol/lufa/lufa.o
 .text.send_mouse
                0x000010c0       0x46 obj_gh60_lufa/protocol/lufa/lufa.o
 .text.send_keyboard
                0x00001106       0x62 obj_gh60_lufa/protocol/lufa/lufa.o
 .text.EVENT_USB_Device_Connect
                0x00001168       0x24 obj_gh60_lufa/protocol/lufa/lufa.o
                0x00001168                EVENT_USB_Device_Connect
 .text.EVENT_USB_Device_Disconnect
                0x0000118c        0xe obj_gh60_lufa/protocol/lufa/lufa.o
                0x0000118c                EVENT_USB_Device_Disconnect
 .text.EVENT_USB_Device_Reset
                0x0000119a        0x8 obj_gh60_lufa/protocol/lufa/lufa.o
                0x0000119a                EVENT_USB_Device_Reset
 .text.EVENT_USB_Device_StartOfFrame
                0x000011a2       0x80 obj_gh60_lufa/protocol/lufa/lufa.o
                0x000011a2                EVENT_USB_Device_StartOfFrame
 .text.EVENT_USB_Device_ConfigurationChanged
                0x00001222       0x28 obj_gh60_lufa/protocol/lufa/lufa.o
                0x00001222                EVENT_USB_Device_ConfigurationChanged
 .text.EVENT_USB_Device_ControlRequest
                0x0000124a      0x160 obj_gh60_lufa/protocol/lufa/lufa.o
                0x0000124a                EVENT_USB_Device_ControlRequest
 .text.hook_early_init
                0x000013aa        0x2 obj_gh60_lufa/protocol/lufa/lufa.o
                0x000013aa                hook_early_init
 .text.hook_late_init
                0x000013ac        0x2 obj_gh60_lufa/protocol/lufa/lufa.o
                0x000013ac                hook_late_init
 .text.hook_usb_suspend_entry
                0x000013ae        0x2 obj_gh60_lufa/protocol/lufa/lufa.o
                0x000013ae                hook_usb_suspend_entry
 .text.EVENT_USB_Device_Suspend
                0x000013b0        0xc obj_gh60_lufa/protocol/lufa/lufa.o
                0x000013b0                EVENT_USB_Device_Suspend
 .text.hook_usb_suspend_loop
                0x000013bc       0x18 obj_gh60_lufa/protocol/lufa/lufa.o
                0x000013bc                hook_usb_suspend_loop
 .text.startup.main
                0x000013d4       0x90 obj_gh60_lufa/protocol/lufa/lufa.o
                0x000013d4                main
 .text.hook_usb_wakeup
                0x00001464        0x4 obj_gh60_lufa/protocol/lufa/lufa.o
                0x00001464                hook_usb_wakeup
 .text.EVENT_USB_Device_WakeUp
                0x00001468        0xc obj_gh60_lufa/protocol/lufa/lufa.o
                0x00001468                EVENT_USB_Device_WakeUp
 .text.CALLBACK_USB_GetDescriptor
                0x00001474       0xb2 obj_gh60_lufa/protocol/lufa/descriptor.o
                0x00001474                CALLBACK_USB_GetDescriptor
 .text.USB_Device_SendRemoteWakeup
                0x00001526       0x2c obj_gh60_lufa/protocol/lufa/LUFA-git/LUFA/Drivers/USB/Core/AVR8/Device_AVR8.o
                0x00001526                USB_Device_SendRemoteWakeup
 .text.Endpoint_Write_Stream_LE
                0x00001552       0x92 obj_gh60_lufa/protocol/lufa/LUFA-git/LUFA/Drivers/USB/Core/AVR8/EndpointStream_AVR8.o
                0x00001552                Endpoint_Write_Stream_LE
 .text.Endpoint_Write_Control_Stream_LE
                0x000015e4       0xba obj_gh60_lufa/protocol/lufa/LUFA-git/LUFA/Drivers/USB/Core/AVR8/EndpointStream_AVR8.o
                0x000015e4                Endpoint_Write_Control_Stream_LE
 .text.Endpoint_Write_Control_PStream_LE
                0x0000169e       0xc0 obj_gh60_lufa/protocol/lufa/LUFA-git/LUFA/Drivers/USB/Core/AVR8/EndpointStream_AVR8.o
                0x0000169e                Endpoint_Write_Control_PStream_LE
 .text.Endpoint_ConfigureEndpoint_Prv
                0x0000175e       0x6a obj_gh60_lufa/protocol/lufa/LUFA-git/LUFA/Drivers/USB/Core/AVR8/Endpoint_AVR8.o
                0x0000175e                Endpoint_ConfigureEndpoint_Prv
 .text.Endpoint_ClearStatusStage
                0x000017c8       0x42 obj_gh60_lufa/protocol/lufa/LUFA-git/LUFA/Drivers/USB/Core/AVR8/Endpoint_AVR8.o
                0x000017c8                Endpoint_ClearStatusStage
 .text.Endpoint_WaitUntilReady
                0x0000180a       0x60 obj_gh60_lufa/protocol/lufa/LUFA-git/LUFA/Drivers/USB/Core/AVR8/Endpoint_AVR8.o
                0x0000180a                Endpoint_WaitUntilReady
 .text.USB_Disable
                0x0000186a       0x34 obj_gh60_lufa/protocol/lufa/LUFA-git/LUFA/Drivers/USB/Core/AVR8/USBController_AVR8.o
                0x0000186a                USB_Disable
 .text.USB_ResetInterface
                0x0000189e       0x90 obj_gh60_lufa/protocol/lufa/LUFA-git/LUFA/Drivers/USB/Core/AVR8/USBController_AVR8.o
                0x0000189e                USB_ResetInterface
 .text.USB_Init
                0x0000192e       0x1e obj_gh60_lufa/protocol/lufa/LUFA-git/LUFA/Drivers/USB/Core/AVR8/USBController_AVR8.o
                0x0000192e                USB_Init
 .text.USB_INT_DisableAllInterrupts
                0x0000194c       0x10 obj_gh60_lufa/protocol/lufa/LUFA-git/LUFA/Drivers/USB/Core/AVR8/USBInterrupt_AVR8.o
                0x0000194c                USB_INT_DisableAllInterrupts
 .text.USB_INT_ClearAllInterrupts
                0x0000195c        0xa obj_gh60_lufa/protocol/lufa/LUFA-git/LUFA/Drivers/USB/Core/AVR8/USBInterrupt_AVR8.o
                0x0000195c                USB_INT_ClearAllInterrupts
 .text.__vector_10
                0x00001966      0x1ac obj_gh60_lufa/protocol/lufa/LUFA-git/LUFA/Drivers/USB/Core/AVR8/USBInterrupt_AVR8.o
                0x00001966                __vector_10
 .text.__vector_11
                0x00001b12       0x80 obj_gh60_lufa/protocol/lufa/LUFA-git/LUFA/Drivers/USB/Core/AVR8/USBInterrupt_AVR8.o
                0x00001b12                __vector_11
 .text.USB_Device_ProcessControlRequest
                0x00001b92      0x29c obj_gh60_lufa/protocol/lufa/LUFA-git/LUFA/Drivers/USB/Core/DeviceStandardReq.o
                0x00001b92                USB_Device_ProcessControlRequest
 .text.host_set_driver
                0x00001e2e        0xa obj_gh60_lufa/common/host.o
                0x00001e2e                host_set_driver
 .text.host_keyboard_leds
                0x00001e38       0x18 obj_gh60_lufa/common/host.o
                0x00001e38                host_keyboard_leds
 .text.host_keyboard_send
                0x00001e50       0x8a obj_gh60_lufa/common/host.o
                0x00001e50                host_keyboard_send
 .text.host_mouse_send
                0x00001eda       0x16 obj_gh60_lufa/common/host.o
                0x00001eda                host_mouse_send
 .text.host_system_send
                0x00001ef0       0x2c obj_gh60_lufa/common/host.o
                0x00001ef0                host_system_send
 .text.host_consumer_send
                0x00001f1c       0x2c obj_gh60_lufa/common/host.o
                0x00001f1c                host_consumer_send
 .text.matrix_setup
                0x00001f48        0x2 obj_gh60_lufa/common/keyboard.o
                0x00001f48                matrix_setup
 .text.keyboard_setup
                0x00001f4a        0x4 obj_gh60_lufa/common/keyboard.o
                0x00001f4a                keyboard_setup
 .text.keyboard_init
                0x00001f4e        0xc obj_gh60_lufa/common/keyboard.o
                0x00001f4e                keyboard_init
 .text.keyboard_task
                0x00001f5a      0x17a obj_gh60_lufa/common/keyboard.o
                0x00001f5a                keyboard_task
 .text.keyboard_set_leds
                0x000020d4        0x4 obj_gh60_lufa/common/keyboard.o
                0x000020d4                keyboard_set_leds
 .text.action_exec
                0x000020d8       0x84 obj_gh60_lufa/common/action.o
                0x000020d8                action_exec
 .text.register_code
                0x0000215c      0x1a6 obj_gh60_lufa/common/action.o
                0x0000215c                register_code
 .text.unregister_code
                0x00002302       0x9e obj_gh60_lufa/common/action.o
                0x00002302                unregister_code
 .text.register_mods
                0x000023a0        0xe obj_gh60_lufa/common/action.o
                0x000023a0                register_mods
 .text.unregister_mods
                0x000023ae        0xe obj_gh60_lufa/common/action.o
                0x000023ae                unregister_mods
 .text.process_action
                0x000023bc      0x61a obj_gh60_lufa/common/action.o
                0x000023bc                process_action
 .text.clear_keyboard_but_mods
                0x000029d6       0x24 obj_gh60_lufa/common/action.o
                0x000029d6                clear_keyboard_but_mods
 .text.clear_keyboard
                0x000029fa        0x8 obj_gh60_lufa/common/action.o
                0x000029fa                clear_keyboard
 .text.is_tap_key
                0x00002a02       0x4a obj_gh60_lufa/common/action.o
                0x00002a02                is_tap_key
 .text.debug_event
                0x00002a4c       0x1e obj_gh60_lufa/common/action.o
                0x00002a4c                debug_event
 .text.debug_record
                0x00002a6a       0x20 obj_gh60_lufa/common/action.o
                0x00002a6a                debug_record
 .text.debug_waiting_buffer
                0x00002a8a       0x42 obj_gh60_lufa/common/action_tapping.o
 .text.debug_tapping_key
                0x00002acc       0x1c obj_gh60_lufa/common/action_tapping.o
 .text.waiting_buffer_scan_tap
                0x00002ae8       0xd0 obj_gh60_lufa/common/action_tapping.o
 .text.process_tapping
                0x00002bb8      0x3da obj_gh60_lufa/common/action_tapping.o
 .text.action_tapping_process
                0x00002f92      0x15a obj_gh60_lufa/common/action_tapping.o
                0x00002f92                action_tapping_process
 .text.action_macro_play
                0x000030ec      0x13a obj_gh60_lufa/common/action_macro.o
                0x000030ec                action_macro_play
 .text.layer_state_set
                0x00003226       0x1a obj_gh60_lufa/common/action_layer.o
 .text.default_layer_debug
                0x00003240        0x2 obj_gh60_lufa/common/action_layer.o
                0x00003240                default_layer_debug
 .text.default_layer_set
                0x00003242       0x14 obj_gh60_lufa/common/action_layer.o
                0x00003242                default_layer_set
 .text.default_layer_or
                0x00003256       0x34 obj_gh60_lufa/common/action_layer.o
                0x00003256                default_layer_or
 .text.default_layer_and
                0x0000328a       0x34 obj_gh60_lufa/common/action_layer.o
                0x0000328a                default_layer_and
 .text.default_layer_xor
                0x000032be       0x34 obj_gh60_lufa/common/action_layer.o
                0x000032be                default_layer_xor
 .text.layer_clear
                0x000032f2        0xa obj_gh60_lufa/common/action_layer.o
                0x000032f2                layer_clear
 .text.layer_move
                0x000032fc       0x1e obj_gh60_lufa/common/action_layer.o
                0x000032fc                layer_move
 .text.layer_on
                0x0000331a       0x36 obj_gh60_lufa/common/action_layer.o
                0x0000331a                layer_on
 .text.layer_off
                0x00003350       0x3e obj_gh60_lufa/common/action_layer.o
                0x00003350                layer_off
 .text.layer_invert
                0x0000338e       0x36 obj_gh60_lufa/common/action_layer.o
                0x0000338e                layer_invert
 .text.layer_or
                0x000033c4       0x24 obj_gh60_lufa/common/action_layer.o
                0x000033c4                layer_or
 .text.layer_and
                0x000033e8       0x24 obj_gh60_lufa/common/action_layer.o
                0x000033e8                layer_and
 .text.layer_xor
                0x0000340c       0x24 obj_gh60_lufa/common/action_layer.o
                0x0000340c                layer_xor
 .text.layer_debug
                0x00003430        0x2 obj_gh60_lufa/common/action_layer.o
                0x00003430                layer_debug
 .text.layer_switch_get_action
                0x00003432       0x84 obj_gh60_lufa/common/action_layer.o
                0x00003432                layer_switch_get_action
 .text.add_key  0x000034b6       0x42 obj_gh60_lufa/common/action_util.o
                0x000034b6                add_key
 .text.del_key  0x000034f8       0x26 obj_gh60_lufa/common/action_util.o
                0x000034f8                del_key
 .text.clear_keys
                0x0000351e       0x1c obj_gh60_lufa/common/action_util.o
                0x0000351e                clear_keys
 .text.get_mods
                0x0000353a        0x6 obj_gh60_lufa/common/action_util.o
                0x0000353a                get_mods
 .text.add_mods
                0x00003540        0xc obj_gh60_lufa/common/action_util.o
                0x00003540                add_mods
 .text.del_mods
                0x0000354c        0xe obj_gh60_lufa/common/action_util.o
                0x0000354c                del_mods
 .text.set_mods
                0x0000355a        0x6 obj_gh60_lufa/common/action_util.o
                0x0000355a                set_mods
 .text.clear_mods
                0x00003560        0x6 obj_gh60_lufa/common/action_util.o
                0x00003560                clear_mods
 .text.add_weak_mods
                0x00003566        0xc obj_gh60_lufa/common/action_util.o
                0x00003566                add_weak_mods
 .text.del_weak_mods
                0x00003572        0xe obj_gh60_lufa/common/action_util.o
                0x00003572                del_weak_mods
 .text.clear_weak_mods
                0x00003580        0x6 obj_gh60_lufa/common/action_util.o
                0x00003580                clear_weak_mods
 .text.set_oneshot_mods
                0x00003586        0x6 obj_gh60_lufa/common/action_util.o
                0x00003586                set_oneshot_mods
 .text.clear_oneshot_mods
                0x0000358c        0x6 obj_gh60_lufa/common/action_util.o
                0x0000358c                clear_oneshot_mods
 .text.has_anykey
                0x00003592       0x26 obj_gh60_lufa/common/action_util.o
                0x00003592                has_anykey
 .text.send_keyboard_report
                0x000035b8       0x4c obj_gh60_lufa/common/action_util.o
                0x000035b8                send_keyboard_report
 .text.print_set_sendchar
                0x00003604        0xa obj_gh60_lufa/common/print.o
                0x00003604                print_set_sendchar
 .text.bitrev   0x0000360e       0x24 obj_gh60_lufa/common/util.o
                0x0000360e                bitrev
 .text.bitrev16
                0x00003632       0x34 obj_gh60_lufa/common/util.o
                0x00003632                bitrev16
 .text.hook_layer_change
                0x00003666        0x2 obj_gh60_lufa/common/hook.o
                0x00003666                hook_layer_change
 .text.hook_keyboard_loop
                0x00003668        0x2 obj_gh60_lufa/common/hook.o
                0x00003668                hook_keyboard_loop
 .text.hook_matrix_change
                0x0000366a       0x1e obj_gh60_lufa/common/hook.o
                0x0000366a                hook_matrix_change
 .text.hook_keyboard_leds_change
                0x00003688        0x4 obj_gh60_lufa/common/hook.o
                0x00003688                hook_keyboard_leds_change
 .text.hook_bootmagic
                0x0000368c        0x2 obj_gh60_lufa/common/hook.o
                0x0000368c                hook_bootmagic
 .text.suspend_power_down
                0x0000368e       0x4c obj_gh60_lufa/common/avr/suspend.o
                0x0000368e                suspend_power_down
 .text.matrix_power_up
                0x000036da        0x2 obj_gh60_lufa/common/avr/suspend.o
                0x000036da                matrix_power_up
 .text.matrix_power_down
                0x000036dc        0x2 obj_gh60_lufa/common/avr/suspend.o
                0x000036dc                matrix_power_down
 .text.suspend_wakeup_condition
                0x000036de       0x2a obj_gh60_lufa/common/avr/suspend.o
                0x000036de                suspend_wakeup_condition
 .text.suspend_wakeup_init
                0x00003708        0x4 obj_gh60_lufa/common/avr/suspend.o
                0x00003708                suspend_wakeup_init
 .text.__vector_12
                0x0000370c       0x52 obj_gh60_lufa/common/avr/suspend.o
                0x0000370c                __vector_12
 .text.timer_init
                0x0000375e       0x12 obj_gh60_lufa/common/avr/timer.o
                0x0000375e                timer_init
 .text.timer_read
                0x00003770       0x18 obj_gh60_lufa/common/avr/timer.o
                0x00003770                timer_read
 .text.timer_read32
                0x00003788       0x18 obj_gh60_lufa/common/avr/timer.o
                0x00003788                timer_read32
 .text.timer_elapsed
                0x000037a0       0x52 obj_gh60_lufa/common/avr/timer.o
                0x000037a0                timer_elapsed
 .text.__vector_21
                0x000037f2       0x4a obj_gh60_lufa/common/avr/timer.o
                0x000037f2                __vector_21
 .text.bootloader_jump
                0x0000383c       0x46 obj_gh60_lufa/common/avr/bootloader.o
                0x0000383c                bootloader_jump
 .text.keycode_to_action
                0x00003882      0x17c obj_gh60_lufa/common/keymap.o
 .text.action_for_key
                0x000039fe       0xe6 obj_gh60_lufa/common/keymap.o
                0x000039fe                action_for_key
 .text.action_get_macro
                0x00003ae4        0x6 obj_gh60_lufa/common/keymap.o
                0x00003ae4                action_get_macro
 .text.action_function
                0x00003aea        0x2 obj_gh60_lufa/common/keymap.o
                0x00003aea                action_function
 .text.scan_key
                0x00003aec       0x80 obj_gh60_lufa/common/bootmagic.o
 .text.bootmagic_scan_key
                0x00003b6c       0x24 obj_gh60_lufa/common/bootmagic.o
                0x00003b6c                bootmagic_scan_key
 .text.bootmagic
                0x00003b90      0x28a obj_gh60_lufa/common/bootmagic.o
                0x00003b90                bootmagic
 .text.eeconfig_init
                0x00003e1a       0x34 obj_gh60_lufa/common/avr/eeconfig.o
                0x00003e1a                eeconfig_init
 .text.eeconfig_is_enabled
                0x00003e4e       0x16 obj_gh60_lufa/common/avr/eeconfig.o
                0x00003e4e                eeconfig_is_enabled
 .text.eeconfig_read_debug
                0x00003e64        0x8 obj_gh60_lufa/common/avr/eeconfig.o
                0x00003e64                eeconfig_read_debug
 .text.eeconfig_write_debug
                0x00003e6c        0xa obj_gh60_lufa/common/avr/eeconfig.o
                0x00003e6c                eeconfig_write_debug
 .text.eeconfig_read_default_layer
                0x00003e76        0x8 obj_gh60_lufa/common/avr/eeconfig.o
                0x00003e76                eeconfig_read_default_layer
 .text.eeconfig_write_default_layer
                0x00003e7e        0xa obj_gh60_lufa/common/avr/eeconfig.o
                0x00003e7e                eeconfig_write_default_layer
 .text.eeconfig_read_keymap
                0x00003e88        0x8 obj_gh60_lufa/common/avr/eeconfig.o
                0x00003e88                eeconfig_read_keymap
 .text.eeconfig_write_keymap
                0x00003e90        0xa obj_gh60_lufa/common/avr/eeconfig.o
                0x00003e90                eeconfig_write_keymap
 .text.move_unit
                0x00003e9a       0x90 obj_gh60_lufa/common/mousekey.o
 .text.wheel_unit
                0x00003f2a       0x72 obj_gh60_lufa/common/mousekey.o
 .text.mousekey_on
                0x00003f9c       0xd0 obj_gh60_lufa/common/mousekey.o
                0x00003f9c                mousekey_on
 .text.mousekey_off
                0x0000406c      0x10a obj_gh60_lufa/common/mousekey.o
                0x0000406c                mousekey_off
 .text.mousekey_send
                0x00004176      0x11a obj_gh60_lufa/common/mousekey.o
                0x00004176                mousekey_send
 .text.mousekey_task
                0x00004290      0x142 obj_gh60_lufa/common/mousekey.o
                0x00004290                mousekey_task
 .text.mousekey_clear
                0x000043d2       0x18 obj_gh60_lufa/common/mousekey.o
                0x000043d2                mousekey_clear
 .text.mousekey_console_help
                0x000043ea       0x2e obj_gh60_lufa/common/command.o
 .text.mousekey_param_inc
                0x00004418      0x146 obj_gh60_lufa/common/command.o
 .text.mousekey_param_dec
                0x0000455e       0xfc obj_gh60_lufa/common/command.o
 .text.switch_default_layer
                0x0000465a       0x3c obj_gh60_lufa/common/command.o
 .text.command_common
                0x00004696      0x49e obj_gh60_lufa/common/command.o
 .text.command_extra
                0x00004b34        0x4 obj_gh60_lufa/common/command.o
                0x00004b34                command_extra
 .text.command_console_extra
                0x00004b38        0x4 obj_gh60_lufa/common/command.o
                0x00004b38                command_console_extra
 .text.command_proc
                0x00004b3c      0x2a4 obj_gh60_lufa/common/command.o
                0x00004b3c                command_proc
 .text.avr-libc.fplib
                0x00004de0        0xa c:/program files (x86)/mhv avr tools/bin/../lib/gcc/avr/4.8.2/../../../../avr/lib/avr51\libm.a(fixsfsi.o)
                0x00004de0                __fixsfsi
 .text.avr-libc.fplib
                0x00004dea       0x58 c:/program files (x86)/mhv avr tools/bin/../lib/gcc/avr/4.8.2/../../../../avr/lib/avr51\libm.a(fixunssfsi.o)
                0x00004dea                __fixunssfsi
 .text.avr-libc.fplib
                0x00004e42       0x7a c:/program files (x86)/mhv avr tools/bin/../lib/gcc/avr/4.8.2/../../../../avr/lib/avr51\libm.a(floatsisf.o)
                0x00004e42                __floatunsisf
                0x00004e46                __floatsisf
 .text.avr-libc.fplib
                0x00004ebc       0x44 c:/program files (x86)/mhv avr tools/bin/../lib/gcc/avr/4.8.2/../../../../avr/lib/avr51\libm.a(fp_split3.o)
                0x00004ebc                __fp_split3
                0x00004ecc                __fp_splitA
 .text.avr-libc.fplib
                0x00004f00        0xe c:/program files (x86)/mhv avr tools/bin/../lib/gcc/avr/4.8.2/../../../../avr/lib/avr51\libm.a(fp_zero.o)
                0x00004f00                __fp_zero
                0x00004f02                __fp_szero
 .text.avr-libc.fplib
                0x00004f0e        0x4 c:/program files (x86)/mhv avr tools/bin/../lib/gcc/avr/4.8.2/../../../../avr/lib/avr51\libm.a(mulsf3.o)
                0x00004f0e                __mulsf3
 .text.avr-libc.fplib
                0x00004f12       0xc2 c:/program files (x86)/mhv avr tools/bin/../lib/gcc/avr/4.8.2/../../../../avr/lib/avr51\libm.a(mulsf3x.o)
                0x00004f26                __mulsf3x
                0x00004f2a                __mulsf3_pse
 .text.avr-libc.fplib
                0x00004fd4        0xc c:/program files (x86)/mhv avr tools/bin/../lib/gcc/avr/4.8.2/../../../../avr/lib/avr51\libm.a(fp_inf.o)
                0x00004fd4                __fp_inf
 .text.avr-libc.fplib
                0x00004fe0        0x6 c:/program files (x86)/mhv avr tools/bin/../lib/gcc/avr/4.8.2/../../../../avr/lib/avr51\libm.a(fp_nan.o)
                0x00004fe0                __fp_nan
 .text.avr-libc.fplib
                0x00004fe6        0xe c:/program files (x86)/mhv avr tools/bin/../lib/gcc/avr/4.8.2/../../../../avr/lib/avr51\libm.a(fp_pscA.o)
                0x00004fe6                __fp_pscA
 .text.avr-libc.fplib
                0x00004ff4        0xe c:/program files (x86)/mhv avr tools/bin/../lib/gcc/avr/4.8.2/../../../../avr/lib/avr51\libm.a(fp_pscB.o)
                0x00004ff4                __fp_pscB
 .text.avr-libc.fplib
                0x00005002       0x22 c:/program files (x86)/mhv avr tools/bin/../lib/gcc/avr/4.8.2/../../../../avr/lib/avr51\libm.a(fp_round.o)
                0x00005002                __fp_round
 .text.libgcc.div
                0x00005024       0x18 c:/program files (x86)/mhv avr tools/bin/../lib/gcc/avr/4.8.2/avr51\libgcc.a(_udivmodqi4.o)
                0x00005024                __udivmodqi4
 .text.libgcc.div
                0x0000503c       0x28 c:/program files (x86)/mhv avr tools/bin/../lib/gcc/avr/4.8.2/avr51\libgcc.a(_divmodhi4.o)
                0x0000503c                _div
                0x0000503c                __divmodhi4
 .text.libgcc   0x00005064        0xc c:/program files (x86)/mhv avr tools/bin/../lib/gcc/avr/4.8.2/avr51\libgcc.a(_tablejump.o)
                0x00005064                __tablejump2__
                0x00005068                __tablejump__
 .text.libgcc.div
                0x00005070       0x28 c:/program files (x86)/mhv avr tools/bin/../lib/gcc/avr/4.8.2/avr51\libgcc.a(_udivmodhi4.o)
                0x00005070                __udivmodhi4
 .text.avr-libc
                0x00005098       0x10 c:/program files (x86)/mhv avr tools/bin/../lib/gcc/avr/4.8.2/../../../../avr/lib/avr51\libc.a(eerd_byte_at90usb1287.o)
                0x00005098                __eerd_byte_usb1287
 .text.avr-libc
                0x000050a8        0xc c:/program files (x86)/mhv avr tools/bin/../lib/gcc/avr/4.8.2/../../../../avr/lib/avr51\libc.a(eerd_word_at90usb1287.o)
                0x000050a8                __eerd_word_usb1287
 .text.avr-libc
                0x000050b4       0x1c c:/program files (x86)/mhv avr tools/bin/../lib/gcc/avr/4.8.2/../../../../avr/lib/avr51\libc.a(eewr_byte_at90usb1287.o)
                0x000050b4                __eewr_byte_usb1287
                0x000050b6                __eewr_r18_usb1287
 .text.avr-libc
                0x000050d0        0xa c:/program files (x86)/mhv avr tools/bin/../lib/gcc/avr/4.8.2/../../../../avr/lib/avr51\libc.a(eewr_word_at90usb1287.o)
                0x000050d0                __eewr_word_usb1287
 .text.avr-libc
                0x000050da       0x20 c:/program files (x86)/mhv avr tools/bin/../lib/gcc/avr/4.8.2/../../../../avr/lib/avr51\libc.a(eerd_block_at90usb1287.o)
                0x000050da                __eerd_block_usb1287
                0x000050de                __eerd_blraw_usb1287
                0x000050fa                . = ALIGN (0x2)
 *(.fini9)
 .fini9         0x000050fa        0x0 c:/program files (x86)/mhv avr tools/bin/../lib/gcc/avr/4.8.2/avr51\libgcc.a(_exit.o)
                0x000050fa                _exit
                0x000050fa                exit
 *(.fini9)
 *(.fini8)
 *(.fini8)
 *(.fini7)
 *(.fini7)
 *(.fini6)
 *(.fini6)
 *(.fini5)
 *(.fini5)
 *(.fini4)
 *(.fini4)
 *(.fini3)
 *(.fini3)
 *(.fini2)
 *(.fini2)
 *(.fini1)
 *(.fini1)
 *(.fini0)
 .fini0         0x000050fa        0x4 c:/program files (x86)/mhv avr tools/bin/../lib/gcc/avr/4.8.2/avr51\libgcc.a(_exit.o)
 *(.fini0)
                0x000050fe                _etext = .

.data           0x00800100       0x32 load address 0x000050fe
                0x00800100                PROVIDE (__data_start, .)
 *(.data)
 .data          0x00800100        0x0 c:/program files (x86)/mhv avr tools/bin/../lib/gcc/avr/4.8.2/../../../../avr/lib/avr51/crtusb1287.o
 .data          0x00800100        0x0 obj_gh60_lufa/keymap_poker.o
 .data          0x00800100        0x0 obj_gh60_lufa/keymap_common.o
 .data          0x00800100        0x0 obj_gh60_lufa/matrix.o
 .data          0x00800100        0x0 obj_gh60_lufa/led.o
 .data          0x00800100        0x0 obj_gh60_lufa/protocol/lufa/lufa.o
 .data          0x00800100        0x0 obj_gh60_lufa/protocol/lufa/descriptor.o
 .data          0x00800100        0x0 obj_gh60_lufa/protocol/lufa/LUFA-git/LUFA/Drivers/USB/Class/Common/HIDParser.o
 .data          0x00800100        0x0 obj_gh60_lufa/protocol/lufa/LUFA-git/LUFA/Drivers/USB/Core/AVR8/Device_AVR8.o
 .data          0x00800100        0x0 obj_gh60_lufa/protocol/lufa/LUFA-git/LUFA/Drivers/USB/Core/AVR8/EndpointStream_AVR8.o
 .data          0x00800100        0x0 obj_gh60_lufa/protocol/lufa/LUFA-git/LUFA/Drivers/USB/Core/AVR8/Endpoint_AVR8.o
 .data          0x00800100        0x0 obj_gh60_lufa/protocol/lufa/LUFA-git/LUFA/Drivers/USB/Core/AVR8/Host_AVR8.o
 .data          0x00800100        0x0 obj_gh60_lufa/protocol/lufa/LUFA-git/LUFA/Drivers/USB/Core/AVR8/PipeStream_AVR8.o
 .data          0x00800100        0x0 obj_gh60_lufa/protocol/lufa/LUFA-git/LUFA/Drivers/USB/Core/AVR8/Pipe_AVR8.o
 .data          0x00800100        0x0 obj_gh60_lufa/protocol/lufa/LUFA-git/LUFA/Drivers/USB/Core/AVR8/USBController_AVR8.o
 .data          0x00800100        0x0 obj_gh60_lufa/protocol/lufa/LUFA-git/LUFA/Drivers/USB/Core/AVR8/USBInterrupt_AVR8.o
 .data          0x00800100        0x0 obj_gh60_lufa/protocol/lufa/LUFA-git/LUFA/Drivers/USB/Core/ConfigDescriptors.o
 .data          0x00800100        0x0 obj_gh60_lufa/protocol/lufa/LUFA-git/LUFA/Drivers/USB/Core/DeviceStandardReq.o
 .data          0x00800100        0x0 obj_gh60_lufa/protocol/lufa/LUFA-git/LUFA/Drivers/USB/Core/Events.o
 .data          0x00800100        0x0 obj_gh60_lufa/protocol/lufa/LUFA-git/LUFA/Drivers/USB/Core/HostStandardReq.o
 .data          0x00800100        0x0 obj_gh60_lufa/protocol/lufa/LUFA-git/LUFA/Drivers/USB/Core/USBTask.o
 .data          0x00800100        0x0 obj_gh60_lufa/common/host.o
 .data          0x00800100        0x0 obj_gh60_lufa/common/keyboard.o
 .data          0x00800100        0x0 obj_gh60_lufa/common/action.o
 .data          0x00800100        0x0 obj_gh60_lufa/common/action_tapping.o
 .data          0x00800100        0x0 obj_gh60_lufa/common/action_macro.o
 .data          0x00800100        0x0 obj_gh60_lufa/common/action_layer.o
 .data          0x00800100        0x0 obj_gh60_lufa/common/action_util.o
 .data          0x00800100        0x0 obj_gh60_lufa/common/print.o
 .data          0x00800100        0x0 obj_gh60_lufa/common/debug.o
 .data          0x00800100        0x0 obj_gh60_lufa/common/util.o
 .data          0x00800100        0x0 obj_gh60_lufa/common/hook.o
 .data          0x00800100        0x0 obj_gh60_lufa/common/avr/suspend.o
 .data          0x00800100        0x0 obj_gh60_lufa/common/avr/xprintf.o
 .data          0x00800100        0x0 obj_gh60_lufa/common/avr/timer.o
 .data          0x00800100        0x0 obj_gh60_lufa/common/avr/bootloader.o
 .data          0x00800100        0x0 obj_gh60_lufa/common/keymap.o
 .data          0x00800100        0x0 obj_gh60_lufa/common/bootmagic.o
 .data          0x00800100        0x0 obj_gh60_lufa/common/avr/eeconfig.o
 .data          0x00800100        0x0 obj_gh60_lufa/common/mousekey.o
 .data          0x00800100        0x0 obj_gh60_lufa/common/command.o
 .data          0x00800100        0x0 c:/program files (x86)/mhv avr tools/bin/../lib/gcc/avr/4.8.2/../../../../avr/lib/avr51\libm.a(fixsfsi.o)
 .data          0x00800100        0x0 c:/program files (x86)/mhv avr tools/bin/../lib/gcc/avr/4.8.2/../../../../avr/lib/avr51\libm.a(fixunssfsi.o)
 .data          0x00800100        0x0 c:/program files (x86)/mhv avr tools/bin/../lib/gcc/avr/4.8.2/../../../../avr/lib/avr51\libm.a(floatsisf.o)
 .data          0x00800100        0x0 c:/program files (x86)/mhv avr tools/bin/../lib/gcc/avr/4.8.2/../../../../avr/lib/avr51\libm.a(fp_split3.o)
 .data          0x00800100        0x0 c:/program files (x86)/mhv avr tools/bin/../lib/gcc/avr/4.8.2/../../../../avr/lib/avr51\libm.a(fp_zero.o)
 .data          0x00800100        0x0 c:/program files (x86)/mhv avr tools/bin/../lib/gcc/avr/4.8.2/../../../../avr/lib/avr51\libm.a(mulsf3.o)
 .data          0x00800100        0x0 c:/program files (x86)/mhv avr tools/bin/../lib/gcc/avr/4.8.2/../../../../avr/lib/avr51\libm.a(mulsf3x.o)
 .data          0x00800100        0x0 c:/program files (x86)/mhv avr tools/bin/../lib/gcc/avr/4.8.2/../../../../avr/lib/avr51\libm.a(fp_inf.o)
 .data          0x00800100        0x0 c:/program files (x86)/mhv avr tools/bin/../lib/gcc/avr/4.8.2/../../../../avr/lib/avr51\libm.a(fp_nan.o)
 .data          0x00800100        0x0 c:/program files (x86)/mhv avr tools/bin/../lib/gcc/avr/4.8.2/../../../../avr/lib/avr51\libm.a(fp_pscA.o)
 .data          0x00800100        0x0 c:/program files (x86)/mhv avr tools/bin/../lib/gcc/avr/4.8.2/../../../../avr/lib/avr51\libm.a(fp_pscB.o)
 .data          0x00800100        0x0 c:/program files (x86)/mhv avr tools/bin/../lib/gcc/avr/4.8.2/../../../../avr/lib/avr51\libm.a(fp_round.o)
 .data          0x00800100        0x0 c:/program files (x86)/mhv avr tools/bin/../lib/gcc/avr/4.8.2/avr51\libgcc.a(_udivmodqi4.o)
 .data          0x00800100        0x0 c:/program files (x86)/mhv avr tools/bin/../lib/gcc/avr/4.8.2/avr51\libgcc.a(_divmodhi4.o)
 .data          0x00800100        0x0 c:/program files (x86)/mhv avr tools/bin/../lib/gcc/avr/4.8.2/avr51\libgcc.a(_exit.o)
 .data          0x00800100        0x0 c:/program files (x86)/mhv avr tools/bin/../lib/gcc/avr/4.8.2/avr51\libgcc.a(_tablejump.o)
 .data          0x00800100        0x0 c:/program files (x86)/mhv avr tools/bin/../lib/gcc/avr/4.8.2/avr51\libgcc.a(_copy_data.o)
 .data          0x00800100        0x0 c:/program files (x86)/mhv avr tools/bin/../lib/gcc/avr/4.8.2/avr51\libgcc.a(_clear_bss.o)
 .data          0x00800100        0x0 c:/program files (x86)/mhv avr tools/bin/../lib/gcc/avr/4.8.2/avr51\libgcc.a(_udivmodhi4.o)
 .data          0x00800100        0x0 c:/program files (x86)/mhv avr tools/bin/../lib/gcc/avr/4.8.2/../../../../avr/lib/avr51\libc.a(eerd_byte_at90usb1287.o)
 .data          0x00800100        0x0 c:/program files (x86)/mhv avr tools/bin/../lib/gcc/avr/4.8.2/../../../../avr/lib/avr51\libc.a(eerd_word_at90usb1287.o)
 .data          0x00800100        0x0 c:/program files (x86)/mhv avr tools/bin/../lib/gcc/avr/4.8.2/../../../../avr/lib/avr51\libc.a(eeupd_byte_at90usb1287.o)
 .data          0x00800100        0x0 c:/program files (x86)/mhv avr tools/bin/../lib/gcc/avr/4.8.2/../../../../avr/lib/avr51\libc.a(eewr_byte_at90usb1287.o)
 .data          0x00800100        0x0 c:/program files (x86)/mhv avr tools/bin/../lib/gcc/avr/4.8.2/../../../../avr/lib/avr51\libc.a(eewr_word_at90usb1287.o)
 .data          0x00800100        0x0 c:/program files (x86)/mhv avr tools/bin/../lib/gcc/avr/4.8.2/../../../../avr/lib/avr51\libc.a(eerd_block_at90usb1287.o)
 *(.data*)
 .data.debouncing
                0x00800100        0x1 obj_gh60_lufa/matrix.o
 .data.lufa_driver
                0x00800101        0xa obj_gh60_lufa/protocol/lufa/lufa.o
                0x00800101                lufa_driver
 .data.keyboard_protocol
                0x0080010b        0x1 obj_gh60_lufa/protocol/lufa/lufa.o
                0x0080010b                keyboard_protocol
 .data.keyboard_report
                0x0080010c        0x2 obj_gh60_lufa/common/action_util.o
                0x0080010c                keyboard_report
 .data.mk_wheel_time_to_max
                0x0080010e        0x1 obj_gh60_lufa/common/mousekey.o
                0x0080010e                mk_wheel_time_to_max
 .data.mk_wheel_max_speed
                0x0080010f        0x1 obj_gh60_lufa/common/mousekey.o
                0x0080010f                mk_wheel_max_speed
 .data.mk_time_to_max
                0x00800110        0x1 obj_gh60_lufa/common/mousekey.o
                0x00800110                mk_time_to_max
 .data.mk_max_speed
                0x00800111        0x1 obj_gh60_lufa/common/mousekey.o
                0x00800111                mk_max_speed
 .data.mk_interval
                0x00800112        0x1 obj_gh60_lufa/common/mousekey.o
                0x00800112                mk_interval
 .data.mk_delay
                0x00800113        0x1 obj_gh60_lufa/common/mousekey.o
                0x00800113                mk_delay
 *(.rodata)
 *(.rodata*)
 .rodata.CSWTCH.3
                0x00800114        0x4 obj_gh60_lufa/protocol/lufa/descriptor.o
 .rodata.CSWTCH.2
                0x00800118        0x8 obj_gh60_lufa/protocol/lufa/descriptor.o
 .rodata.CSWTCH.1
                0x00800120        0x8 obj_gh60_lufa/protocol/lufa/descriptor.o
 .rodata.CSWTCH.41
                0x00800128        0xa obj_gh60_lufa/common/command.o
 *(.gnu.linkonce.d*)
                0x00800132                . = ALIGN (0x2)
                0x00800132                _edata = .
                0x00800132                PROVIDE (__data_end, .)

.bss            0x00800132       0x8c
                0x00800132                PROVIDE (__bss_start, .)
 *(.bss)
 .bss           0x00800132        0x2 obj_gh60_lufa/common/avr/xprintf.o
                0x00800132                xfunc_out
 *(.bss*)
 .bss.matrix_debouncing
                0x00800134        0x4 obj_gh60_lufa/matrix.o
 .bss.matrix    0x00800138        0x4 obj_gh60_lufa/matrix.o
 .bss.timeouted.4726
                0x0080013c        0x1 obj_gh60_lufa/protocol/lufa/lufa.o
 .bss.count.4660
                0x0080013d        0x1 obj_gh60_lufa/protocol/lufa/lufa.o
 .bss.console_flush
                0x0080013e        0x1 obj_gh60_lufa/protocol/lufa/lufa.o
 .bss.keyboard_report_sent
                0x0080013f        0x8 obj_gh60_lufa/protocol/lufa/lufa.o
 .bss.keyboard_led_stats
                0x00800147        0x1 obj_gh60_lufa/protocol/lufa/lufa.o
 .bss.keyboard_idle
                0x00800148        0x1 obj_gh60_lufa/protocol/lufa/lufa.o
                0x00800148                keyboard_idle
 .bss.last_consumer_report
                0x00800149        0x2 obj_gh60_lufa/common/host.o
 .bss.last_system_report
                0x0080014b        0x2 obj_gh60_lufa/common/host.o
 .bss.driver    0x0080014d        0x2 obj_gh60_lufa/common/host.o
 .bss.led_status.2333
                0x0080014f        0x1 obj_gh60_lufa/common/keyboard.o
 .bss.matrix_prev.2332
                0x00800150        0x4 obj_gh60_lufa/common/keyboard.o
 .bss.waiting_buffer_tail
                0x00800154        0x1 obj_gh60_lufa/common/action_tapping.o
 .bss.waiting_buffer_head
                0x00800155        0x1 obj_gh60_lufa/common/action_tapping.o
 .bss.waiting_buffer
                0x00800156       0x30 obj_gh60_lufa/common/action_tapping.o
 .bss.tapping_key
                0x00800186        0x6 obj_gh60_lufa/common/action_tapping.o
 .bss.layer_state
                0x0080018c        0x4 obj_gh60_lufa/common/action_layer.o
                0x0080018c                layer_state
 .bss.default_layer_state
                0x00800190        0x4 obj_gh60_lufa/common/action_layer.o
                0x00800190                default_layer_state
 .bss.oneshot_mods
                0x00800194        0x1 obj_gh60_lufa/common/action_util.o
 .bss.__compound_literal.0
                0x00800195        0x8 obj_gh60_lufa/common/action_util.o
 .bss.weak_mods
                0x0080019d        0x1 obj_gh60_lufa/common/action_util.o
 .bss.real_mods
                0x0080019e        0x1 obj_gh60_lufa/common/action_util.o
 .bss.debug_config
                0x0080019f        0x1 obj_gh60_lufa/common/debug.o
                0x0080019f                debug_config
 .bss.wdt_timeout
                0x008001a0        0x1 obj_gh60_lufa/common/avr/suspend.o
 .bss.timer_count
                0x008001a1        0x4 obj_gh60_lufa/common/avr/timer.o
                0x008001a1                timer_count
 .bss.last_timer
                0x008001a5        0x2 obj_gh60_lufa/common/mousekey.o
 .bss.mousekey_accel
                0x008001a7        0x1 obj_gh60_lufa/common/mousekey.o
 .bss.mousekey_repeat
                0x008001a8        0x1 obj_gh60_lufa/common/mousekey.o
 .bss.mouse_report
                0x008001a9        0x5 obj_gh60_lufa/common/mousekey.o
 .bss.mousekey_param
                0x008001ae        0x1 obj_gh60_lufa/common/command.o
 .bss.command_state
                0x008001af        0x1 obj_gh60_lufa/common/command.o
                0x008001af                command_state
 *(COMMON)
 COMMON         0x008001b0        0x3 obj_gh60_lufa/protocol/lufa/LUFA-git/LUFA/Drivers/USB/Core/DeviceStandardReq.o
                0x008001b0                USB_Device_ConfigurationNumber
                0x008001b1                USB_Device_CurrentlySelfPowered
                0x008001b2                USB_Device_RemoteWakeupEnabled
 COMMON         0x008001b3        0xa obj_gh60_lufa/protocol/lufa/LUFA-git/LUFA/Drivers/USB/Core/USBTask.o
                0x008001b3                USB_IsInitialized
                0x008001b4                USB_DeviceState
                0x008001b5                USB_ControlRequest
 COMMON         0x008001bd        0x1 obj_gh60_lufa/common/bootmagic.o
                0x008001bd                keymap_config
                0x008001be                PROVIDE (__bss_end, .)
                0x000050fe                __data_load_start = LOADADDR (.data)
                0x00005130                __data_load_end = (__data_load_start + SIZEOF (.data))

.noinit         0x008001be        0x4
                0x008001be                PROVIDE (__noinit_start, .)
 *(.noinit*)
 .noinit        0x008001be        0x4 obj_gh60_lufa/common/avr/bootloader.o
                0x008001be                reset_key
                0x008001c2                PROVIDE (__noinit_end, .)
                0x008001c2                _end = .
                0x008001c2                PROVIDE (__heap_start, .)

.eeprom         0x00810000        0x0
 *(.eeprom*)
                0x00810000                __eeprom_end = .

.fuse
 *(.fuse)
 *(.lfuse)
 *(.hfuse)
 *(.efuse)

.lock
 *(.lock*)

.signature
 *(.signature*)

.stab           0x00000000      0x8b8
 *(.stab)
 .stab          0x00000000      0x8b8 obj_gh60_lufa/common/avr/xprintf.o

.stabstr        0x00000000       0xa0
 *(.stabstr)
 .stabstr       0x00000000       0xa0 obj_gh60_lufa/common/avr/xprintf.o

.stab.excl
 *(.stab.excl)

.stab.exclstr
 *(.stab.exclstr)

.stab.index
 *(.stab.index)

.stab.indexstr
 *(.stab.indexstr)

.comment        0x00000000       0x27
 *(.comment)
 .comment       0x00000000       0x27 obj_gh60_lufa/keymap_poker.o
                                 0x28 (size before relaxing)
 .comment       0x00000000       0x28 obj_gh60_lufa/keymap_common.o
 .comment       0x00000000       0x28 obj_gh60_lufa/matrix.o
 .comment       0x00000000       0x28 obj_gh60_lufa/led.o
 .comment       0x00000000       0x28 obj_gh60_lufa/protocol/lufa/lufa.o
 .comment       0x00000000       0x28 obj_gh60_lufa/protocol/lufa/descriptor.o
 .comment       0x00000000       0x28 obj_gh60_lufa/protocol/lufa/LUFA-git/LUFA/Drivers/USB/Class/Common/HIDParser.o
 .comment       0x00000000       0x28 obj_gh60_lufa/protocol/lufa/LUFA-git/LUFA/Drivers/USB/Core/AVR8/Device_AVR8.o
 .comment       0x00000000       0x28 obj_gh60_lufa/protocol/lufa/LUFA-git/LUFA/Drivers/USB/Core/AVR8/EndpointStream_AVR8.o
 .comment       0x00000000       0x28 obj_gh60_lufa/protocol/lufa/LUFA-git/LUFA/Drivers/USB/Core/AVR8/Endpoint_AVR8.o
 .comment       0x00000000       0x28 obj_gh60_lufa/protocol/lufa/LUFA-git/LUFA/Drivers/USB/Core/AVR8/Host_AVR8.o
 .comment       0x00000000       0x28 obj_gh60_lufa/protocol/lufa/LUFA-git/LUFA/Drivers/USB/Core/AVR8/PipeStream_AVR8.o
 .comment       0x00000000       0x28 obj_gh60_lufa/protocol/lufa/LUFA-git/LUFA/Drivers/USB/Core/AVR8/Pipe_AVR8.o
 .comment       0x00000000       0x28 obj_gh60_lufa/protocol/lufa/LUFA-git/LUFA/Drivers/USB/Core/AVR8/USBController_AVR8.o
 .comment       0x00000000       0x28 obj_gh60_lufa/protocol/lufa/LUFA-git/LUFA/Drivers/USB/Core/AVR8/USBInterrupt_AVR8.o
 .comment       0x00000000       0x28 obj_gh60_lufa/protocol/lufa/LUFA-git/LUFA/Drivers/USB/Core/ConfigDescriptors.o
 .comment       0x00000000       0x28 obj_gh60_lufa/protocol/lufa/LUFA-git/LUFA/Drivers/USB/Core/DeviceStandardReq.o
 .comment       0x00000000       0x28 obj_gh60_lufa/protocol/lufa/LUFA-git/LUFA/Drivers/USB/Core/Events.o
 .comment       0x00000000       0x28 obj_gh60_lufa/protocol/lufa/LUFA-git/LUFA/Drivers/USB/Core/HostStandardReq.o
 .comment       0x00000000       0x28 obj_gh60_lufa/protocol/lufa/LUFA-git/LUFA/Drivers/USB/Core/USBTask.o
 .comment       0x00000000       0x28 obj_gh60_lufa/common/host.o
 .comment       0x00000000       0x28 obj_gh60_lufa/common/keyboard.o
 .comment       0x00000000       0x28 obj_gh60_lufa/common/action.o
 .comment       0x00000000       0x28 obj_gh60_lufa/common/action_tapping.o
 .comment       0x00000000       0x28 obj_gh60_lufa/common/action_macro.o
 .comment       0x00000000       0x28 obj_gh60_lufa/common/action_layer.o
 .comment       0x00000000       0x28 obj_gh60_lufa/common/action_util.o
 .comment       0x00000000       0x28 obj_gh60_lufa/common/print.o
 .comment       0x00000000       0x28 obj_gh60_lufa/common/debug.o
 .comment       0x00000000       0x28 obj_gh60_lufa/common/util.o
 .comment       0x00000000       0x28 obj_gh60_lufa/common/hook.o
 .comment       0x00000000       0x28 obj_gh60_lufa/common/avr/suspend.o
 .comment       0x00000000       0x28 obj_gh60_lufa/common/avr/timer.o
 .comment       0x00000000       0x28 obj_gh60_lufa/common/avr/bootloader.o
 .comment       0x00000000       0x28 obj_gh60_lufa/common/keymap.o
 .comment       0x00000000       0x28 obj_gh60_lufa/common/bootmagic.o
 .comment       0x00000000       0x28 obj_gh60_lufa/common/avr/eeconfig.o
 .comment       0x00000000       0x28 obj_gh60_lufa/common/mousekey.o
 .comment       0x00000000       0x28 obj_gh60_lufa/common/command.o

.note.gnu.build-id
 *(.note.gnu.build-id)

.debug
 *(.debug)

.line
 *(.line)

.debug_srcinfo
 *(.debug_srcinfo)

.debug_sfnames
 *(.debug_sfnames)

.debug_aranges  0x00000000      0xb20
 *(.debug_aranges)
 .debug_aranges
                0x00000000       0x18 obj_gh60_lufa/keymap_poker.o
 .debug_aranges
                0x00000018       0x28 obj_gh60_lufa/keymap_common.o
 .debug_aranges
                0x00000040       0x68 obj_gh60_lufa/matrix.o
 .debug_aranges
                0x000000a8       0x20 obj_gh60_lufa/led.o
 .debug_aranges
                0x000000c8       0xb8 obj_gh60_lufa/protocol/lufa/lufa.o
 .debug_aranges
                0x00000180       0x20 obj_gh60_lufa/protocol/lufa/descriptor.o
 .debug_aranges
                0x000001a0       0x38 obj_gh60_lufa/protocol/lufa/LUFA-git/LUFA/Drivers/USB/Class/Common/HIDParser.o
 .debug_aranges
                0x000001d8       0x20 obj_gh60_lufa/protocol/lufa/LUFA-git/LUFA/Drivers/USB/Core/AVR8/Device_AVR8.o
 .debug_aranges
                0x000001f8       0xc8 obj_gh60_lufa/protocol/lufa/LUFA-git/LUFA/Drivers/USB/Core/AVR8/EndpointStream_AVR8.o
 .debug_aranges
                0x000002c0       0x40 obj_gh60_lufa/protocol/lufa/LUFA-git/LUFA/Drivers/USB/Core/AVR8/Endpoint_AVR8.o
 .debug_aranges
                0x00000300       0x18 obj_gh60_lufa/protocol/lufa/LUFA-git/LUFA/Drivers/USB/Core/AVR8/Host_AVR8.o
 .debug_aranges
                0x00000318       0x18 obj_gh60_lufa/protocol/lufa/LUFA-git/LUFA/Drivers/USB/Core/AVR8/PipeStream_AVR8.o
 .debug_aranges
                0x00000330       0x18 obj_gh60_lufa/protocol/lufa/LUFA-git/LUFA/Drivers/USB/Core/AVR8/Pipe_AVR8.o
 .debug_aranges
                0x00000348       0x30 obj_gh60_lufa/protocol/lufa/LUFA-git/LUFA/Drivers/USB/Core/AVR8/USBController_AVR8.o
 .debug_aranges
                0x00000378       0x38 obj_gh60_lufa/protocol/lufa/LUFA-git/LUFA/Drivers/USB/Core/AVR8/USBInterrupt_AVR8.o
 .debug_aranges
                0x000003b0       0x40 obj_gh60_lufa/protocol/lufa/LUFA-git/LUFA/Drivers/USB/Core/ConfigDescriptors.o
 .debug_aranges
                0x000003f0       0x20 obj_gh60_lufa/protocol/lufa/LUFA-git/LUFA/Drivers/USB/Core/DeviceStandardReq.o
 .debug_aranges
                0x00000410       0x20 obj_gh60_lufa/protocol/lufa/LUFA-git/LUFA/Drivers/USB/Core/Events.o
 .debug_aranges
                0x00000430       0x18 obj_gh60_lufa/protocol/lufa/LUFA-git/LUFA/Drivers/USB/Core/HostStandardReq.o
 .debug_aranges
                0x00000448       0x20 obj_gh60_lufa/protocol/lufa/LUFA-git/LUFA/Drivers/USB/Core/USBTask.o
 .debug_aranges
                0x00000468       0x60 obj_gh60_lufa/common/host.o
 .debug_aranges
                0x000004c8       0x40 obj_gh60_lufa/common/keyboard.o
 .debug_aranges
                0x00000508       0x78 obj_gh60_lufa/common/action.o
 .debug_aranges
                0x00000580       0x40 obj_gh60_lufa/common/action_tapping.o
 .debug_aranges
                0x000005c0       0x20 obj_gh60_lufa/common/action_macro.o
 .debug_aranges
                0x000005e0       0x98 obj_gh60_lufa/common/action_layer.o
 .debug_aranges
                0x00000678       0xb0 obj_gh60_lufa/common/action_util.o
 .debug_aranges
                0x00000728       0x20 obj_gh60_lufa/common/print.o
 .debug_aranges
                0x00000748       0x18 obj_gh60_lufa/common/debug.o
 .debug_aranges
                0x00000760       0x60 obj_gh60_lufa/common/util.o
 .debug_aranges
                0x000007c0       0x40 obj_gh60_lufa/common/hook.o
 .debug_aranges
                0x00000800       0x50 obj_gh60_lufa/common/avr/suspend.o
 .debug_aranges
                0x00000850       0x50 obj_gh60_lufa/common/avr/timer.o
 .debug_aranges
                0x000008a0       0x28 obj_gh60_lufa/common/avr/bootloader.o
 .debug_aranges
                0x000008c8       0x38 obj_gh60_lufa/common/keymap.o
 .debug_aranges
                0x00000900       0x30 obj_gh60_lufa/common/bootmagic.o
 .debug_aranges
                0x00000930       0x68 obj_gh60_lufa/common/avr/eeconfig.o
 .debug_aranges
                0x00000998       0x50 obj_gh60_lufa/common/mousekey.o
 .debug_aranges
                0x000009e8       0x58 obj_gh60_lufa/common/command.o
 .debug_aranges
                0x00000a40       0x20 c:/program files (x86)/mhv avr tools/bin/../lib/gcc/avr/4.8.2/avr51\libgcc.a(_udivmodqi4.o)
 .debug_aranges
                0x00000a60       0x20 c:/program files (x86)/mhv avr tools/bin/../lib/gcc/avr/4.8.2/avr51\libgcc.a(_divmodhi4.o)
 .debug_aranges
                0x00000a80       0x20 c:/program files (x86)/mhv avr tools/bin/../lib/gcc/avr/4.8.2/avr51\libgcc.a(_exit.o)
 .debug_aranges
                0x00000aa0       0x20 c:/program files (x86)/mhv avr tools/bin/../lib/gcc/avr/4.8.2/avr51\libgcc.a(_tablejump.o)
 .debug_aranges
                0x00000ac0       0x20 c:/program files (x86)/mhv avr tools/bin/../lib/gcc/avr/4.8.2/avr51\libgcc.a(_copy_data.o)
 .debug_aranges
                0x00000ae0       0x20 c:/program files (x86)/mhv avr tools/bin/../lib/gcc/avr/4.8.2/avr51\libgcc.a(_clear_bss.o)
 .debug_aranges
                0x00000b00       0x20 c:/program files (x86)/mhv avr tools/bin/../lib/gcc/avr/4.8.2/avr51\libgcc.a(_udivmodhi4.o)

.debug_pubnames
 *(.debug_pubnames)

.debug_info     0x00000000    0x10f70
 *(.debug_info .gnu.linkonce.wi.*)
 .debug_info    0x00000000      0xb70 c:/program files (x86)/mhv avr tools/bin/../lib/gcc/avr/4.8.2/../../../../avr/lib/avr51/crtusb1287.o
 .debug_info    0x00000b70      0x5ec obj_gh60_lufa/keymap_poker.o
 .debug_info    0x0000115c      0x651 obj_gh60_lufa/keymap_common.o
 .debug_info    0x000017ad      0x570 obj_gh60_lufa/matrix.o
 .debug_info    0x00001d1d       0x91 obj_gh60_lufa/led.o
 .debug_info    0x00001dae     0x14e5 obj_gh60_lufa/protocol/lufa/lufa.o
 .debug_info    0x00003293      0x7c6 obj_gh60_lufa/protocol/lufa/descriptor.o
 .debug_info    0x00003a59      0x73e obj_gh60_lufa/protocol/lufa/LUFA-git/LUFA/Drivers/USB/Class/Common/HIDParser.o
 .debug_info    0x00004197       0xd2 obj_gh60_lufa/protocol/lufa/LUFA-git/LUFA/Drivers/USB/Core/AVR8/Device_AVR8.o
 .debug_info    0x00004269     0x17b4 obj_gh60_lufa/protocol/lufa/LUFA-git/LUFA/Drivers/USB/Core/AVR8/EndpointStream_AVR8.o
 .debug_info    0x00005a1d      0x614 obj_gh60_lufa/protocol/lufa/LUFA-git/LUFA/Drivers/USB/Core/AVR8/Endpoint_AVR8.o
 .debug_info    0x00006031       0x56 obj_gh60_lufa/protocol/lufa/LUFA-git/LUFA/Drivers/USB/Core/AVR8/Host_AVR8.o
 .debug_info    0x00006087       0x56 obj_gh60_lufa/protocol/lufa/LUFA-git/LUFA/Drivers/USB/Core/AVR8/PipeStream_AVR8.o
 .debug_info    0x000060dd       0x56 obj_gh60_lufa/protocol/lufa/LUFA-git/LUFA/Drivers/USB/Core/AVR8/Pipe_AVR8.o
 .debug_info    0x00006133      0x4cb obj_gh60_lufa/protocol/lufa/LUFA-git/LUFA/Drivers/USB/Core/AVR8/USBController_AVR8.o
 .debug_info    0x000065fe      0x7c4 obj_gh60_lufa/protocol/lufa/LUFA-git/LUFA/Drivers/USB/Core/AVR8/USBInterrupt_AVR8.o
 .debug_info    0x00006dc2      0x3cd obj_gh60_lufa/protocol/lufa/LUFA-git/LUFA/Drivers/USB/Core/ConfigDescriptors.o
 .debug_info    0x0000718f      0xa57 obj_gh60_lufa/protocol/lufa/LUFA-git/LUFA/Drivers/USB/Core/DeviceStandardReq.o
 .debug_info    0x00007be6       0x78 obj_gh60_lufa/protocol/lufa/LUFA-git/LUFA/Drivers/USB/Core/Events.o
 .debug_info    0x00007c5e       0x56 obj_gh60_lufa/protocol/lufa/LUFA-git/LUFA/Drivers/USB/Core/HostStandardReq.o
 .debug_info    0x00007cb4      0x26b obj_gh60_lufa/protocol/lufa/LUFA-git/LUFA/Drivers/USB/Core/USBTask.o
 .debug_info    0x00007f1f      0x4e2 obj_gh60_lufa/common/host.o
 .debug_info    0x00008401      0x475 obj_gh60_lufa/common/keyboard.o
 .debug_info    0x00008876     0x15f0 obj_gh60_lufa/common/action.o
 .debug_info    0x00009e66      0xe2e obj_gh60_lufa/common/action_tapping.o
 .debug_info    0x0000ac94      0x872 obj_gh60_lufa/common/action_macro.o
 .debug_info    0x0000b506      0x7bf obj_gh60_lufa/common/action_layer.o
 .debug_info    0x0000bcc5      0x4fa obj_gh60_lufa/common/action_util.o
 .debug_info    0x0000c1bf       0xda obj_gh60_lufa/common/print.o
 .debug_info    0x0000c299       0xfc obj_gh60_lufa/common/debug.o
 .debug_info    0x0000c395      0x29b obj_gh60_lufa/common/util.o
 .debug_info    0x0000c630      0x1b6 obj_gh60_lufa/common/hook.o
 .debug_info    0x0000c7e6      0x275 obj_gh60_lufa/common/avr/suspend.o
 .debug_info    0x0000ca5b      0x204 obj_gh60_lufa/common/avr/timer.o
 .debug_info    0x0000cc5f      0x18a obj_gh60_lufa/common/avr/bootloader.o
 .debug_info    0x0000cde9      0xe2b obj_gh60_lufa/common/keymap.o
 .debug_info    0x0000dc14      0xf61 obj_gh60_lufa/common/bootmagic.o
 .debug_info    0x0000eb75      0x3cf obj_gh60_lufa/common/avr/eeconfig.o
 .debug_info    0x0000ef44      0x7b4 obj_gh60_lufa/common/mousekey.o
 .debug_info    0x0000f6f8     0x1426 obj_gh60_lufa/common/command.o
 .debug_info    0x00010b1e       0x9e c:/program files (x86)/mhv avr tools/bin/../lib/gcc/avr/4.8.2/avr51\libgcc.a(_udivmodqi4.o)
 .debug_info    0x00010bbc       0x9e c:/program files (x86)/mhv avr tools/bin/../lib/gcc/avr/4.8.2/avr51\libgcc.a(_divmodhi4.o)
 .debug_info    0x00010c5a       0x9e c:/program files (x86)/mhv avr tools/bin/../lib/gcc/avr/4.8.2/avr51\libgcc.a(_exit.o)
 .debug_info    0x00010cf8       0x9e c:/program files (x86)/mhv avr tools/bin/../lib/gcc/avr/4.8.2/avr51\libgcc.a(_tablejump.o)
 .debug_info    0x00010d96       0x9e c:/program files (x86)/mhv avr tools/bin/../lib/gcc/avr/4.8.2/avr51\libgcc.a(_copy_data.o)
 .debug_info    0x00010e34       0x9e c:/program files (x86)/mhv avr tools/bin/../lib/gcc/avr/4.8.2/avr51\libgcc.a(_clear_bss.o)
 .debug_info    0x00010ed2       0x9e c:/program files (x86)/mhv avr tools/bin/../lib/gcc/avr/4.8.2/avr51\libgcc.a(_udivmodhi4.o)

.debug_abbrev   0x00000000     0x4a01
 *(.debug_abbrev)
 .debug_abbrev  0x00000000      0xad2 c:/program files (x86)/mhv avr tools/bin/../lib/gcc/avr/4.8.2/../../../../avr/lib/avr51/crtusb1287.o
 .debug_abbrev  0x00000ad2       0x75 obj_gh60_lufa/keymap_poker.o
 .debug_abbrev  0x00000b47      0x16a obj_gh60_lufa/keymap_common.o
 .debug_abbrev  0x00000cb1      0x30f obj_gh60_lufa/matrix.o
 .debug_abbrev  0x00000fc0       0x60 obj_gh60_lufa/led.o
 .debug_abbrev  0x00001020      0x4ad obj_gh60_lufa/protocol/lufa/lufa.o
 .debug_abbrev  0x000014cd      0x177 obj_gh60_lufa/protocol/lufa/descriptor.o
 .debug_abbrev  0x00001644      0x21e obj_gh60_lufa/protocol/lufa/LUFA-git/LUFA/Drivers/USB/Class/Common/HIDParser.o
 .debug_abbrev  0x00001862       0x80 obj_gh60_lufa/protocol/lufa/LUFA-git/LUFA/Drivers/USB/Core/AVR8/Device_AVR8.o
 .debug_abbrev  0x000018e2      0x213 obj_gh60_lufa/protocol/lufa/LUFA-git/LUFA/Drivers/USB/Core/AVR8/EndpointStream_AVR8.o
 .debug_abbrev  0x00001af5      0x222 obj_gh60_lufa/protocol/lufa/LUFA-git/LUFA/Drivers/USB/Core/AVR8/Endpoint_AVR8.o
 .debug_abbrev  0x00001d17       0x26 obj_gh60_lufa/protocol/lufa/LUFA-git/LUFA/Drivers/USB/Core/AVR8/Host_AVR8.o
 .debug_abbrev  0x00001d3d       0x26 obj_gh60_lufa/protocol/lufa/LUFA-git/LUFA/Drivers/USB/Core/AVR8/PipeStream_AVR8.o
 .debug_abbrev  0x00001d63       0x26 obj_gh60_lufa/protocol/lufa/LUFA-git/LUFA/Drivers/USB/Core/AVR8/Pipe_AVR8.o
 .debug_abbrev  0x00001d89      0x196 obj_gh60_lufa/protocol/lufa/LUFA-git/LUFA/Drivers/USB/Core/AVR8/USBController_AVR8.o
 .debug_abbrev  0x00001f1f      0x234 obj_gh60_lufa/protocol/lufa/LUFA-git/LUFA/Drivers/USB/Core/AVR8/USBInterrupt_AVR8.o
 .debug_abbrev  0x00002153      0x183 obj_gh60_lufa/protocol/lufa/LUFA-git/LUFA/Drivers/USB/Core/ConfigDescriptors.o
 .debug_abbrev  0x000022d6      0x2d8 obj_gh60_lufa/protocol/lufa/LUFA-git/LUFA/Drivers/USB/Core/DeviceStandardReq.o
 .debug_abbrev  0x000025ae       0x44 obj_gh60_lufa/protocol/lufa/LUFA-git/LUFA/Drivers/USB/Core/Events.o
 .debug_abbrev  0x000025f2       0x26 obj_gh60_lufa/protocol/lufa/LUFA-git/LUFA/Drivers/USB/Core/HostStandardReq.o
 .debug_abbrev  0x00002618      0x168 obj_gh60_lufa/protocol/lufa/LUFA-git/LUFA/Drivers/USB/Core/USBTask.o
 .debug_abbrev  0x00002780      0x204 obj_gh60_lufa/common/host.o
 .debug_abbrev  0x00002984      0x237 obj_gh60_lufa/common/keyboard.o
 .debug_abbrev  0x00002bbb      0x2b6 obj_gh60_lufa/common/action.o
 .debug_abbrev  0x00002e71      0x2ef obj_gh60_lufa/common/action_tapping.o
 .debug_abbrev  0x00003160      0x18d obj_gh60_lufa/common/action_macro.o
 .debug_abbrev  0x000032ed      0x24e obj_gh60_lufa/common/action_layer.o
 .debug_abbrev  0x0000353b      0x246 obj_gh60_lufa/common/action_util.o
 .debug_abbrev  0x00003781       0x97 obj_gh60_lufa/common/print.o
 .debug_abbrev  0x00003818       0x87 obj_gh60_lufa/common/debug.o
 .debug_abbrev  0x0000389f       0xcb obj_gh60_lufa/common/util.o
 .debug_abbrev  0x0000396a      0x100 obj_gh60_lufa/common/hook.o
 .debug_abbrev  0x00003a6a      0x1ab obj_gh60_lufa/common/avr/suspend.o
 .debug_abbrev  0x00003c15      0x11e obj_gh60_lufa/common/avr/timer.o
 .debug_abbrev  0x00003d33      0x115 obj_gh60_lufa/common/avr/bootloader.o
 .debug_abbrev  0x00003e48      0x27a obj_gh60_lufa/common/keymap.o
 .debug_abbrev  0x000040c2      0x2a5 obj_gh60_lufa/common/bootmagic.o
 .debug_abbrev  0x00004367       0xef obj_gh60_lufa/common/avr/eeconfig.o
 .debug_abbrev  0x00004456      0x1fd obj_gh60_lufa/common/mousekey.o
 .debug_abbrev  0x00004653      0x322 obj_gh60_lufa/common/command.o
 .debug_abbrev  0x00004975       0x14 c:/program files (x86)/mhv avr tools/bin/../lib/gcc/avr/4.8.2/avr51\libgcc.a(_udivmodqi4.o)
 .debug_abbrev  0x00004989       0x14 c:/program files (x86)/mhv avr tools/bin/../lib/gcc/avr/4.8.2/avr51\libgcc.a(_divmodhi4.o)
 .debug_abbrev  0x0000499d       0x14 c:/program files (x86)/mhv avr tools/bin/../lib/gcc/avr/4.8.2/avr51\libgcc.a(_exit.o)
 .debug_abbrev  0x000049b1       0x14 c:/program files (x86)/mhv avr tools/bin/../lib/gcc/avr/4.8.2/avr51\libgcc.a(_tablejump.o)
 .debug_abbrev  0x000049c5       0x14 c:/program files (x86)/mhv avr tools/bin/../lib/gcc/avr/4.8.2/avr51\libgcc.a(_copy_data.o)
 .debug_abbrev  0x000049d9       0x14 c:/program files (x86)/mhv avr tools/bin/../lib/gcc/avr/4.8.2/avr51\libgcc.a(_clear_bss.o)
 .debug_abbrev  0x000049ed       0x14 c:/program files (x86)/mhv avr tools/bin/../lib/gcc/avr/4.8.2/avr51\libgcc.a(_udivmodhi4.o)

.debug_line     0x00000000     0x58ae
 *(.debug_line .debug_line.* .debug_line_end)
 .debug_line    0x00000000       0x1a c:/program files (x86)/mhv avr tools/bin/../lib/gcc/avr/4.8.2/../../../../avr/lib/avr51/crtusb1287.o
 .debug_line    0x0000001a       0x9d obj_gh60_lufa/keymap_poker.o
 .debug_line    0x000000b7       0xe1 obj_gh60_lufa/keymap_common.o
 .debug_line    0x00000198      0x251 obj_gh60_lufa/matrix.o
 .debug_line    0x000003e9       0x73 obj_gh60_lufa/led.o
 .debug_line    0x0000045c      0x7c8 obj_gh60_lufa/protocol/lufa/lufa.o
 .debug_line    0x00000c24      0x20c obj_gh60_lufa/protocol/lufa/descriptor.o
 .debug_line    0x00000e30      0x25f obj_gh60_lufa/protocol/lufa/LUFA-git/LUFA/Drivers/USB/Class/Common/HIDParser.o
 .debug_line    0x0000108f      0x144 obj_gh60_lufa/protocol/lufa/LUFA-git/LUFA/Drivers/USB/Core/AVR8/Device_AVR8.o
 .debug_line    0x000011d3      0xc98 obj_gh60_lufa/protocol/lufa/LUFA-git/LUFA/Drivers/USB/Core/AVR8/EndpointStream_AVR8.o
 .debug_line    0x00001e6b      0x403 obj_gh60_lufa/protocol/lufa/LUFA-git/LUFA/Drivers/USB/Core/AVR8/Endpoint_AVR8.o
 .debug_line    0x0000226e       0x1a obj_gh60_lufa/protocol/lufa/LUFA-git/LUFA/Drivers/USB/Core/AVR8/Host_AVR8.o
 .debug_line    0x00002288       0x1a obj_gh60_lufa/protocol/lufa/LUFA-git/LUFA/Drivers/USB/Core/AVR8/PipeStream_AVR8.o
 .debug_line    0x000022a2       0x1a obj_gh60_lufa/protocol/lufa/LUFA-git/LUFA/Drivers/USB/Core/AVR8/Pipe_AVR8.o
 .debug_line    0x000022bc      0x314 obj_gh60_lufa/protocol/lufa/LUFA-git/LUFA/Drivers/USB/Core/AVR8/USBController_AVR8.o
 .debug_line    0x000025d0      0x4e5 obj_gh60_lufa/protocol/lufa/LUFA-git/LUFA/Drivers/USB/Core/AVR8/USBInterrupt_AVR8.o
 .debug_line    0x00002ab5      0x19b obj_gh60_lufa/protocol/lufa/LUFA-git/LUFA/Drivers/USB/Core/ConfigDescriptors.o
 .debug_line    0x00002c50      0x39f obj_gh60_lufa/protocol/lufa/LUFA-git/LUFA/Drivers/USB/Core/DeviceStandardReq.o
 .debug_line    0x00002fef       0x71 obj_gh60_lufa/protocol/lufa/LUFA-git/LUFA/Drivers/USB/Core/Events.o
 .debug_line    0x00003060       0x1a obj_gh60_lufa/protocol/lufa/LUFA-git/LUFA/Drivers/USB/Core/HostStandardReq.o
 .debug_line    0x0000307a      0x1af obj_gh60_lufa/protocol/lufa/LUFA-git/LUFA/Drivers/USB/Core/USBTask.o
 .debug_line    0x00003229      0x194 obj_gh60_lufa/common/host.o
 .debug_line    0x000033bd      0x1a8 obj_gh60_lufa/common/keyboard.o
 .debug_line    0x00003565      0x451 obj_gh60_lufa/common/action.o
 .debug_line    0x000039b6      0x27f obj_gh60_lufa/common/action_tapping.o
 .debug_line    0x00003c35      0x155 obj_gh60_lufa/common/action_macro.o
 .debug_line    0x00003d8a      0x1e9 obj_gh60_lufa/common/action_layer.o
 .debug_line    0x00003f73      0x212 obj_gh60_lufa/common/action_util.o
 .debug_line    0x00004185       0xaf obj_gh60_lufa/common/print.o
 .debug_line    0x00004234       0x83 obj_gh60_lufa/common/debug.o
 .debug_line    0x000042b7      0x198 obj_gh60_lufa/common/util.o
 .debug_line    0x0000444f       0xd3 obj_gh60_lufa/common/hook.o
 .debug_line    0x00004522      0x1df obj_gh60_lufa/common/avr/suspend.o
 .debug_line    0x00004701      0x127 obj_gh60_lufa/common/avr/timer.o
 .debug_line    0x00004828      0x1a0 obj_gh60_lufa/common/avr/bootloader.o
 .debug_line    0x000049c8      0x223 obj_gh60_lufa/common/keymap.o
 .debug_line    0x00004beb      0x248 obj_gh60_lufa/common/bootmagic.o
 .debug_line    0x00004e33      0x163 obj_gh60_lufa/common/avr/eeconfig.o
 .debug_line    0x00004f96      0x2d9 obj_gh60_lufa/common/mousekey.o
 .debug_line    0x0000526f      0x31e obj_gh60_lufa/common/command.o
 .debug_line    0x0000558d       0x73 c:/program files (x86)/mhv avr tools/bin/../lib/gcc/avr/4.8.2/avr51\libgcc.a(_udivmodqi4.o)
 .debug_line    0x00005600       0x7a c:/program files (x86)/mhv avr tools/bin/../lib/gcc/avr/4.8.2/avr51\libgcc.a(_divmodhi4.o)
 .debug_line    0x0000567a       0x69 c:/program files (x86)/mhv avr tools/bin/../lib/gcc/avr/4.8.2/avr51\libgcc.a(_exit.o)
 .debug_line    0x000056e3       0x6d c:/program files (x86)/mhv avr tools/bin/../lib/gcc/avr/4.8.2/avr51\libgcc.a(_tablejump.o)
 .debug_line    0x00005750       0x74 c:/program files (x86)/mhv avr tools/bin/../lib/gcc/avr/4.8.2/avr51\libgcc.a(_copy_data.o)
 .debug_line    0x000057c4       0x6f c:/program files (x86)/mhv avr tools/bin/../lib/gcc/avr/4.8.2/avr51\libgcc.a(_clear_bss.o)
 .debug_line    0x00005833       0x7b c:/program files (x86)/mhv avr tools/bin/../lib/gcc/avr/4.8.2/avr51\libgcc.a(_udivmodhi4.o)

.debug_frame    0x00000000     0x1ba4
 *(.debug_frame)
 .debug_frame   0x00000000       0x34 obj_gh60_lufa/keymap_common.o
 .debug_frame   0x00000034      0x150 obj_gh60_lufa/matrix.o
 .debug_frame   0x00000184       0x24 obj_gh60_lufa/led.o
 .debug_frame   0x000001a8      0x188 obj_gh60_lufa/protocol/lufa/lufa.o
 .debug_frame   0x00000330       0x24 obj_gh60_lufa/protocol/lufa/descriptor.o
 .debug_frame   0x00000354      0x134 obj_gh60_lufa/protocol/lufa/LUFA-git/LUFA/Drivers/USB/Class/Common/HIDParser.o
 .debug_frame   0x00000488       0x24 obj_gh60_lufa/protocol/lufa/LUFA-git/LUFA/Drivers/USB/Core/AVR8/Device_AVR8.o
 .debug_frame   0x000004ac      0x414 obj_gh60_lufa/protocol/lufa/LUFA-git/LUFA/Drivers/USB/Core/AVR8/EndpointStream_AVR8.o
 .debug_frame   0x000008c0       0x7c obj_gh60_lufa/protocol/lufa/LUFA-git/LUFA/Drivers/USB/Core/AVR8/Endpoint_AVR8.o
 .debug_frame   0x0000093c       0x5c obj_gh60_lufa/protocol/lufa/LUFA-git/LUFA/Drivers/USB/Core/AVR8/USBController_AVR8.o
 .debug_frame   0x00000998      0x104 obj_gh60_lufa/protocol/lufa/LUFA-git/LUFA/Drivers/USB/Core/AVR8/USBInterrupt_AVR8.o
 .debug_frame   0x00000a9c      0x124 obj_gh60_lufa/protocol/lufa/LUFA-git/LUFA/Drivers/USB/Core/ConfigDescriptors.o
 .debug_frame   0x00000bc0       0x3c obj_gh60_lufa/protocol/lufa/LUFA-git/LUFA/Drivers/USB/Core/DeviceStandardReq.o
 .debug_frame   0x00000bfc       0x24 obj_gh60_lufa/protocol/lufa/LUFA-git/LUFA/Drivers/USB/Core/Events.o
 .debug_frame   0x00000c20       0x2c obj_gh60_lufa/protocol/lufa/LUFA-git/LUFA/Drivers/USB/Core/USBTask.o
 .debug_frame   0x00000c4c       0xd4 obj_gh60_lufa/common/host.o
 .debug_frame   0x00000d20       0x9c obj_gh60_lufa/common/keyboard.o
 .debug_frame   0x00000dbc      0x150 obj_gh60_lufa/common/action.o
 .debug_frame   0x00000f0c       0xd0 obj_gh60_lufa/common/action_tapping.o
 .debug_frame   0x00000fdc       0x50 obj_gh60_lufa/common/action_macro.o
 .debug_frame   0x0000102c      0x18c obj_gh60_lufa/common/action_layer.o
 .debug_frame   0x000011b8      0x144 obj_gh60_lufa/common/action_util.o
 .debug_frame   0x000012fc       0x24 obj_gh60_lufa/common/print.o
 .debug_frame   0x00001320      0x110 obj_gh60_lufa/common/util.o
 .debug_frame   0x00001430       0x78 obj_gh60_lufa/common/hook.o
 .debug_frame   0x000014a8       0xb0 obj_gh60_lufa/common/avr/suspend.o
 .debug_frame   0x00001558       0xf0 obj_gh60_lufa/common/avr/timer.o
 .debug_frame   0x00001648       0x34 obj_gh60_lufa/common/avr/bootloader.o
 .debug_frame   0x0000167c       0x54 obj_gh60_lufa/common/keymap.o
 .debug_frame   0x000016d0       0x84 obj_gh60_lufa/common/bootmagic.o
 .debug_frame   0x00001754       0xb4 obj_gh60_lufa/common/avr/eeconfig.o
 .debug_frame   0x00001808       0xf0 obj_gh60_lufa/common/mousekey.o