Archive member included because of file (symbol)

c:/program files (x86)/mhv avr tools/bin/../lib/gcc/avr/4.8.2/../../../../avr/lib/avr51\libm.a(fixsfsi.o)
                              obj_gh60_lufa/common/mousekey.o (__fixsfsi)
c:/program files (x86)/mhv avr tools/bin/../lib/gcc/avr/4.8.2/../../../../avr/lib/avr51\libm.a(fixunssfsi.o)
                              c:/program files (x86)/mhv avr tools/bin/../lib/gcc/avr/4.8.2/../../../../avr/lib/avr51\libm.a(fixsfsi.o) (__fixunssfsi)
c:/program files (x86)/mhv avr tools/bin/../lib/gcc/avr/4.8.2/../../../../avr/lib/avr51\libm.a(floatsisf.o)
                              obj_gh60_lufa/common/mousekey.o (__floatsisf)
c:/program files (x86)/mhv avr tools/bin/../lib/gcc/avr/4.8.2/../../../../avr/lib/avr51\libm.a(fp_split3.o)
                              c:/program files (x86)/mhv avr tools/bin/../lib/gcc/avr/4.8.2/../../../../avr/lib/avr51\libm.a(fixunssfsi.o) (__fp_splitA)
c:/program files (x86)/mhv avr tools/bin/../lib/gcc/avr/4.8.2/../../../../avr/lib/avr51\libm.a(fp_zero.o)
                              c:/program files (x86)/mhv avr tools/bin/../lib/gcc/avr/4.8.2/../../../../avr/lib/avr51\libm.a(fixunssfsi.o) (__fp_zero)
c:/program files (x86)/mhv avr tools/bin/../lib/gcc/avr/4.8.2/../../../../avr/lib/avr51\libm.a(mulsf3.o)
                              obj_gh60_lufa/common/mousekey.o (__mulsf3)
c:/program files (x86)/mhv avr tools/bin/../lib/gcc/avr/4.8.2/../../../../avr/lib/avr51\libm.a(mulsf3x.o)
                              c:/program files (x86)/mhv avr tools/bin/../lib/gcc/avr/4.8.2/../../../../avr/lib/avr51\libm.a(mulsf3.o) (__mulsf3x)
c:/program files (x86)/mhv avr tools/bin/../lib/gcc/avr/4.8.2/../../../../avr/lib/avr51\libm.a(fp_inf.o)
                              c:/program files (x86)/mhv avr tools/bin/../lib/gcc/avr/4.8.2/../../../../avr/lib/avr51\libm.a(mulsf3x.o) (__fp_inf)
c:/program files (x86)/mhv avr tools/bin/../lib/gcc/avr/4.8.2/../../../../avr/lib/avr51\libm.a(fp_nan.o)
                              c:/program files (x86)/mhv avr tools/bin/../lib/gcc/avr/4.8.2/../../../../avr/lib/avr51\libm.a(mulsf3x.o) (__fp_nan)
c:/program files (x86)/mhv avr tools/bin/../lib/gcc/avr/4.8.2/../../../../avr/lib/avr51\libm.a(fp_pscA.o)
                              c:/program files (x86)/mhv avr tools/bin/../lib/gcc/avr/4.8.2/../../../../avr/lib/avr51\libm.a(mulsf3x.o) (__fp_pscA)
c:/program files (x86)/mhv avr tools/bin/../lib/gcc/avr/4.8.2/../../../../avr/lib/avr51\libm.a(fp_pscB.o)
                              c:/program files (x86)/mhv avr tools/bin/../lib/gcc/avr/4.8.2/../../../../avr/lib/avr51\libm.a(mulsf3x.o) (__fp_pscB)
c:/program files (x86)/mhv avr tools/bin/../lib/gcc/avr/4.8.2/../../../../avr/lib/avr51\libm.a(fp_round.o)
                              c:/program files (x86)/mhv avr tools/bin/../lib/gcc/avr/4.8.2/../../../../avr/lib/avr51\libm.a(mulsf3.o) (__fp_round)
c:/program files (x86)/mhv avr tools/bin/../lib/gcc/avr/4.8.2/avr51\libgcc.a(_udivmodqi4.o)
                              obj_gh60_lufa/protocol/lufa/lufa.o (__udivmodqi4)
c:/program files (x86)/mhv avr tools/bin/../lib/gcc/avr/4.8.2/avr51\libgcc.a(_divmodhi4.o)
                              obj_gh60_lufa/common/mousekey.o (__divmodhi4)
c:/program files (x86)/mhv avr tools/bin/../lib/gcc/avr/4.8.2/avr51\libgcc.a(_exit.o)
                              c:/program files (x86)/mhv avr tools/bin/../lib/gcc/avr/4.8.2/../../../../avr/lib/avr51/crtusb1287.o (exit)
c:/program files (x86)/mhv avr tools/bin/../lib/gcc/avr/4.8.2/avr51\libgcc.a(_tablejump.o)
                              obj_gh60_lufa/protocol/lufa/LUFA-git/LUFA/Drivers/USB/Core/DeviceStandardReq.o (__tablejump2__)
c:/program files (x86)/mhv avr tools/bin/../lib/gcc/avr/4.8.2/avr51\libgcc.a(_copy_data.o)
                              obj_gh60_lufa/matrix.o (__do_copy_data)
c:/program files (x86)/mhv avr tools/bin/../lib/gcc/avr/4.8.2/avr51\libgcc.a(_clear_bss.o)
                              obj_gh60_lufa/matrix.o (__do_clear_bss)
c:/program files (x86)/mhv avr tools/bin/../lib/gcc/avr/4.8.2/avr51\libgcc.a(_udivmodhi4.o)
                              c:/program files (x86)/mhv avr tools/bin/../lib/gcc/avr/4.8.2/avr51\libgcc.a(_divmodhi4.o) (__udivmodhi4)
c:/program files (x86)/mhv avr tools/bin/../lib/gcc/avr/4.8.2/../../../../avr/lib/avr51\libc.a(eerd_byte_at90usb1287.o)
                              obj_gh60_lufa/protocol/lufa/LUFA-git/LUFA/Drivers/USB/Core/AVR8/EndpointStream_AVR8.o (__eerd_byte_usb1287)
c:/program files (x86)/mhv avr tools/bin/../lib/gcc/avr/4.8.2/../../../../avr/lib/avr51\libc.a(eerd_word_at90usb1287.o)
                              obj_gh60_lufa/common/avr/eeconfig.o (__eerd_word_usb1287)
c:/program files (x86)/mhv avr tools/bin/../lib/gcc/avr/4.8.2/../../../../avr/lib/avr51\libc.a(eeupd_byte_at90usb1287.o)
                              obj_gh60_lufa/protocol/lufa/LUFA-git/LUFA/Drivers/USB/Core/AVR8/EndpointStream_AVR8.o (__eeupd_byte_usb1287)
[...]
Memory Configuration

Name             Origin             Length             Attributes
text             0x00000000         0x00020000         xr
data             0x00800100         0x0000ff00         rw !x
eeprom           0x00810000         0x00010000         rw !x
fuse             0x00820000         0x00000400         rw !x
lock             0x00830000         0x00000400         rw !x
signature        0x00840000         0x00000400         rw !x
*default*        0x00000000         0xffffffff

Linker script and memory map

Address of section .data set to 0x800100
LOAD c:/program files (x86)/mhv avr tools/bin/../lib/gcc/avr/4.8.2/../../../../avr/lib/avr51/crtusb1287.o
LOAD obj_gh60_lufa/keymap_poker.o
LOAD obj_gh60_lufa/keymap_common.o
LOAD obj_gh60_lufa/matrix.o
LOAD obj_gh60_lufa/led.o
LOAD obj_gh60_lufa/protocol/lufa/lufa.o
LOAD obj_gh60_lufa/protocol/lufa/descriptor.o
LOAD obj_gh60_lufa/protocol/lufa/LUFA-git/LUFA/Drivers/USB/Class/Common/HIDParser.o
LOAD obj_gh60_lufa/protocol/lufa/LUFA-git/LUFA/Drivers/USB/Core/AVR8/Device_AVR8.o
LOAD obj_gh60_lufa/protocol/lufa/LUFA-git/LUFA/Drivers/USB/Core/AVR8/EndpointStream_AVR8.o
LOAD obj_gh60_lufa/protocol/lufa/LUFA-git/LUFA/Drivers/USB/Core/AVR8/Endpoint_AVR8.o
LOAD obj_gh60_lufa/protocol/lufa/LUFA-git/LUFA/Drivers/USB/Core/AVR8/Host_AVR8.o
LOAD obj_gh60_lufa/protocol/lufa/LUFA-git/LUFA/Drivers/USB/Core/AVR8/PipeStream_AVR8.o
LOAD obj_gh60_lufa/protocol/lufa/LUFA-git/LUFA/Drivers/USB/Core/AVR8/Pipe_AVR8.o
LOAD obj_gh60_lufa/protocol/lufa/LUFA-git/LUFA/Drivers/USB/Core/AVR8/USBController_AVR8.o
LOAD obj_gh60_lufa/protocol/lufa/LUFA-git/LUFA/Drivers/USB/Core/AVR8/USBInterrupt_AVR8.o
LOAD obj_gh60_lufa/protocol/lufa/LUFA-git/LUFA/Drivers/USB/Core/ConfigDescriptors.o
LOAD obj_gh60_lufa/protocol/lufa/LUFA-git/LUFA/Drivers/USB/Core/DeviceStandardReq.o
LOAD obj_gh60_lufa/protocol/lufa/LUFA-git/LUFA/Drivers/USB/Core/Events.o
LOAD obj_gh60_lufa/protocol/lufa/LUFA-git/LUFA/Drivers/USB/Core/HostStandardReq.o
LOAD obj_gh60_lufa/protocol/lufa/LUFA-git/LUFA/Drivers/USB/Core/USBTask.o
LOAD obj_gh60_lufa/common/host.o
LOAD obj_gh60_lufa/common/keyboard.o
LOAD obj_gh60_lufa/common/action.o
LOAD obj_gh60_lufa/common/action_tapping.o
LOAD obj_gh60_lufa/common/action_macro.o
LOAD obj_gh60_lufa/common/action_layer.o
LOAD obj_gh60_lufa/common/action_util.o
LOAD obj_gh60_lufa/common/print.o
LOAD obj_gh60_lufa/common/debug.o
LOAD obj_gh60_lufa/common/util.o
LOAD obj_gh60_lufa/common/hook.o
LOAD obj_gh60_lufa/common/avr/suspend.o
LOAD obj_gh60_lufa/common/avr/xprintf.o
LOAD obj_gh60_lufa/common/avr/timer.o
LOAD obj_gh60_lufa/common/avr/bootloader.o
LOAD obj_gh60_lufa/common/keymap.o
LOAD obj_gh60_lufa/common/bootmagic.o
LOAD obj_gh60_lufa/common/avr/eeconfig.o
LOAD obj_gh60_lufa/common/mousekey.o
LOAD obj_gh60_lufa/common/command.o
LOAD c:/program files (x86)/mhv avr tools/bin/../lib/gcc/avr/4.8.2/../../../../avr/lib/avr51\libm.a
START GROUP
LOAD c:/program files (x86)/mhv avr tools/bin/../lib/gcc/avr/4.8.2/avr51\libgcc.a
LOAD c:/program files (x86)/mhv avr tools/bin/../lib/gcc/avr/4.8.2/../../../../avr/lib/avr51\libm.a
LOAD c:/program files (x86)/mhv avr tools/bin/../lib/gcc/avr/4.8.2/../../../../avr/lib/avr51\libc.a
END GROUP

.hash
 *(.hash)

.dynsym
 *(.dynsym)

.dynstr
 *(.dynstr)

.gnu.version
 *(.gnu.version)

.gnu.version_d
 *(.gnu.version_d)

.gnu.version_r
 *(.gnu.version_r)

.rel.init
 *(.rel.init)

.rela.init
 *(.rela.init)

.rel.text
 *(.rel.text)
 *(.rel.text.*)
 *(.rel.gnu.linkonce.t*)

.rela.text
 *(.rela.text)
 *(.rela.text.*)
 *(.rela.gnu.linkonce.t*)

.rel.fini
 *(.rel.fini)

.rela.fini
 *(.rela.fini)

.rel.rodata
 *(.rel.rodata)
 *(.rel.rodata.*)
 *(.rel.gnu.linkonce.r*)

.rela.rodata
 *(.rela.rodata)
 *(.rela.rodata.*)
 *(.rela.gnu.linkonce.r*)

.rel.data
 *(.rel.data)
 *(.rel.data.*)
 *(.rel.gnu.linkonce.d*)

.rela.data
 *(.rela.data)
 *(.rela.data.*)
 *(.rela.gnu.linkonce.d*)

.rel.ctors
 *(.rel.ctors)

.rela.ctors
 *(.rela.ctors)

.rel.dtors
 *(.rel.dtors)

.rela.dtors
 *(.rela.dtors)

.rel.got
 *(.rel.got)

.rela.got
 *(.rela.got)

.rel.bss
 *(.rel.bss)

.rela.bss
 *(.rela.bss)

.rel.plt
 *(.rel.plt)

.rela.plt
 *(.rela.plt)

.text           0x00000000     0x50c4
 *(.vectors)
 .vectors       0x00000000       0x98 c:/program files (x86)/mhv avr tools/bin/../lib/gcc/avr/4.8.2/../../../../avr/lib/avr51/crtusb1287.o
                0x00000000                __vector_default
                0x00000000                __vectors
 *(.vectors)
 *(.progmem.gcc*)
 .progmem.gcc_sw_table.USB_Device_ProcessControlRequest
                0x00000098       0x14 obj_gh60_lufa/protocol/lufa/LUFA-git/LUFA/Drivers/USB/Core/DeviceStandardReq.o
 .progmem.gcc_sw_table.process_action
                0x000000ac       0x20 obj_gh60_lufa/common/action.o
                0x000000cc                . = ALIGN (0x2)
                0x000000cc                __trampolines_start = .
 *(.trampolines)
 .trampolines   0x000000cc        0x0 linker stubs
 *(.trampolines*)
                0x000000cc                __trampolines_end = .
 *(.progmem*)
 .progmem.data.fn_actions
                0x000000cc       0x12 obj_gh60_lufa/keymap_poker.o
                0x000000cc                fn_actions
 .progmem.data.keymaps
                0x000000de        0xf obj_gh60_lufa/keymap_poker.o
                0x000000de                keymaps
 .progmem.data.__c.1891
                0x000000ed        0x2 obj_gh60_lufa/matrix.o
 .progmem.data.__c.1889
                0x000000ef        0x6 obj_gh60_lufa/matrix.o
 .progmem.data.__c.1887
                0x000000f5        0x3 obj_gh60_lufa/matrix.o
 .progmem.data.__c.1885
                0x000000f8        0x5 obj_gh60_lufa/matrix.o
 .progmem.data.__c.1882
                0x000000fd       0x17 obj_gh60_lufa/matrix.o
 .progmem.data.__c.1860
                0x00000114        0x2 obj_gh60_lufa/matrix.o
 .progmem.data.__c.1858
                0x00000116        0x5 obj_gh60_lufa/matrix.o
 .progmem.data.__c.1856
                0x0000011b        0xa obj_gh60_lufa/matrix.o
 .progmem.data.__c.4756
                0x00000125        0x4 obj_gh60_lufa/protocol/lufa/lufa.o
 .progmem.data.__c.4754
                0x00000129       0x11 obj_gh60_lufa/protocol/lufa/lufa.o
 .progmem.data.__c.4752
                0x0000013a       0x11 obj_gh60_lufa/protocol/lufa/lufa.o
 .progmem.data.__c.4654
                0x0000014b        0x4 obj_gh60_lufa/protocol/lufa/lufa.o
 .progmem.data.__c.4650
                0x0000014f        0x4 obj_gh60_lufa/protocol/lufa/lufa.o
 .progmem.data.__c.4646
                0x00000153        0x4 obj_gh60_lufa/protocol/lufa/lufa.o
 .progmem.data.__c.4641
                0x00000157        0x4 obj_gh60_lufa/protocol/lufa/lufa.o
 .progmem.data.__c.4636
                0x0000015b        0x4 obj_gh60_lufa/protocol/lufa/lufa.o
 .progmem.data.ProductString
                0x0000015f        0xc obj_gh60_lufa/protocol/lufa/descriptor.o
                0x0000015f                ProductString
 .progmem.data.ManufacturerString
                0x0000016b       0x14 obj_gh60_lufa/protocol/lufa/descriptor.o
                0x0000016b                ManufacturerString
 .progmem.data.LanguageString
                0x0000017f        0x4 obj_gh60_lufa/protocol/lufa/descriptor.o
                0x0000017f                LanguageString
 .progmem.data.ConfigurationDescriptor
                0x00000183       0x74 obj_gh60_lufa/protocol/lufa/descriptor.o
                0x00000183                ConfigurationDescriptor
 .progmem.data.DeviceDescriptor
                0x000001f7       0x12 obj_gh60_lufa/protocol/lufa/descriptor.o
                0x000001f7                DeviceDescriptor
 .progmem.data.ConsoleReport
                0x00000209       0x20 obj_gh60_lufa/protocol/lufa/descriptor.o
                0x00000209                ConsoleReport
 .progmem.data.ExtrakeyReport
                0x00000229       0x36 obj_gh60_lufa/protocol/lufa/descriptor.o
                0x00000229                ExtrakeyReport
 .progmem.data.MouseReport
                0x0000025f       0x4d obj_gh60_lufa/protocol/lufa/descriptor.o
                0x0000025f                MouseReport
 .progmem.data.KeyboardReport
                0x000002ac       0x3f obj_gh60_lufa/protocol/lufa/descriptor.o
                0x000002ac                KeyboardReport
 .progmem.data.__c.1996
                0x000002eb        0x2 obj_gh60_lufa/common/host.o
 .progmem.data.__c.1991
                0x000002ed        0x6 obj_gh60_lufa/common/host.o
 .progmem.data.__c.1988
                0x000002f3       0x12 obj_gh60_lufa/common/host.o
 .progmem.data.__c.2350
                0x00000305        0xb obj_gh60_lufa/common/keyboard.o
 .progmem.data.__c.2425
                0x00000310        0x7 obj_gh60_lufa/common/bootmagic.o
 .progmem.data.__c.2419
                0x00000317       0x15 obj_gh60_lufa/common/bootmagic.o
 .progmem.data.__c.2069
                0x0000032c        0x3 obj_gh60_lufa/common/mousekey.o
 .progmem.data.__c.2067
                0x0000032f        0x3 obj_gh60_lufa/common/mousekey.o
 .progmem.data.__c.2065
                0x00000332        0x2 obj_gh60_lufa/common/mousekey.o
 .progmem.data.__c.2063
                0x00000334        0x3 obj_gh60_lufa/common/mousekey.o
 .progmem.data.__c.2061
                0x00000337        0x3 obj_gh60_lufa/common/mousekey.o
 .progmem.data.__c.2059
                0x0000033a        0x3 obj_gh60_lufa/common/mousekey.o
 .progmem.data.__c.2057
                0x0000033d        0x2 obj_gh60_lufa/common/mousekey.o
 .progmem.data.__c.2055
                0x0000033f        0x3 obj_gh60_lufa/common/mousekey.o
 .progmem.data.__c.2053
                0x00000342        0x2 obj_gh60_lufa/common/mousekey.o
 .progmem.data.__c.2051
                0x00000344        0x3 obj_gh60_lufa/common/mousekey.o
 .progmem.data.__c.2049
                0x00000347        0x2 obj_gh60_lufa/common/mousekey.o
 .progmem.data.__c.2047
                0x00000349        0x3 obj_gh60_lufa/common/mousekey.o
 .progmem.data.__c.2045
                0x0000034c        0x2 obj_gh60_lufa/common/mousekey.o
 .progmem.data.__c.2043
                0x0000034e        0x5 obj_gh60_lufa/common/mousekey.o
 .progmem.data.__c.2041
                0x00000353       0x23 obj_gh60_lufa/common/mousekey.o
 .progmem.data.__c.2784
                0x00000376       0x1b obj_gh60_lufa/common/command.o
 .progmem.data.__c.2781
                0x00000391       0x19 obj_gh60_lufa/common/command.o
 .progmem.data.__c.2778
                0x000003aa       0x15 obj_gh60_lufa/common/command.o
 .progmem.data.__c.2775
                0x000003bf       0x13 obj_gh60_lufa/common/command.o
 .progmem.data.__c.2772
                0x000003d2       0x12 obj_gh60_lufa/common/command.o
 .progmem.data.__c.2768
                0x000003e4        0xf obj_gh60_lufa/common/command.o
 .progmem.data.__c.2761
                0x000003f3       0x1b obj_gh60_lufa/common/command.o
 .progmem.data.__c.2758
                0x0000040e       0x19 obj_gh60_lufa/common/command.o
 .progmem.data.__c.2755
                0x00000427       0x15 obj_gh60_lufa/common/command.o
 .progmem.data.__c.2752
                0x0000043c       0x13 obj_gh60_lufa/common/command.o
 .progmem.data.__c.2749
                0x0000044f       0x12 obj_gh60_lufa/common/command.o
 .progmem.data.__c.2745
                0x00000461        0xf obj_gh60_lufa/common/command.o
 .progmem.data.__c.2738
                0x00000470        0x2 obj_gh60_lufa/common/command.o
 .progmem.data.__c.2736
                0x00000472        0x3 obj_gh60_lufa/common/command.o
 .progmem.data.__c.2734
                0x00000475       0x17 obj_gh60_lufa/common/command.o
 .progmem.data.__c.2732
                0x0000048c        0x2 obj_gh60_lufa/common/command.o
 .progmem.data.__c.2730
                0x0000048e        0x3 obj_gh60_lufa/common/command.o
 .progmem.data.__c.2728
                0x00000491       0x15 obj_gh60_lufa/common/command.o
 .progmem.data.__c.2726
                0x000004a6        0x2 obj_gh60_lufa/common/command.o
 .progmem.data.__c.2724
                0x000004a8        0x3 obj_gh60_lufa/common/command.o
 .progmem.data.__c.2722
                0x000004ab       0x11 obj_gh60_lufa/common/command.o
 .progmem.data.__c.2720
                0x000004bc        0x2 obj_gh60_lufa/common/command.o
 .progmem.data.__c.2718
                0x000004be        0x3 obj_gh60_lufa/common/command.o
 .progmem.data.__c.2716
                0x000004c1        0xf obj_gh60_lufa/common/command.o
 .progmem.data.__c.2714
                0x000004d0        0x2 obj_gh60_lufa/common/command.o
 .progmem.data.__c.2712
                0x000004d2        0x3 obj_gh60_lufa/common/command.o
 .progmem.data.__c.2710
                0x000004d5       0x12 obj_gh60_lufa/common/command.o
 .progmem.data.__c.2708
                0x000004e7        0x2 obj_gh60_lufa/common/command.o
 .progmem.data.__c.2706
                0x000004e9        0x3 obj_gh60_lufa/common/command.o
 .progmem.data.__c.2704
                0x000004ec       0x12 obj_gh60_lufa/common/command.o
 .progmem.data.__c.2702
                0x000004fe        0xe obj_gh60_lufa/common/command.o
 .progmem.data.__c.2822
                0x0000050c        0x3 obj_gh60_lufa/common/command.o
 .progmem.data.__c.2820
                0x0000050f        0x6 obj_gh60_lufa/common/command.o
 .progmem.data.__c.2818
                0x00000515        0x2 obj_gh60_lufa/common/command.o
 .progmem.data.__c.2815
                0x00000517        0xd obj_gh60_lufa/common/command.o
 .progmem.data.__c.2801
                0x00000524        0x4 obj_gh60_lufa/common/command.o
 .progmem.data.__c.2791
                0x00000528       0x4e obj_gh60_lufa/common/command.o
 .progmem.data.__c.2789
                0x00000576       0xfb obj_gh60_lufa/common/command.o
 .progmem.data.__c.2694
                0x00000671        0x2 obj_gh60_lufa/common/command.o
 .progmem.data.__c.2691
                0x00000673        0x4 obj_gh60_lufa/common/command.o
 .progmem.data.__c.2696
                0x00000677        0x4 obj_gh60_lufa/common/command.o
 .progmem.data.__c.2840
                0x0000067b        0x5 obj_gh60_lufa/common/command.o
 .progmem.data.__c.2680
                0x00000680       0x27 obj_gh60_lufa/common/command.o
 .progmem.data.__c.2512
                0x000006a7       0x9d obj_gh60_lufa/common/command.o
 .progmem.data.__c.2607
                0x00000744        0x2 obj_gh60_lufa/common/command.o
 .progmem.data.__c.2605
                0x00000746        0x3 obj_gh60_lufa/common/command.o
 .progmem.data.__c.2603
                0x00000749        0x8 obj_gh60_lufa/common/command.o
 .progmem.data.__c.2601
                0x00000751        0x2 obj_gh60_lufa/common/command.o
 .progmem.data.__c.2599
                0x00000753        0x3 obj_gh60_lufa/common/command.o
 .progmem.data.__c.2597
                0x00000756       0x1c obj_gh60_lufa/common/command.o
 .progmem.data.__c.2595
                0x00000772        0x2 obj_gh60_lufa/common/command.o
 .progmem.data.__c.2593
                0x00000774        0x3 obj_gh60_lufa/common/command.o
 .progmem.data.__c.2591
                0x00000777       0x12 obj_gh60_lufa/common/command.o
 .progmem.data.__c.2589
                0x00000789        0x2 obj_gh60_lufa/common/command.o
 .progmem.data.__c.2587
                0x0000078b        0x3 obj_gh60_lufa/common/command.o
 .progmem.data.__c.2585
                0x0000078e        0xa obj_gh60_lufa/common/command.o
 .progmem.data.__c.2583
                0x00000798        0x2 obj_gh60_lufa/common/command.o
 .progmem.data.__c.2581
                0x0000079a        0x3 obj_gh60_lufa/common/command.o
 .progmem.data.__c.2579
                0x0000079d       0x12 obj_gh60_lufa/common/command.o
 .progmem.data.__c.2577
                0x000007af        0x2 obj_gh60_lufa/common/command.o
 .progmem.data.__c.2575
                0x000007b1        0x3 obj_gh60_lufa/common/command.o
 .progmem.data.__c.2573
                0x000007b4       0x12 obj_gh60_lufa/common/command.o
 .progmem.data.__c.2571
                0x000007c6        0x2 obj_gh60_lufa/common/command.o
 .progmem.data.__c.2569
                0x000007c8        0x3 obj_gh60_lufa/common/command.o
 .progmem.data.__c.2567
                0x000007cb       0x17 obj_gh60_lufa/common/command.o
 .progmem.data.__c.2565
                0x000007e2        0x2 obj_gh60_lufa/common/command.o
 .progmem.data.__c.2563
                0x000007e4        0x3 obj_gh60_lufa/common/command.o
 .progmem.data.__c.2561
                0x000007e7       0x19 obj_gh60_lufa/common/command.o
 .progmem.data.__c.2559
                0x00000800        0x2 obj_gh60_lufa/common/command.o
 .progmem.data.__c.2557
                0x00000802        0x5 obj_gh60_lufa/common/command.o
 .progmem.data.__c.2555
                0x00000807       0x14 obj_gh60_lufa/common/command.o
 .progmem.data.__c.2552
                0x0000081b        0x2 obj_gh60_lufa/common/command.o
 .progmem.data.__c.2550
                0x0000081d        0x3 obj_gh60_lufa/common/command.o
 .progmem.data.__c.2548
                0x00000820        0x9 obj_gh60_lufa/common/command.o
 .progmem.data.__c.2546
                0x00000829        0x2 obj_gh60_lufa/common/command.o
 .progmem.data.__c.2544
                0x0000082b        0x3 obj_gh60_lufa/common/command.o
 .progmem.data.__c.2542
                0x0000082e        0xc obj_gh60_lufa/common/command.o
 .progmem.data.__c.2540
                0x0000083a        0x2 obj_gh60_lufa/common/command.o
 .progmem.data.__c.2538
                0x0000083c        0x3 obj_gh60_lufa/common/command.o
 .progmem.data.__c.2536
                0x0000083f        0xa obj_gh60_lufa/common/command.o
 .progmem.data.__c.2534
                0x00000849        0x2 obj_gh60_lufa/common/command.o
 .progmem.data.__c.2532
                0x0000084b        0x3 obj_gh60_lufa/common/command.o
 .progmem.data.__c.2530
                0x0000084e        0xa obj_gh60_lufa/common/command.o
 .progmem.data.__c.2528
                0x00000858        0x2 obj_gh60_lufa/common/command.o
 .progmem.data.__c.2526
                0x0000085a        0x5 obj_gh60_lufa/common/command.o
 .progmem.data.__c.2524
                0x0000085f       0x13 obj_gh60_lufa/common/command.o
 .progmem.data.__c.2521
                0x00000872        0x2 obj_gh60_lufa/common/command.o
 .progmem.data.__c.2519
                0x00000874        0x3 obj_gh60_lufa/common/command.o
 .progmem.data.__c.2517
                0x00000877       0x10 obj_gh60_lufa/common/command.o
 .progmem.data.__c.2675
                0x00000887        0x2 obj_gh60_lufa/common/command.o
 .progmem.data.__c.2666
                0x00000889       0x17 obj_gh60_lufa/common/command.o
 .progmem.data.__c.2664
                0x000008a0       0x13 obj_gh60_lufa/common/command.o
 .progmem.data.__c.2662
                0x000008b3       0x17 obj_gh60_lufa/common/command.o
 .progmem.data.__c.2660
                0x000008ca       0x1a obj_gh60_lufa/common/command.o
 .progmem.data.__c.2658
                0x000008e4        0xe obj_gh60_lufa/common/command.o
 .progmem.data.__c.2655
                0x000008f2       0x2f obj_gh60_lufa/common/command.o
 .progmem.data.__c.2653
                0x00000921       0x40 obj_gh60_lufa/common/command.o
 .progmem.data.__c.2651
                0x00000961       0x2d obj_gh60_lufa/common/command.o
 .progmem.data.__c.2649
                0x0000098e       0x35 obj_gh60_lufa/common/command.o
 .progmem.data.__c.2647
                0x000009c3       0x29 obj_gh60_lufa/common/command.o
 .progmem.data.__c.2645
                0x000009ec        0xf obj_gh60_lufa/common/command.o
 .progmem.data.__c.2642
                0x000009fb        0xd obj_gh60_lufa/common/command.o
 .progmem.data.__c.2640
                0x00000a08        0xc obj_gh60_lufa/common/command.o
 .progmem.data.__c.2637
                0x00000a14       0x10 obj_gh60_lufa/common/command.o
 .progmem.data.__c.2635
                0x00000a24        0xf obj_gh60_lufa/common/command.o
 .progmem.data.__c.2632
                0x00000a33        0xe obj_gh60_lufa/common/command.o
 .progmem.data.__c.2630
                0x00000a41        0xd obj_gh60_lufa/common/command.o
 .progmem.data.__c.2627
                0x00000a4e        0xc obj_gh60_lufa/common/command.o
 .progmem.data.__c.2625
                0x00000a5a        0xd obj_gh60_lufa/common/command.o
 .progmem.data.__c.2622
                0x00000a67       0x11 obj_gh60_lufa/common/command.o
 .progmem.data.__c.2619
                0x00000a78        0x4 obj_gh60_lufa/common/command.o
 .progmem.data.__c.2613
                0x00000a7c        0xb obj_gh60_lufa/common/command.o
                0x00000a88                . = ALIGN (0x2)
 *fill*         0x00000a87        0x1 
 *(.jumptables)
 *(.jumptables*)
 *(.lowtext)
 *(.lowtext*)
                0x00000a88                __ctors_start = .
 *(.ctors)
                0x00000a88                __ctors_end = .
                0x00000a88                __dtors_start = .
 *(.dtors)
                0x00000a88                __dtors_end = .
 SORT(*)(.ctors)
 SORT(*)(.dtors)
 *(.init0)
 .init0         0x00000a88        0x0 c:/program files (x86)/mhv avr tools/bin/../lib/gcc/avr/4.8.2/../../../../avr/lib/avr51/crtusb1287.o
                0x00000a88                __init
 *(.init0)
 *(.init1)
 *(.init1)
 *(.init2)
 .init2         0x00000a88        0xc c:/program files (x86)/mhv avr tools/bin/../lib/gcc/avr/4.8.2/../../../../avr/lib/avr51/crtusb1287.o
 *(.init2)
 *(.init3)
 .init3         0x00000a94       0x4e obj_gh60_lufa/common/avr/bootloader.o
                0x00000a94                bootloader_jump_after_watchdog_reset
 *(.init3)
 *(.init4)
 .init4         0x00000ae2       0x1a c:/program files (x86)/mhv avr tools/bin/../lib/gcc/avr/4.8.2/avr51\libgcc.a(_copy_data.o)
                0x00000ae2                __do_copy_data
 .init4         0x00000afc       0x10 c:/program files (x86)/mhv avr tools/bin/../lib/gcc/avr/4.8.2/avr51\libgcc.a(_clear_bss.o)
                0x00000afc                __do_clear_bss
 *(.init4)
 *(.init5)
 *(.init5)
 *(.init6)
 *(.init6)
 *(.init7)
 *(.init7)
 *(.init8)
 *(.init8)
 *(.init9)
 .init9         0x00000b0c        0x8 c:/program files (x86)/mhv avr tools/bin/../lib/gcc/avr/4.8.2/../../../../avr/lib/avr51/crtusb1287.o
 *(.init9)
 *(.text)
 .text          0x00000b14        0x4 c:/program files (x86)/mhv avr tools/bin/../lib/gcc/avr/4.8.2/../../../../avr/lib/avr51/crtusb1287.o
                0x00000b14                __vector_22
                0x00000b14                __vector_28
                0x00000b14                __vector_1
                0x00000b14                __vector_32
                0x00000b14                __vector_34
                0x00000b14                __vector_24
                0x00000b14                __bad_interrupt
                0x00000b14                __vector_6
                0x00000b14                __vector_31
                0x00000b14                __vector_35
                0x00000b14                __vector_3
                0x00000b14                __vector_23
                0x00000b14                __vector_30
                0x00000b14                __vector_25
                0x00000b14                __vector_13
                0x00000b14                __vector_17
                0x00000b14                __vector_19
                0x00000b14                __vector_7
                0x00000b14                __vector_27
                0x00000b14                __vector_5
                0x00000b14                __vector_33
                0x00000b14                __vector_37
                0x00000b14                __vector_4
                0x00000b14                __vector_9
                0x00000b14                __vector_2
                0x00000b14                __vector_15
                0x00000b14                __vector_36
                0x00000b14                __vector_29
                0x00000b14                __vector_8
                0x00000b14                __vector_26
                0x00000b14                __vector_14
                0x00000b14                __vector_16
                0x00000b14                __vector_18
                0x00000b14                __vector_20
 .text          0x00000b18      0x15c obj_gh60_lufa/common/avr/xprintf.o
                0x00000b18                xputc
                0x00000b30                xputs
                0x00000b3e                xitoa
                0x00000c62                __xprintf
                0x00000c74                . = ALIGN (0x2)
 *(.text.*)
 .text.keymap_key_to_keycode
                0x00000c74       0x1e obj_gh60_lufa/keymap_common.o
                0x00000c74                keymap_key_to_keycode
 .text.keymap_fn_to_action
                0x00000c92       0x12 obj_gh60_lufa/keymap_common.o
                0x00000c92                keymap_fn_to_action
 .text.unselect_rows
                0x00000ca4        0xe obj_gh60_lufa/matrix.o
 .text.matrix_init
                0x00000cb2       0x6a obj_gh60_lufa/matrix.o
                0x00000cb2                matrix_init
 .text.matrix_scan
                0x00000d1c      0x126 obj_gh60_lufa/matrix.o
                0x00000d1c                matrix_scan
 .text.matrix_get_row
                0x00000e42        0xc obj_gh60_lufa/matrix.o
                0x00000e42                matrix_get_row
 .text.matrix_print
                0x00000e4e       0x8e obj_gh60_lufa/matrix.o
                0x00000e4e                matrix_print
 .text.led_set  0x00000edc        0xe obj_gh60_lufa/led.o
                0x00000edc                led_set
 .text.keyboard_leds
                0x00000eea        0x6 obj_gh60_lufa/protocol/lufa/lufa.o
 .text.sendchar
                0x00000ef0       0xc8 obj_gh60_lufa/protocol/lufa/lufa.o
                0x00000ef0                sendchar
 .text.send_consumer
                0x00000fb8       0x66 obj_gh60_lufa/protocol/lufa/lufa.o
 .text.send_system
                0x0000101e       0x68 obj_gh60_lufa/protocol/lufa/lufa.o
 .text.send_mouse
                0x00001086       0x46 obj_gh60_lufa/protocol/lufa/lufa.o
 .text.send_keyboard
                0x000010cc       0x62 obj_gh60_lufa/protocol/lufa/lufa.o
 .text.EVENT_USB_Device_Connect
                0x0000112e       0x24 obj_gh60_lufa/protocol/lufa/lufa.o
                0x0000112e                EVENT_USB_Device_Connect
 .text.EVENT_USB_Device_Disconnect
                0x00001152        0xe obj_gh60_lufa/protocol/lufa/lufa.o
                0x00001152                EVENT_USB_Device_Disconnect
 .text.EVENT_USB_Device_Reset
                0x00001160        0x8 obj_gh60_lufa/protocol/lufa/lufa.o
                0x00001160                EVENT_USB_Device_Reset
 .text.EVENT_USB_Device_StartOfFrame
                0x00001168       0x80 obj_gh60_lufa/protocol/lufa/lufa.o
                0x00001168                EVENT_USB_Device_StartOfFrame
 .text.EVENT_USB_Device_ConfigurationChanged
                0x000011e8       0x28 obj_gh60_lufa/protocol/lufa/lufa.o
                0x000011e8                EVENT_USB_Device_ConfigurationChanged
 .text.EVENT_USB_Device_ControlRequest
                0x00001210      0x160 obj_gh60_lufa/protocol/lufa/lufa.o
                0x00001210                EVENT_USB_Device_ControlRequest
 .text.hook_early_init
                0x00001370        0x2 obj_gh60_lufa/protocol/lufa/lufa.o
                0x00001370                hook_early_init
 .text.hook_late_init
                0x00001372        0x2 obj_gh60_lufa/protocol/lufa/lufa.o
                0x00001372                hook_late_init
 .text.hook_usb_suspend_entry
                0x00001374        0x2 obj_gh60_lufa/protocol/lufa/lufa.o
                0x00001374                hook_usb_suspend_entry
 .text.EVENT_USB_Device_Suspend
                0x00001376        0xc obj_gh60_lufa/protocol/lufa/lufa.o
                0x00001376                EVENT_USB_Device_Suspend
 .text.hook_usb_suspend_loop
                0x00001382       0x18 obj_gh60_lufa/protocol/lufa/lufa.o
                0x00001382                hook_usb_suspend_loop
 .text.startup.main
                0x0000139a       0x90 obj_gh60_lufa/protocol/lufa/lufa.o
                0x0000139a                main
 .text.hook_usb_wakeup
                0x0000142a        0x4 obj_gh60_lufa/protocol/lufa/lufa.o
                0x0000142a                hook_usb_wakeup
 .text.EVENT_USB_Device_WakeUp
                0x0000142e        0xc obj_gh60_lufa/protocol/lufa/lufa.o
                0x0000142e                EVENT_USB_Device_WakeUp
 .text.CALLBACK_USB_GetDescriptor
                0x0000143a       0xb2 obj_gh60_lufa/protocol/lufa/descriptor.o
                0x0000143a                CALLBACK_USB_GetDescriptor
 .text.USB_Device_SendRemoteWakeup
                0x000014ec       0x2c obj_gh60_lufa/protocol/lufa/LUFA-git/LUFA/Drivers/USB/Core/AVR8/Device_AVR8.o
                0x000014ec                USB_Device_SendRemoteWakeup
 .text.Endpoint_Write_Stream_LE
                0x00001518       0x92 obj_gh60_lufa/protocol/lufa/LUFA-git/LUFA/Drivers/USB/Core/AVR8/EndpointStream_AVR8.o
                0x00001518                Endpoint_Write_Stream_LE
 .text.Endpoint_Write_Control_Stream_LE
                0x000015aa       0xba obj_gh60_lufa/protocol/lufa/LUFA-git/LUFA/Drivers/USB/Core/AVR8/EndpointStream_AVR8.o
                0x000015aa                Endpoint_Write_Control_Stream_LE
 .text.Endpoint_Write_Control_PStream_LE
                0x00001664       0xc0 obj_gh60_lufa/protocol/lufa/LUFA-git/LUFA/Drivers/USB/Core/AVR8/EndpointStream_AVR8.o
                0x00001664                Endpoint_Write_Control_PStream_LE
 .text.Endpoint_ConfigureEndpoint_Prv
                0x00001724       0x6a obj_gh60_lufa/protocol/lufa/LUFA-git/LUFA/Drivers/USB/Core/AVR8/Endpoint_AVR8.o
                0x00001724                Endpoint_ConfigureEndpoint_Prv
 .text.Endpoint_ClearStatusStage
                0x0000178e       0x42 obj_gh60_lufa/protocol/lufa/LUFA-git/LUFA/Drivers/USB/Core/AVR8/Endpoint_AVR8.o
                0x0000178e                Endpoint_ClearStatusStage
 .text.Endpoint_WaitUntilReady
                0x000017d0       0x60 obj_gh60_lufa/protocol/lufa/LUFA-git/LUFA/Drivers/USB/Core/AVR8/Endpoint_AVR8.o
                0x000017d0                Endpoint_WaitUntilReady
 .text.USB_Disable
                0x00001830       0x34 obj_gh60_lufa/protocol/lufa/LUFA-git/LUFA/Drivers/USB/Core/AVR8/USBController_AVR8.o
                0x00001830                USB_Disable
 .text.USB_ResetInterface
                0x00001864       0x90 obj_gh60_lufa/protocol/lufa/LUFA-git/LUFA/Drivers/USB/Core/AVR8/USBController_AVR8.o
                0x00001864                USB_ResetInterface
 .text.USB_Init
                0x000018f4       0x1e obj_gh60_lufa/protocol/lufa/LUFA-git/LUFA/Drivers/USB/Core/AVR8/USBController_AVR8.o
                0x000018f4                USB_Init
 .text.USB_INT_DisableAllInterrupts
                0x00001912       0x10 obj_gh60_lufa/protocol/lufa/LUFA-git/LUFA/Drivers/USB/Core/AVR8/USBInterrupt_AVR8.o
                0x00001912                USB_INT_DisableAllInterrupts
 .text.USB_INT_ClearAllInterrupts
                0x00001922        0xa obj_gh60_lufa/protocol/lufa/LUFA-git/LUFA/Drivers/USB/Core/AVR8/USBInterrupt_AVR8.o
                0x00001922                USB_INT_ClearAllInterrupts
 .text.__vector_10
                0x0000192c      0x1ac obj_gh60_lufa/protocol/lufa/LUFA-git/LUFA/Drivers/USB/Core/AVR8/USBInterrupt_AVR8.o
                0x0000192c                __vector_10
 .text.__vector_11
                0x00001ad8       0x80 obj_gh60_lufa/protocol/lufa/LUFA-git/LUFA/Drivers/USB/Core/AVR8/USBInterrupt_AVR8.o
                0x00001ad8                __vector_11
 .text.USB_Device_ProcessControlRequest
                0x00001b58      0x29c obj_gh60_lufa/protocol/lufa/LUFA-git/LUFA/Drivers/USB/Core/DeviceStandardReq.o
                0x00001b58                USB_Device_ProcessControlRequest
 .text.host_set_driver
                0x00001df4        0xa obj_gh60_lufa/common/host.o
                0x00001df4                host_set_driver
 .text.host_keyboard_leds
                0x00001dfe       0x18 obj_gh60_lufa/common/host.o
                0x00001dfe                host_keyboard_leds
 .text.host_keyboard_send
                0x00001e16       0x8a obj_gh60_lufa/common/host.o
                0x00001e16                host_keyboard_send
 .text.host_mouse_send
                0x00001ea0       0x16 obj_gh60_lufa/common/host.o
                0x00001ea0                host_mouse_send
 .text.host_system_send
                0x00001eb6       0x2c obj_gh60_lufa/common/host.o
                0x00001eb6                host_system_send
 .text.host_consumer_send
                0x00001ee2       0x2c obj_gh60_lufa/common/host.o
                0x00001ee2                host_consumer_send
 .text.matrix_setup
                0x00001f0e        0x2 obj_gh60_lufa/common/keyboard.o
                0x00001f0e                matrix_setup
 .text.keyboard_setup
                0x00001f10        0x4 obj_gh60_lufa/common/keyboard.o
                0x00001f10                keyboard_setup
 .text.keyboard_init
                0x00001f14        0xc obj_gh60_lufa/common/keyboard.o
                0x00001f14                keyboard_init
 .text.keyboard_task
                0x00001f20      0x17a obj_gh60_lufa/common/keyboard.o
                0x00001f20                keyboard_task
 .text.keyboard_set_leds
                0x0000209a        0x4 obj_gh60_lufa/common/keyboard.o
                0x0000209a                keyboard_set_leds
 .text.action_exec
                0x0000209e       0x84 obj_gh60_lufa/common/action.o
                0x0000209e                action_exec
 .text.register_code
                0x00002122      0x1a6 obj_gh60_lufa/common/action.o
                0x00002122                register_code
 .text.unregister_code
                0x000022c8       0x9e obj_gh60_lufa/common/action.o
                0x000022c8                unregister_code
 .text.register_mods
                0x00002366        0xe obj_gh60_lufa/common/action.o
                0x00002366                register_mods
 .text.unregister_mods
                0x00002374        0xe obj_gh60_lufa/common/action.o
                0x00002374                unregister_mods
 .text.process_action
                0x00002382      0x61a obj_gh60_lufa/common/action.o
                0x00002382                process_action
 .text.clear_keyboard_but_mods
                0x0000299c       0x24 obj_gh60_lufa/common/action.o
                0x0000299c                clear_keyboard_but_mods
 .text.clear_keyboard
                0x000029c0        0x8 obj_gh60_lufa/common/action.o
                0x000029c0                clear_keyboard
 .text.is_tap_key
                0x000029c8       0x4a obj_gh60_lufa/common/action.o
                0x000029c8                is_tap_key
 .text.debug_event
                0x00002a12       0x1e obj_gh60_lufa/common/action.o
                0x00002a12                debug_event
 .text.debug_record
                0x00002a30       0x20 obj_gh60_lufa/common/action.o
                0x00002a30                debug_record
 .text.debug_waiting_buffer
                0x00002a50       0x42 obj_gh60_lufa/common/action_tapping.o
 .text.debug_tapping_key
                0x00002a92       0x1c obj_gh60_lufa/common/action_tapping.o
 .text.waiting_buffer_scan_tap
                0x00002aae       0xd0 obj_gh60_lufa/common/action_tapping.o
 .text.process_tapping
                0x00002b7e      0x3da obj_gh60_lufa/common/action_tapping.o
 .text.action_tapping_process
                0x00002f58      0x15a obj_gh60_lufa/common/action_tapping.o
                0x00002f58                action_tapping_process
 .text.action_macro_play
                0x000030b2      0x13a obj_gh60_lufa/common/action_macro.o
                0x000030b2                action_macro_play
 .text.layer_state_set
                0x000031ec       0x1a obj_gh60_lufa/common/action_layer.o
 .text.default_layer_debug
                0x00003206        0x2 obj_gh60_lufa/common/action_layer.o
                0x00003206                default_layer_debug
 .text.default_layer_set
                0x00003208       0x14 obj_gh60_lufa/common/action_layer.o
                0x00003208                default_layer_set
 .text.default_layer_or
                0x0000321c       0x34 obj_gh60_lufa/common/action_layer.o
                0x0000321c                default_layer_or
 .text.default_layer_and
                0x00003250       0x34 obj_gh60_lufa/common/action_layer.o
                0x00003250                default_layer_and
 .text.default_layer_xor
                0x00003284       0x34 obj_gh60_lufa/common/action_layer.o
                0x00003284                default_layer_xor
 .text.layer_clear
                0x000032b8        0xa obj_gh60_lufa/common/action_layer.o
                0x000032b8                layer_clear
 .text.layer_move
                0x000032c2       0x1e obj_gh60_lufa/common/action_layer.o
                0x000032c2                layer_move
 .text.layer_on
                0x000032e0       0x36 obj_gh60_lufa/common/action_layer.o
                0x000032e0                layer_on
 .text.layer_off
                0x00003316       0x3e obj_gh60_lufa/common/action_layer.o
                0x00003316                layer_off
 .text.layer_invert
                0x00003354       0x36 obj_gh60_lufa/common/action_layer.o
                0x00003354                layer_invert
 .text.layer_or
                0x0000338a       0x24 obj_gh60_lufa/common/action_layer.o
                0x0000338a                layer_or
 .text.layer_and
                0x000033ae       0x24 obj_gh60_lufa/common/action_layer.o
                0x000033ae                layer_and
 .text.layer_xor
                0x000033d2       0x24 obj_gh60_lufa/common/action_layer.o
                0x000033d2                layer_xor
 .text.layer_debug
                0x000033f6        0x2 obj_gh60_lufa/common/action_layer.o
                0x000033f6                layer_debug
 .text.layer_switch_get_action
                0x000033f8       0x84 obj_gh60_lufa/common/action_layer.o
                0x000033f8                layer_switch_get_action
 .text.add_key  0x0000347c       0x42 obj_gh60_lufa/common/action_util.o
                0x0000347c                add_key
 .text.del_key  0x000034be       0x26 obj_gh60_lufa/common/action_util.o
                0x000034be                del_key
 .text.clear_keys
                0x000034e4       0x1c obj_gh60_lufa/common/action_util.o
                0x000034e4                clear_keys
 .text.get_mods
                0x00003500        0x6 obj_gh60_lufa/common/action_util.o
                0x00003500                get_mods
 .text.add_mods
                0x00003506        0xc obj_gh60_lufa/common/action_util.o
                0x00003506                add_mods
 .text.del_mods
                0x00003512        0xe obj_gh60_lufa/common/action_util.o
                0x00003512                del_mods
 .text.set_mods
                0x00003520        0x6 obj_gh60_lufa/common/action_util.o
                0x00003520                set_mods
 .text.clear_mods
                0x00003526        0x6 obj_gh60_lufa/common/action_util.o
                0x00003526                clear_mods
 .text.add_weak_mods
                0x0000352c        0xc obj_gh60_lufa/common/action_util.o
                0x0000352c                add_weak_mods
 .text.del_weak_mods
                0x00003538        0xe obj_gh60_lufa/common/action_util.o
                0x00003538                del_weak_mods
 .text.clear_weak_mods
                0x00003546        0x6 obj_gh60_lufa/common/action_util.o
                0x00003546                clear_weak_mods
 .text.set_oneshot_mods
                0x0000354c        0x6 obj_gh60_lufa/common/action_util.o
                0x0000354c                set_oneshot_mods
 .text.clear_oneshot_mods
                0x00003552        0x6 obj_gh60_lufa/common/action_util.o
                0x00003552                clear_oneshot_mods
 .text.has_anykey
                0x00003558       0x26 obj_gh60_lufa/common/action_util.o
                0x00003558                has_anykey
 .text.send_keyboard_report
                0x0000357e       0x4c obj_gh60_lufa/common/action_util.o
                0x0000357e                send_keyboard_report
 .text.print_set_sendchar
                0x000035ca        0xa obj_gh60_lufa/common/print.o
                0x000035ca                print_set_sendchar
 .text.bitrev   0x000035d4       0x24 obj_gh60_lufa/common/util.o
                0x000035d4                bitrev
 .text.bitrev16
                0x000035f8       0x34 obj_gh60_lufa/common/util.o
                0x000035f8                bitrev16
 .text.hook_layer_change
                0x0000362c        0x2 obj_gh60_lufa/common/hook.o
                0x0000362c                hook_layer_change
 .text.hook_keyboard_loop
                0x0000362e        0x2 obj_gh60_lufa/common/hook.o
                0x0000362e                hook_keyboard_loop
 .text.hook_matrix_change
                0x00003630       0x1e obj_gh60_lufa/common/hook.o
                0x00003630                hook_matrix_change
 .text.hook_keyboard_leds_change
                0x0000364e        0x4 obj_gh60_lufa/common/hook.o
                0x0000364e                hook_keyboard_leds_change
 .text.hook_bootmagic
                0x00003652        0x2 obj_gh60_lufa/common/hook.o
                0x00003652                hook_bootmagic
 .text.suspend_power_down
                0x00003654       0x4c obj_gh60_lufa/common/avr/suspend.o
                0x00003654                suspend_power_down
 .text.matrix_power_up
                0x000036a0        0x2 obj_gh60_lufa/common/avr/suspend.o
                0x000036a0                matrix_power_up
 .text.matrix_power_down
                0x000036a2        0x2 obj_gh60_lufa/common/avr/suspend.o
                0x000036a2                matrix_power_down
 .text.suspend_wakeup_condition
                0x000036a4       0x2a obj_gh60_lufa/common/avr/suspend.o
                0x000036a4                suspend_wakeup_condition
 .text.suspend_wakeup_init
                0x000036ce        0x4 obj_gh60_lufa/common/avr/suspend.o
                0x000036ce                suspend_wakeup_init
 .text.__vector_12
                0x000036d2       0x52 obj_gh60_lufa/common/avr/suspend.o
                0x000036d2                __vector_12
 .text.timer_init
                0x00003724       0x12 obj_gh60_lufa/common/avr/timer.o
                0x00003724                timer_init
 .text.timer_read
                0x00003736       0x18 obj_gh60_lufa/common/avr/timer.o
                0x00003736                timer_read
 .text.timer_read32
                0x0000374e       0x18 obj_gh60_lufa/common/avr/timer.o
                0x0000374e                timer_read32
 .text.timer_elapsed
                0x00003766       0x52 obj_gh60_lufa/common/avr/timer.o
                0x00003766                timer_elapsed
 .text.__vector_21
                0x000037b8       0x4a obj_gh60_lufa/common/avr/timer.o
                0x000037b8                __vector_21
 .text.bootloader_jump
                0x00003802       0x46 obj_gh60_lufa/common/avr/bootloader.o
                0x00003802                bootloader_jump
 .text.keycode_to_action
                0x00003848      0x17c obj_gh60_lufa/common/keymap.o
 .text.action_for_key
                0x000039c4       0xe6 obj_gh60_lufa/common/keymap.o
                0x000039c4                action_for_key
 .text.action_get_macro
                0x00003aaa        0x6 obj_gh60_lufa/common/keymap.o
                0x00003aaa                action_get_macro
 .text.action_function
                0x00003ab0        0x2 obj_gh60_lufa/common/keymap.o
                0x00003ab0                action_function
 .text.scan_key
                0x00003ab2       0x80 obj_gh60_lufa/common/bootmagic.o
 .text.bootmagic_scan_key
                0x00003b32       0x24 obj_gh60_lufa/common/bootmagic.o
                0x00003b32                bootmagic_scan_key
 .text.bootmagic
                0x00003b56      0x28a obj_gh60_lufa/common/bootmagic.o
                0x00003b56                bootmagic
 .text.eeconfig_init
                0x00003de0       0x34 obj_gh60_lufa/common/avr/eeconfig.o
                0x00003de0                eeconfig_init
 .text.eeconfig_is_enabled
                0x00003e14       0x16 obj_gh60_lufa/common/avr/eeconfig.o
                0x00003e14                eeconfig_is_enabled
 .text.eeconfig_read_debug
                0x00003e2a        0x8 obj_gh60_lufa/common/avr/eeconfig.o
                0x00003e2a                eeconfig_read_debug
 .text.eeconfig_write_debug
                0x00003e32        0xa obj_gh60_lufa/common/avr/eeconfig.o
                0x00003e32                eeconfig_write_debug
 .text.eeconfig_read_default_layer
                0x00003e3c        0x8 obj_gh60_lufa/common/avr/eeconfig.o
                0x00003e3c                eeconfig_read_default_layer
 .text.eeconfig_write_default_layer
                0x00003e44        0xa obj_gh60_lufa/common/avr/eeconfig.o
                0x00003e44                eeconfig_write_default_layer
 .text.eeconfig_read_keymap
                0x00003e4e        0x8 obj_gh60_lufa/common/avr/eeconfig.o
                0x00003e4e                eeconfig_read_keymap
 .text.eeconfig_write_keymap
                0x00003e56        0xa obj_gh60_lufa/common/avr/eeconfig.o
                0x00003e56                eeconfig_write_keymap
 .text.move_unit
                0x00003e60       0x90 obj_gh60_lufa/common/mousekey.o
 .text.wheel_unit
                0x00003ef0       0x72 obj_gh60_lufa/common/mousekey.o
 .text.mousekey_on
                0x00003f62       0xd0 obj_gh60_lufa/common/mousekey.o
                0x00003f62                mousekey_on
 .text.mousekey_off
                0x00004032      0x10a obj_gh60_lufa/common/mousekey.o
                0x00004032                mousekey_off
 .text.mousekey_send
                0x0000413c      0x11a obj_gh60_lufa/common/mousekey.o
                0x0000413c                mousekey_send
 .text.mousekey_task
                0x00004256      0x142 obj_gh60_lufa/common/mousekey.o
                0x00004256                mousekey_task
 .text.mousekey_clear
                0x00004398       0x18 obj_gh60_lufa/common/mousekey.o
                0x00004398                mousekey_clear
 .text.mousekey_console_help
                0x000043b0       0x2e obj_gh60_lufa/common/command.o
 .text.mousekey_param_inc
                0x000043de      0x146 obj_gh60_lufa/common/command.o
 .text.mousekey_param_dec
                0x00004524       0xfc obj_gh60_lufa/common/command.o
 .text.switch_default_layer
                0x00004620       0x3c obj_gh60_lufa/common/command.o
 .text.command_common
                0x0000465c      0x49e obj_gh60_lufa/common/command.o
 .text.command_extra
                0x00004afa        0x4 obj_gh60_lufa/common/command.o
                0x00004afa                command_extra
 .text.command_console_extra
                0x00004afe        0x4 obj_gh60_lufa/common/command.o
                0x00004afe                command_console_extra
 .text.command_proc
                0x00004b02      0x2a4 obj_gh60_lufa/common/command.o
                0x00004b02                command_proc
 .text.avr-libc.fplib
                0x00004da6        0xa c:/program files (x86)/mhv avr tools/bin/../lib/gcc/avr/4.8.2/../../../../avr/lib/avr51\libm.a(fixsfsi.o)
                0x00004da6                __fixsfsi
 .text.avr-libc.fplib
                0x00004db0       0x58 c:/program files (x86)/mhv avr tools/bin/../lib/gcc/avr/4.8.2/../../../../avr/lib/avr51\libm.a(fixunssfsi.o)
                0x00004db0                __fixunssfsi
 .text.avr-libc.fplib
                0x00004e08       0x7a c:/program files (x86)/mhv avr tools/bin/../lib/gcc/avr/4.8.2/../../../../avr/lib/avr51\libm.a(floatsisf.o)
                0x00004e08                __floatunsisf
                0x00004e0c                __floatsisf
 .text.avr-libc.fplib
                0x00004e82       0x44 c:/program files (x86)/mhv avr tools/bin/../lib/gcc/avr/4.8.2/../../../../avr/lib/avr51\libm.a(fp_split3.o)
                0x00004e82                __fp_split3
                0x00004e92                __fp_splitA
 .text.avr-libc.fplib
                0x00004ec6        0xe c:/program files (x86)/mhv avr tools/bin/../lib/gcc/avr/4.8.2/../../../../avr/lib/avr51\libm.a(fp_zero.o)
                0x00004ec6                __fp_zero
                0x00004ec8                __fp_szero
 .text.avr-libc.fplib
                0x00004ed4        0x4 c:/program files (x86)/mhv avr tools/bin/../lib/gcc/avr/4.8.2/../../../../avr/lib/avr51\libm.a(mulsf3.o)
                0x00004ed4                __mulsf3
 .text.avr-libc.fplib
                0x00004ed8       0xc2 c:/program files (x86)/mhv avr tools/bin/../lib/gcc/avr/4.8.2/../../../../avr/lib/avr51\libm.a(mulsf3x.o)
                0x00004eec                __mulsf3x
                0x00004ef0                __mulsf3_pse
 .text.avr-libc.fplib
                0x00004f9a        0xc c:/program files (x86)/mhv avr tools/bin/../lib/gcc/avr/4.8.2/../../../../avr/lib/avr51\libm.a(fp_inf.o)
                0x00004f9a                __fp_inf
 .text.avr-libc.fplib
                0x00004fa6        0x6 c:/program files (x86)/mhv avr tools/bin/../lib/gcc/avr/4.8.2/../../../../avr/lib/avr51\libm.a(fp_nan.o)
                0x00004fa6                __fp_nan
 .text.avr-libc.fplib
                0x00004fac        0xe c:/program files (x86)/mhv avr tools/bin/../lib/gcc/avr/4.8.2/../../../../avr/lib/avr51\libm.a(fp_pscA.o)
                0x00004fac                __fp_pscA
 .text.avr-libc.fplib
                0x00004fba        0xe c:/program files (x86)/mhv avr tools/bin/../lib/gcc/avr/4.8.2/../../../../avr/lib/avr51\libm.a(fp_pscB.o)
                0x00004fba                __fp_pscB
 .text.avr-libc.fplib
                0x00004fc8       0x22 c:/program files (x86)/mhv avr tools/bin/../lib/gcc/avr/4.8.2/../../../../avr/lib/avr51\libm.a(fp_round.o)
                0x00004fc8                __fp_round
 .text.libgcc.div
                0x00004fea       0x18 c:/program files (x86)/mhv avr tools/bin/../lib/gcc/avr/4.8.2/avr51\libgcc.a(_udivmodqi4.o)
                0x00004fea                __udivmodqi4
 .text.libgcc.div
                0x00005002       0x28 c:/program files (x86)/mhv avr tools/bin/../lib/gcc/avr/4.8.2/avr51\libgcc.a(_divmodhi4.o)
                0x00005002                _div
                0x00005002                __divmodhi4
 .text.libgcc   0x0000502a        0xc c:/program files (x86)/mhv avr tools/bin/../lib/gcc/avr/4.8.2/avr51\libgcc.a(_tablejump.o)
                0x0000502a                __tablejump2__
                0x0000502e                __tablejump__
 .text.libgcc.div
                0x00005036       0x28 c:/program files (x86)/mhv avr tools/bin/../lib/gcc/avr/4.8.2/avr51\libgcc.a(_udivmodhi4.o)
                0x00005036                __udivmodhi4
 .text.avr-libc
                0x0000505e       0x10 c:/program files (x86)/mhv avr tools/bin/../lib/gcc/avr/4.8.2/../../../../avr/lib/avr51\libc.a(eerd_byte_at90usb1287.o)
                0x0000505e                __eerd_byte_usb1287
 .text.avr-libc
                0x0000506e        0xc c:/program files (x86)/mhv avr tools/bin/../lib/gcc/avr/4.8.2/../../../../avr/lib/avr51\libc.a(eerd_word_at90usb1287.o)
                0x0000506e                __eerd_word_usb1287
 .text.avr-libc
                0x0000507a       0x1c c:/program files (x86)/mhv avr tools/bin/../lib/gcc/avr/4.8.2/../../../../avr/lib/avr51\libc.a(eewr_byte_at90usb1287.o)
                0x0000507a                __eewr_byte_usb1287
                0x0000507c                __eewr_r18_usb1287
 .text.avr-libc
                0x00005096        0xa c:/program files (x86)/mhv avr tools/bin/../lib/gcc/avr/4.8.2/../../../../avr/lib/avr51\libc.a(eewr_word_at90usb1287.o)
                0x00005096                __eewr_word_usb1287
 .text.avr-libc
                0x000050a0       0x20 c:/program files (x86)/mhv avr tools/bin/../lib/gcc/avr/4.8.2/../../../../avr/lib/avr51\libc.a(eerd_block_at90usb1287.o)
                0x000050a0                __eerd_block_usb1287
                0x000050a4                __eerd_blraw_usb1287
                0x000050c0                . = ALIGN (0x2)
 *(.fini9)
 .fini9         0x000050c0        0x0 c:/program files (x86)/mhv avr tools/bin/../lib/gcc/avr/4.8.2/avr51\libgcc.a(_exit.o)
                0x000050c0                _exit
                0x000050c0                exit
 *(.fini9)
 *(.fini8)
 *(.fini8)
 *(.fini7)
 *(.fini7)
 *(.fini6)
 *(.fini6)
 *(.fini5)
 *(.fini5)
 *(.fini4)
 *(.fini4)
 *(.fini3)
 *(.fini3)
 *(.fini2)
 *(.fini2)
 *(.fini1)
 *(.fini1)
 *(.fini0)
 .fini0         0x000050c0        0x4 c:/program files (x86)/mhv avr tools/bin/../lib/gcc/avr/4.8.2/avr51\libgcc.a(_exit.o)
 *(.fini0)
                0x000050c4                _etext = .

.data           0x00800100       0x32 load address 0x000050c4
                0x00800100                PROVIDE (__data_start, .)
 *(.data)
 .data          0x00800100        0x0 c:/program files (x86)/mhv avr tools/bin/../lib/gcc/avr/4.8.2/../../../../avr/lib/avr51/crtusb1287.o
 .data          0x00800100        0x0 obj_gh60_lufa/keymap_poker.o
 .data          0x00800100        0x0 obj_gh60_lufa/keymap_common.o
 .data          0x00800100        0x0 obj_gh60_lufa/matrix.o
 .data          0x00800100        0x0 obj_gh60_lufa/led.o
 .data          0x00800100        0x0 obj_gh60_lufa/protocol/lufa/lufa.o
 .data          0x00800100        0x0 obj_gh60_lufa/protocol/lufa/descriptor.o
 .data          0x00800100        0x0 obj_gh60_lufa/protocol/lufa/LUFA-git/LUFA/Drivers/USB/Class/Common/HIDParser.o
 .data          0x00800100        0x0 obj_gh60_lufa/protocol/lufa/LUFA-git/LUFA/Drivers/USB/Core/AVR8/Device_AVR8.o
 .data          0x00800100        0x0 obj_gh60_lufa/protocol/lufa/LUFA-git/LUFA/Drivers/USB/Core/AVR8/EndpointStream_AVR8.o
 .data          0x00800100        0x0 obj_gh60_lufa/protocol/lufa/LUFA-git/LUFA/Drivers/USB/Core/AVR8/Endpoint_AVR8.o
 .data          0x00800100        0x0 obj_gh60_lufa/protocol/lufa/LUFA-git/LUFA/Drivers/USB/Core/AVR8/Host_AVR8.o
 .data          0x00800100        0x0 obj_gh60_lufa/protocol/lufa/LUFA-git/LUFA/Drivers/USB/Core/AVR8/PipeStream_AVR8.o
 .data          0x00800100        0x0 obj_gh60_lufa/protocol/lufa/LUFA-git/LUFA/Drivers/USB/Core/AVR8/Pipe_AVR8.o
 .data          0x00800100        0x0 obj_gh60_lufa/protocol/lufa/LUFA-git/LUFA/Drivers/USB/Core/AVR8/USBController_AVR8.o
 .data          0x00800100        0x0 obj_gh60_lufa/protocol/lufa/LUFA-git/LUFA/Drivers/USB/Core/AVR8/USBInterrupt_AVR8.o
 .data          0x00800100        0x0 obj_gh60_lufa/protocol/lufa/LUFA-git/LUFA/Drivers/USB/Core/ConfigDescriptors.o
 .data          0x00800100        0x0 obj_gh60_lufa/protocol/lufa/LUFA-git/LUFA/Drivers/USB/Core/DeviceStandardReq.o
 .data          0x00800100        0x0 obj_gh60_lufa/protocol/lufa/LUFA-git/LUFA/Drivers/USB/Core/Events.o
 .data          0x00800100        0x0 obj_gh60_lufa/protocol/lufa/LUFA-git/LUFA/Drivers/USB/Core/HostStandardReq.o
 .data          0x00800100        0x0 obj_gh60_lufa/protocol/lufa/LUFA-git/LUFA/Drivers/USB/Core/USBTask.o
 .data          0x00800100        0x0 obj_gh60_lufa/common/host.o
 .data          0x00800100        0x0 obj_gh60_lufa/common/keyboard.o
 .data          0x00800100        0x0 obj_gh60_lufa/common/action.o
 .data          0x00800100        0x0 obj_gh60_lufa/common/action_tapping.o
 .data          0x00800100        0x0 obj_gh60_lufa/common/action_macro.o
 .data          0x00800100        0x0 obj_gh60_lufa/common/action_layer.o
 .data          0x00800100        0x0 obj_gh60_lufa/common/action_util.o
 .data          0x00800100        0x0 obj_gh60_lufa/common/print.o
 .data          0x00800100        0x0 obj_gh60_lufa/common/debug.o
 .data          0x00800100        0x0 obj_gh60_lufa/common/util.o
 .data          0x00800100        0x0 obj_gh60_lufa/common/hook.o
 .data          0x00800100        0x0 obj_gh60_lufa/common/avr/suspend.o
 .data          0x00800100        0x0 obj_gh60_lufa/common/avr/xprintf.o
 .data          0x00800100        0x0 obj_gh60_lufa/common/avr/timer.o
 .data          0x00800100        0x0 obj_gh60_lufa/common/avr/bootloader.o
 .data          0x00800100        0x0 obj_gh60_lufa/common/keymap.o
 .data          0x00800100        0x0 obj_gh60_lufa/common/bootmagic.o
 .data          0x00800100        0x0 obj_gh60_lufa/common/avr/eeconfig.o
 .data          0x00800100        0x0 obj_gh60_lufa/common/mousekey.o
 .data          0x00800100        0x0 obj_gh60_lufa/common/command.o
 .data          0x00800100        0x0 c:/program files (x86)/mhv avr tools/bin/../lib/gcc/avr/4.8.2/../../../../avr/lib/avr51\libm.a(fixsfsi.o)
 .data          0x00800100        0x0 c:/program files (x86)/mhv avr tools/bin/../lib/gcc/avr/4.8.2/../../../../avr/lib/avr51\libm.a(fixunssfsi.o)
 .data          0x00800100        0x0 c:/program files (x86)/mhv avr tools/bin/../lib/gcc/avr/4.8.2/../../../../avr/lib/avr51\libm.a(floatsisf.o)
 .data          0x00800100        0x0 c:/program files (x86)/mhv avr tools/bin/../lib/gcc/avr/4.8.2/../../../../avr/lib/avr51\libm.a(fp_split3.o)
 .data          0x00800100        0x0 c:/program files (x86)/mhv avr tools/bin/../lib/gcc/avr/4.8.2/../../../../avr/lib/avr51\libm.a(fp_zero.o)
 .data          0x00800100        0x0 c:/program files (x86)/mhv avr tools/bin/../lib/gcc/avr/4.8.2/../../../../avr/lib/avr51\libm.a(mulsf3.o)
 .data          0x00800100        0x0 c:/program files (x86)/mhv avr tools/bin/../lib/gcc/avr/4.8.2/../../../../avr/lib/avr51\libm.a(mulsf3x.o)
 .data          0x00800100        0x0 c:/program files (x86)/mhv avr tools/bin/../lib/gcc/avr/4.8.2/../../../../avr/lib/avr51\libm.a(fp_inf.o)
 .data          0x00800100        0x0 c:/program files (x86)/mhv avr tools/bin/../lib/gcc/avr/4.8.2/../../../../avr/lib/avr51\libm.a(fp_nan.o)
 .data          0x00800100        0x0 c:/program files (x86)/mhv avr tools/bin/../lib/gcc/avr/4.8.2/../../../../avr/lib/avr51\libm.a(fp_pscA.o)
 .data          0x00800100        0x0 c:/program files (x86)/mhv avr tools/bin/../lib/gcc/avr/4.8.2/../../../../avr/lib/avr51\libm.a(fp_pscB.o)
 .data          0x00800100        0x0 c:/program files (x86)/mhv avr tools/bin/../lib/gcc/avr/4.8.2/../../../../avr/lib/avr51\libm.a(fp_round.o)
 .data          0x00800100        0x0 c:/program files (x86)/mhv avr tools/bin/../lib/gcc/avr/4.8.2/avr51\libgcc.a(_udivmodqi4.o)
 .data          0x00800100        0x0 c:/program files (x86)/mhv avr tools/bin/../lib/gcc/avr/4.8.2/avr51\libgcc.a(_divmodhi4.o)
 .data          0x00800100        0x0 c:/program files (x86)/mhv avr tools/bin/../lib/gcc/avr/4.8.2/avr51\libgcc.a(_exit.o)
 .data          0x00800100        0x0 c:/program files (x86)/mhv avr tools/bin/../lib/gcc/avr/4.8.2/avr51\libgcc.a(_tablejump.o)
 .data          0x00800100        0x0 c:/program files (x86)/mhv avr tools/bin/../lib/gcc/avr/4.8.2/avr51\libgcc.a(_copy_data.o)
 .data          0x00800100        0x0 c:/program files (x86)/mhv avr tools/bin/../lib/gcc/avr/4.8.2/avr51\libgcc.a(_clear_bss.o)
 .data          0x00800100        0x0 c:/program files (x86)/mhv avr tools/bin/../lib/gcc/avr/4.8.2/avr51\libgcc.a(_udivmodhi4.o)
 .data          0x00800100        0x0 c:/program files (x86)/mhv avr tools/bin/../lib/gcc/avr/4.8.2/../../../../avr/lib/avr51\libc.a(eerd_byte_at90usb1287.o)
 .data          0x00800100        0x0 c:/program files (x86)/mhv avr tools/bin/../lib/gcc/avr/4.8.2/../../../../avr/lib/avr51\libc.a(eerd_word_at90usb1287.o)
 .data          0x00800100        0x0 c:/program files (x86)/mhv avr tools/bin/../lib/gcc/avr/4.8.2/../../../../avr/lib/avr51\libc.a(eeupd_byte_at90usb1287.o)
 .data          0x00800100        0x0 c:/program files (x86)/mhv avr tools/bin/../lib/gcc/avr/4.8.2/../../../../avr/lib/avr51\libc.a(eewr_byte_at90usb1287.o)
 .data          0x00800100        0x0 c:/program files (x86)/mhv avr tools/bin/../lib/gcc/avr/4.8.2/../../../../avr/lib/avr51\libc.a(eewr_word_at90usb1287.o)
 .data          0x00800100        0x0 c:/program files (x86)/mhv avr tools/bin/../lib/gcc/avr/4.8.2/../../../../avr/lib/avr51\libc.a(eerd_block_at90usb1287.o)
 *(.data*)
 .data.debouncing
                0x00800100        0x1 obj_gh60_lufa/matrix.o
 .data.lufa_driver
                0x00800101        0xa obj_gh60_lufa/protocol/lufa/lufa.o
                0x00800101                lufa_driver
 .data.keyboard_protocol
                0x0080010b        0x1 obj_gh60_lufa/protocol/lufa/lufa.o
                0x0080010b                keyboard_protocol
 .data.keyboard_report
                0x0080010c        0x2 obj_gh60_lufa/common/action_util.o
                0x0080010c                keyboard_report
 .data.mk_wheel_time_to_max
                0x0080010e        0x1 obj_gh60_lufa/common/mousekey.o
                0x0080010e                mk_wheel_time_to_max
 .data.mk_wheel_max_speed
                0x0080010f        0x1 obj_gh60_lufa/common/mousekey.o
                0x0080010f                mk_wheel_max_speed
 .data.mk_time_to_max
                0x00800110        0x1 obj_gh60_lufa/common/mousekey.o
                0x00800110                mk_time_to_max
 .data.mk_max_speed
                0x00800111        0x1 obj_gh60_lufa/common/mousekey.o
                0x00800111                mk_max_speed
 .data.mk_interval
                0x00800112        0x1 obj_gh60_lufa/common/mousekey.o
                0x00800112                mk_interval
 .data.mk_delay
                0x00800113        0x1 obj_gh60_lufa/common/mousekey.o
                0x00800113                mk_delay
 *(.rodata)
 *(.rodata*)
 .rodata.CSWTCH.3
                0x00800114        0x4 obj_gh60_lufa/protocol/lufa/descriptor.o
 .rodata.CSWTCH.2
                0x00800118        0x8 obj_gh60_lufa/protocol/lufa/descriptor.o
 .rodata.CSWTCH.1
                0x00800120        0x8 obj_gh60_lufa/protocol/lufa/descriptor.o
 .rodata.CSWTCH.41
                0x00800128        0xa obj_gh60_lufa/common/command.o
 *(.gnu.linkonce.d*)
                0x00800132                . = ALIGN (0x2)
                0x00800132                _edata = .
                0x00800132                PROVIDE (__data_end, .)

.bss            0x00800132       0x89
                0x00800132                PROVIDE (__bss_start, .)
 *(.bss)
 .bss           0x00800132        0x2 obj_gh60_lufa/common/avr/xprintf.o
                0x00800132                xfunc_out
 *(.bss*)
 .bss.matrix_debouncing
                0x00800134        0x3 obj_gh60_lufa/matrix.o
 .bss.matrix    0x00800137        0x3 obj_gh60_lufa/matrix.o
 .bss.timeouted.4726
                0x0080013a        0x1 obj_gh60_lufa/protocol/lufa/lufa.o
 .bss.count.4660
                0x0080013b        0x1 obj_gh60_lufa/protocol/lufa/lufa.o
 .bss.console_flush
                0x0080013c        0x1 obj_gh60_lufa/protocol/lufa/lufa.o
 .bss.keyboard_report_sent
                0x0080013d        0x8 obj_gh60_lufa/protocol/lufa/lufa.o
 .bss.keyboard_led_stats
                0x00800145        0x1 obj_gh60_lufa/protocol/lufa/lufa.o
 .bss.keyboard_idle
                0x00800146        0x1 obj_gh60_lufa/protocol/lufa/lufa.o
                0x00800146                keyboard_idle
 .bss.last_consumer_report
                0x00800147        0x2 obj_gh60_lufa/common/host.o
 .bss.last_system_report
                0x00800149        0x2 obj_gh60_lufa/common/host.o
 .bss.driver    0x0080014b        0x2 obj_gh60_lufa/common/host.o
 .bss.led_status.2333
                0x0080014d        0x1 obj_gh60_lufa/common/keyboard.o
 .bss.matrix_prev.2332
                0x0080014e        0x3 obj_gh60_lufa/common/keyboard.o
 .bss.waiting_buffer_tail
                0x00800151        0x1 obj_gh60_lufa/common/action_tapping.o
 .bss.waiting_buffer_head
                0x00800152        0x1 obj_gh60_lufa/common/action_tapping.o
 .bss.waiting_buffer
                0x00800153       0x30 obj_gh60_lufa/common/action_tapping.o
 .bss.tapping_key
                0x00800183        0x6 obj_gh60_lufa/common/action_tapping.o
 .bss.layer_state
                0x00800189        0x4 obj_gh60_lufa/common/action_layer.o
                0x00800189                layer_state
 .bss.default_layer_state
                0x0080018d        0x4 obj_gh60_lufa/common/action_layer.o
                0x0080018d                default_layer_state
 .bss.oneshot_mods
                0x00800191        0x1 obj_gh60_lufa/common/action_util.o
 .bss.__compound_literal.0
                0x00800192        0x8 obj_gh60_lufa/common/action_util.o
 .bss.weak_mods
                0x0080019a        0x1 obj_gh60_lufa/common/action_util.o
 .bss.real_mods
                0x0080019b        0x1 obj_gh60_lufa/common/action_util.o
 .bss.debug_config
                0x0080019c        0x1 obj_gh60_lufa/common/debug.o
                0x0080019c                debug_config
 .bss.wdt_timeout
                0x0080019d        0x1 obj_gh60_lufa/common/avr/suspend.o
 .bss.timer_count
                0x0080019e        0x4 obj_gh60_lufa/common/avr/timer.o
                0x0080019e                timer_count
 .bss.last_timer
                0x008001a2        0x2 obj_gh60_lufa/common/mousekey.o
 .bss.mousekey_accel
                0x008001a4        0x1 obj_gh60_lufa/common/mousekey.o
 .bss.mousekey_repeat
                0x008001a5        0x1 obj_gh60_lufa/common/mousekey.o
 .bss.mouse_report
                0x008001a6        0x5 obj_gh60_lufa/common/mousekey.o
 .bss.mousekey_param
                0x008001ab        0x1 obj_gh60_lufa/common/command.o
 .bss.command_state
                0x008001ac        0x1 obj_gh60_lufa/common/command.o
                0x008001ac                command_state
 *(COMMON)
 COMMON         0x008001ad        0x3 obj_gh60_lufa/protocol/lufa/LUFA-git/LUFA/Drivers/USB/Core/DeviceStandardReq.o
                0x008001ad                USB_Device_ConfigurationNumber
                0x008001ae                USB_Device_CurrentlySelfPowered
                0x008001af                USB_Device_RemoteWakeupEnabled
 COMMON         0x008001b0        0xa obj_gh60_lufa/protocol/lufa/LUFA-git/LUFA/Drivers/USB/Core/USBTask.o
                0x008001b0                USB_IsInitialized
                0x008001b1                USB_DeviceState
                0x008001b2                USB_ControlRequest
 COMMON         0x008001ba        0x1 obj_gh60_lufa/common/bootmagic.o
                0x008001ba                keymap_config
                0x008001bb                PROVIDE (__bss_end, .)
                0x000050c4                __data_load_start = LOADADDR (.data)
                0x000050f6                __data_load_end = (__data_load_start + SIZEOF (.data))

.noinit         0x008001bb        0x4
                0x008001bb                PROVIDE (__noinit_start, .)
 *(.noinit*)
 .noinit        0x008001bb        0x4 obj_gh60_lufa/common/avr/bootloader.o
                0x008001bb                reset_key
                0x008001bf                PROVIDE (__noinit_end, .)
                0x008001bf                _end = .
                0x008001bf                PROVIDE (__heap_start, .)

.eeprom         0x00810000        0x0
 *(.eeprom*)
                0x00810000                __eeprom_end = .

.fuse
 *(.fuse)
 *(.lfuse)
 *(.hfuse)
 *(.efuse)

.lock
 *(.lock*)

.signature
 *(.signature*)

.stab           0x00000000      0x8b8
 *(.stab)
 .stab          0x00000000      0x8b8 obj_gh60_lufa/common/avr/xprintf.o

.stabstr        0x00000000       0xa0
 *(.stabstr)
 .stabstr       0x00000000       0xa0 obj_gh60_lufa/common/avr/xprintf.o

.stab.excl
 *(.stab.excl)

.stab.exclstr
 *(.stab.exclstr)

.stab.index
 *(.stab.index)

.stab.indexstr
 *(.stab.indexstr)

.comment        0x00000000       0x27
 *(.comment)
 .comment       0x00000000       0x27 obj_gh60_lufa/keymap_poker.o
                                 0x28 (size before relaxing)
 .comment       0x00000000       0x28 obj_gh60_lufa/keymap_common.o
 .comment       0x00000000       0x28 obj_gh60_lufa/matrix.o
 .comment       0x00000000       0x28 obj_gh60_lufa/led.o
 .comment       0x00000000       0x28 obj_gh60_lufa/protocol/lufa/lufa.o
 .comment       0x00000000       0x28 obj_gh60_lufa/protocol/lufa/descriptor.o
 .comment       0x00000000       0x28 obj_gh60_lufa/protocol/lufa/LUFA-git/LUFA/Drivers/USB/Class/Common/HIDParser.o
 .comment       0x00000000       0x28 obj_gh60_lufa/protocol/lufa/LUFA-git/LUFA/Drivers/USB/Core/AVR8/Device_AVR8.o
 .comment       0x00000000       0x28 obj_gh60_lufa/protocol/lufa/LUFA-git/LUFA/Drivers/USB/Core/AVR8/EndpointStream_AVR8.o
 .comment       0x00000000       0x28 obj_gh60_lufa/protocol/lufa/LUFA-git/LUFA/Drivers/USB/Core/AVR8/Endpoint_AVR8.o
 .comment       0x00000000       0x28 obj_gh60_lufa/protocol/lufa/LUFA-git/LUFA/Drivers/USB/Core/AVR8/Host_AVR8.o
 .comment       0x00000000       0x28 obj_gh60_lufa/protocol/lufa/LUFA-git/LUFA/Drivers/USB/Core/AVR8/PipeStream_AVR8.o
 .comment       0x00000000       0x28 obj_gh60_lufa/protocol/lufa/LUFA-git/LUFA/Drivers/USB/Core/AVR8/Pipe_AVR8.o
 .comment       0x00000000       0x28 obj_gh60_lufa/protocol/lufa/LUFA-git/LUFA/Drivers/USB/Core/AVR8/USBController_AVR8.o
 .comment       0x00000000       0x28 obj_gh60_lufa/protocol/lufa/LUFA-git/LUFA/Drivers/USB/Core/AVR8/USBInterrupt_AVR8.o
 .comment       0x00000000       0x28 obj_gh60_lufa/protocol/lufa/LUFA-git/LUFA/Drivers/USB/Core/ConfigDescriptors.o
 .comment       0x00000000       0x28 obj_gh60_lufa/protocol/lufa/LUFA-git/LUFA/Drivers/USB/Core/DeviceStandardReq.o
 .comment       0x00000000       0x28 obj_gh60_lufa/protocol/lufa/LUFA-git/LUFA/Drivers/USB/Core/Events.o
 .comment       0x00000000       0x28 obj_gh60_lufa/protocol/lufa/LUFA-git/LUFA/Drivers/USB/Core/HostStandardReq.o
 .comment       0x00000000       0x28 obj_gh60_lufa/protocol/lufa/LUFA-git/LUFA/Drivers/USB/Core/USBTask.o
 .comment       0x00000000       0x28 obj_gh60_lufa/common/host.o
 .comment       0x00000000       0x28 obj_gh60_lufa/common/keyboard.o
 .comment       0x00000000       0x28 obj_gh60_lufa/common/action.o
 .comment       0x00000000       0x28 obj_gh60_lufa/common/action_tapping.o
 .comment       0x00000000       0x28 obj_gh60_lufa/common/action_macro.o
 .comment       0x00000000       0x28 obj_gh60_lufa/common/action_layer.o
 .comment       0x00000000       0x28 obj_gh60_lufa/common/action_util.o
 .comment       0x00000000       0x28 obj_gh60_lufa/common/print.o
 .comment       0x00000000       0x28 obj_gh60_lufa/common/debug.o
 .comment       0x00000000       0x28 obj_gh60_lufa/common/util.o
 .comment       0x00000000       0x28 obj_gh60_lufa/common/hook.o
 .comment       0x00000000       0x28 obj_gh60_lufa/common/avr/suspend.o
 .comment       0x00000000       0x28 obj_gh60_lufa/common/avr/timer.o
 .comment       0x00000000       0x28 obj_gh60_lufa/common/avr/bootloader.o
 .comment       0x00000000       0x28 obj_gh60_lufa/common/keymap.o
 .comment       0x00000000       0x28 obj_gh60_lufa/common/bootmagic.o
 .comment       0x00000000       0x28 obj_gh60_lufa/common/avr/eeconfig.o
 .comment       0x00000000       0x28 obj_gh60_lufa/common/mousekey.o
 .comment       0x00000000       0x28 obj_gh60_lufa/common/command.o

.note.gnu.build-id
 *(.note.gnu.build-id)

.debug
 *(.debug)

.line
 *(.line)

.debug_srcinfo
 *(.debug_srcinfo)

.debug_sfnames
 *(.debug_sfnames)

.debug_aranges  0x00000000      0xb20
 *(.debug_aranges)
 .debug_aranges
                0x00000000       0x18 obj_gh60_lufa/keymap_poker.o
 .debug_aranges
                0x00000018       0x28 obj_gh60_lufa/keymap_common.o
 .debug_aranges
                0x00000040       0x68 obj_gh60_lufa/matrix.o
 .debug_aranges
                0x000000a8       0x20 obj_gh60_lufa/led.o
 .debug_aranges
                0x000000c8       0xb8 obj_gh60_lufa/protocol/lufa/lufa.o
 .debug_aranges
                0x00000180       0x20 obj_gh60_lufa/protocol/lufa/descriptor.o
 .debug_aranges
                0x000001a0       0x38 obj_gh60_lufa/protocol/lufa/LUFA-git/LUFA/Drivers/USB/Class/Common/HIDParser.o
 .debug_aranges
                0x000001d8       0x20 obj_gh60_lufa/protocol/lufa/LUFA-git/LUFA/Drivers/USB/Core/AVR8/Device_AVR8.o
 .debug_aranges
                0x000001f8       0xc8 obj_gh60_lufa/protocol/lufa/LUFA-git/LUFA/Drivers/USB/Core/AVR8/EndpointStream_AVR8.o
 .debug_aranges
                0x000002c0       0x40 obj_gh60_lufa/protocol/lufa/LUFA-git/LUFA/Drivers/USB/Core/AVR8/Endpoint_AVR8.o
 .debug_aranges
                0x00000300       0x18 obj_gh60_lufa/protocol/lufa/LUFA-git/LUFA/Drivers/USB/Core/AVR8/Host_AVR8.o
 .debug_aranges
                0x00000318       0x18 obj_gh60_lufa/protocol/lufa/LUFA-git/LUFA/Drivers/USB/Core/AVR8/PipeStream_AVR8.o
 .debug_aranges
                0x00000330       0x18 obj_gh60_lufa/protocol/lufa/LUFA-git/LUFA/Drivers/USB/Core/AVR8/Pipe_AVR8.o
 .debug_aranges
                0x00000348       0x30 obj_gh60_lufa/protocol/lufa/LUFA-git/LUFA/Drivers/USB/Core/AVR8/USBController_AVR8.o
 .debug_aranges
                0x00000378       0x38 obj_gh60_lufa/protocol/lufa/LUFA-git/LUFA/Drivers/USB/Core/AVR8/USBInterrupt_AVR8.o
 .debug_aranges
                0x000003b0       0x40 obj_gh60_lufa/protocol/lufa/LUFA-git/LUFA/Drivers/USB/Core/ConfigDescriptors.o
 .debug_aranges
                0x000003f0       0x20 obj_gh60_lufa/protocol/lufa/LUFA-git/LUFA/Drivers/USB/Core/DeviceStandardReq.o
 .debug_aranges
                0x00000410       0x20 obj_gh60_lufa/protocol/lufa/LUFA-git/LUFA/Drivers/USB/Core/Events.o
 .debug_aranges
                0x00000430       0x18 obj_gh60_lufa/protocol/lufa/LUFA-git/LUFA/Drivers/USB/Core/HostStandardReq.o
 .debug_aranges
                0x00000448       0x20 obj_gh60_lufa/protocol/lufa/LUFA-git/LUFA/Drivers/USB/Core/USBTask.o
 .debug_aranges
                0x00000468       0x60 obj_gh60_lufa/common/host.o
 .debug_aranges
                0x000004c8       0x40 obj_gh60_lufa/common/keyboard.o
 .debug_aranges
                0x00000508       0x78 obj_gh60_lufa/common/action.o
 .debug_aranges
                0x00000580       0x40 obj_gh60_lufa/common/action_tapping.o
 .debug_aranges
                0x000005c0       0x20 obj_gh60_lufa/common/action_macro.o
 .debug_aranges
                0x000005e0       0x98 obj_gh60_lufa/common/action_layer.o
 .debug_aranges
                0x00000678       0xb0 obj_gh60_lufa/common/action_util.o
 .debug_aranges
                0x00000728       0x20 obj_gh60_lufa/common/print.o
 .debug_aranges
                0x00000748       0x18 obj_gh60_lufa/common/debug.o
 .debug_aranges
                0x00000760       0x60 obj_gh60_lufa/common/util.o
 .debug_aranges
                0x000007c0       0x40 obj_gh60_lufa/common/hook.o
 .debug_aranges
                0x00000800       0x50 obj_gh60_lufa/common/avr/suspend.o
 .debug_aranges
                0x00000850       0x50 obj_gh60_lufa/common/avr/timer.o
 .debug_aranges
                0x000008a0       0x28 obj_gh60_lufa/common/avr/bootloader.o
 .debug_aranges
                0x000008c8       0x38 obj_gh60_lufa/common/keymap.o
 .debug_aranges
                0x00000900       0x30 obj_gh60_lufa/common/bootmagic.o
 .debug_aranges
                0x00000930       0x68 obj_gh60_lufa/common/avr/eeconfig.o
 .debug_aranges
                0x00000998       0x50 obj_gh60_lufa/common/mousekey.o
 .debug_aranges
                0x000009e8       0x58 obj_gh60_lufa/common/command.o
 .debug_aranges
                0x00000a40       0x20 c:/program files (x86)/mhv avr tools/bin/../lib/gcc/avr/4.8.2/avr51\libgcc.a(_udivmodqi4.o)
 .debug_aranges
                0x00000a60       0x20 c:/program files (x86)/mhv avr tools/bin/../lib/gcc/avr/4.8.2/avr51\libgcc.a(_divmodhi4.o)
 .debug_aranges
                0x00000a80       0x20 c:/program files (x86)/mhv avr tools/bin/../lib/gcc/avr/4.8.2/avr51\libgcc.a(_exit.o)
 .debug_aranges
                0x00000aa0       0x20 c:/program files (x86)/mhv avr tools/bin/../lib/gcc/avr/4.8.2/avr51\libgcc.a(_tablejump.o)
 .debug_aranges
                0x00000ac0       0x20 c:/program files (x86)/mhv avr tools/bin/../lib/gcc/avr/4.8.2/avr51\libgcc.a(_copy_data.o)
 .debug_aranges
                0x00000ae0       0x20 c:/program files (x86)/mhv avr tools/bin/../lib/gcc/avr/4.8.2/avr51\libgcc.a(_clear_bss.o)
 .debug_aranges
                0x00000b00       0x20 c:/program files (x86)/mhv avr tools/bin/../lib/gcc/avr/4.8.2/avr51\libgcc.a(_udivmodhi4.o)

.debug_pubnames
 *(.debug_pubnames)

.debug_info     0x00000000    0x10ff1
 *(.debug_info .gnu.linkonce.wi.*)
 .debug_info    0x00000000      0xb70 c:/program files (x86)/mhv avr tools/bin/../lib/gcc/avr/4.8.2/../../../../avr/lib/avr51/crtusb1287.o
 .debug_info    0x00000b70      0x66d obj_gh60_lufa/keymap_poker.o
 .debug_info    0x000011dd      0x651 obj_gh60_lufa/keymap_common.o
 .debug_info    0x0000182e      0x570 obj_gh60_lufa/matrix.o
 .debug_info    0x00001d9e       0x91 obj_gh60_lufa/led.o
 .debug_info    0x00001e2f     0x14e5 obj_gh60_lufa/protocol/lufa/lufa.o
 .debug_info    0x00003314      0x7c6 obj_gh60_lufa/protocol/lufa/descriptor.o
 .debug_info    0x00003ada      0x73e obj_gh60_lufa/protocol/lufa/LUFA-git/LUFA/Drivers/USB/Class/Common/HIDParser.o
 .debug_info    0x00004218       0xd2 obj_gh60_lufa/protocol/lufa/LUFA-git/LUFA/Drivers/USB/Core/AVR8/Device_AVR8.o
 .debug_info    0x000042ea     0x17b4 obj_gh60_lufa/protocol/lufa/LUFA-git/LUFA/Drivers/USB/Core/AVR8/EndpointStream_AVR8.o
 .debug_info    0x00005a9e      0x614 obj_gh60_lufa/protocol/lufa/LUFA-git/LUFA/Drivers/USB/Core/AVR8/Endpoint_AVR8.o
 .debug_info    0x000060b2       0x56 obj_gh60_lufa/protocol/lufa/LUFA-git/LUFA/Drivers/USB/Core/AVR8/Host_AVR8.o
 .debug_info    0x00006108       0x56 obj_gh60_lufa/protocol/lufa/LUFA-git/LUFA/Drivers/USB/Core/AVR8/PipeStream_AVR8.o
 .debug_info    0x0000615e       0x56 obj_gh60_lufa/protocol/lufa/LUFA-git/LUFA/Drivers/USB/Core/AVR8/Pipe_AVR8.o
 .debug_info    0x000061b4      0x4cb obj_gh60_lufa/protocol/lufa/LUFA-git/LUFA/Drivers/USB/Core/AVR8/USBController_AVR8.o
 .debug_info    0x0000667f      0x7c4 obj_gh60_lufa/protocol/lufa/LUFA-git/LUFA/Drivers/USB/Core/AVR8/USBInterrupt_AVR8.o
 .debug_info    0x00006e43      0x3cd obj_gh60_lufa/protocol/lufa/LUFA-git/LUFA/Drivers/USB/Core/ConfigDescriptors.o
 .debug_info    0x00007210      0xa57 obj_gh60_lufa/protocol/lufa/LUFA-git/LUFA/Drivers/USB/Core/DeviceStandardReq.o
 .debug_info    0x00007c67       0x78 obj_gh60_lufa/protocol/lufa/LUFA-git/LUFA/Drivers/USB/Core/Events.o
 .debug_info    0x00007cdf       0x56 obj_gh60_lufa/protocol/lufa/LUFA-git/LUFA/Drivers/USB/Core/HostStandardReq.o
 .debug_info    0x00007d35      0x26b obj_gh60_lufa/protocol/lufa/LUFA-git/LUFA/Drivers/USB/Core/USBTask.o
 .debug_info    0x00007fa0      0x4e2 obj_gh60_lufa/common/host.o
 .debug_info    0x00008482      0x475 obj_gh60_lufa/common/keyboard.o
 .debug_info    0x000088f7     0x15f0 obj_gh60_lufa/common/action.o
 .debug_info    0x00009ee7      0xe2e obj_gh60_lufa/common/action_tapping.o
 .debug_info    0x0000ad15      0x872 obj_gh60_lufa/common/action_macro.o
 .debug_info    0x0000b587      0x7bf obj_gh60_lufa/common/action_layer.o
 .debug_info    0x0000bd46      0x4fa obj_gh60_lufa/common/action_util.o
 .debug_info    0x0000c240       0xda obj_gh60_lufa/common/print.o
 .debug_info    0x0000c31a       0xfc obj_gh60_lufa/common/debug.o
 .debug_info    0x0000c416      0x29b obj_gh60_lufa/common/util.o
 .debug_info    0x0000c6b1      0x1b6 obj_gh60_lufa/common/hook.o
 .debug_info    0x0000c867      0x275 obj_gh60_lufa/common/avr/suspend.o
 .debug_info    0x0000cadc      0x204 obj_gh60_lufa/common/avr/timer.o
 .debug_info    0x0000cce0      0x18a obj_gh60_lufa/common/avr/bootloader.o
 .debug_info    0x0000ce6a      0xe2b obj_gh60_lufa/common/keymap.o
 .debug_info    0x0000dc95      0xf61 obj_gh60_lufa/common/bootmagic.o
 .debug_info    0x0000ebf6      0x3cf obj_gh60_lufa/common/avr/eeconfig.o
 .debug_info    0x0000efc5      0x7b4 obj_gh60_lufa/common/mousekey.o
 .debug_info    0x0000f779     0x1426 obj_gh60_lufa/common/command.o
 .debug_info    0x00010b9f       0x9e c:/program files (x86)/mhv avr tools/bin/../lib/gcc/avr/4.8.2/avr51\libgcc.a(_udivmodqi4.o)
 .debug_info    0x00010c3d       0x9e c:/program files (x86)/mhv avr tools/bin/../lib/gcc/avr/4.8.2/avr51\libgcc.a(_divmodhi4.o)
 .debug_info    0x00010cdb       0x9e c:/program files (x86)/mhv avr tools/bin/../lib/gcc/avr/4.8.2/avr51\libgcc.a(_exit.o)
 .debug_info    0x00010d79       0x9e c:/program files (x86)/mhv avr tools/bin/../lib/gcc/avr/4.8.2/avr51\libgcc.a(_tablejump.o)
 .debug_info    0x00010e17       0x9e c:/program files (x86)/mhv avr tools/bin/../lib/gcc/avr/4.8.2/avr51\libgcc.a(_copy_data.o)
 .debug_info    0x00010eb5       0x9e c:/program files (x86)/mhv avr tools/bin/../lib/gcc/avr/4.8.2/avr51\libgcc.a(_clear_bss.o)
 .debug_info    0x00010f53       0x9e c:/program files (x86)/mhv avr tools/bin/../lib/gcc/avr/4.8.2/avr51\libgcc.a(_udivmodhi4.o)

.debug_abbrev   0x00000000     0x4a01
 *(.debug_abbrev)
 .debug_abbrev  0x00000000      0xad2 c:/program files (x86)/mhv avr tools/bin/../lib/gcc/avr/4.8.2/../../../../avr/lib/avr51/crtusb1287.o
 .debug_abbrev  0x00000ad2       0x75 obj_gh60_lufa/keymap_poker.o
 .debug_abbrev  0x00000b47      0x16a obj_gh60_lufa/keymap_common.o
 .debug_abbrev  0x00000cb1      0x30f obj_gh60_lufa/matrix.o
 .debug_abbrev  0x00000fc0       0x60 obj_gh60_lufa/led.o
 .debug_abbrev  0x00001020      0x4ad obj_gh60_lufa/protocol/lufa/lufa.o
 .debug_abbrev  0x000014cd      0x177 obj_gh60_lufa/protocol/lufa/descriptor.o
 .debug_abbrev  0x00001644      0x21e obj_gh60_lufa/protocol/lufa/LUFA-git/LUFA/Drivers/USB/Class/Common/HIDParser.o
 .debug_abbrev  0x00001862       0x80 obj_gh60_lufa/protocol/lufa/LUFA-git/LUFA/Drivers/USB/Core/AVR8/Device_AVR8.o
 .debug_abbrev  0x000018e2      0x213 obj_gh60_lufa/protocol/lufa/LUFA-git/LUFA/Drivers/USB/Core/AVR8/EndpointStream_AVR8.o
 .debug_abbrev  0x00001af5      0x222 obj_gh60_lufa/protocol/lufa/LUFA-git/LUFA/Drivers/USB/Core/AVR8/Endpoint_AVR8.o
 .debug_abbrev  0x00001d17       0x26 obj_gh60_lufa/protocol/lufa/LUFA-git/LUFA/Drivers/USB/Core/AVR8/Host_AVR8.o
 .debug_abbrev  0x00001d3d       0x26 obj_gh60_lufa/protocol/lufa/LUFA-git/LUFA/Drivers/USB/Core/AVR8/PipeStream_AVR8.o
 .debug_abbrev  0x00001d63       0x26 obj_gh60_lufa/protocol/lufa/LUFA-git/LUFA/Drivers/USB/Core/AVR8/Pipe_AVR8.o
 .debug_abbrev  0x00001d89      0x196 obj_gh60_lufa/protocol/lufa/LUFA-git/LUFA/Drivers/USB/Core/AVR8/USBController_AVR8.o
 .debug_abbrev  0x00001f1f      0x234 obj_gh60_lufa/protocol/lufa/LUFA-git/LUFA/Drivers/USB/Core/AVR8/USBInterrupt_AVR8.o
 .debug_abbrev  0x00002153      0x183 obj_gh60_lufa/protocol/lufa/LUFA-git/LUFA/Drivers/USB/Core/ConfigDescriptors.o
 .debug_abbrev  0x000022d6      0x2d8 obj_gh60_lufa/protocol/lufa/LUFA-git/LUFA/Drivers/USB/Core/DeviceStandardReq.o
 .debug_abbrev  0x000025ae       0x44 obj_gh60_lufa/protocol/lufa/LUFA-git/LUFA/Drivers/USB/Core/Events.o
 .debug_abbrev  0x000025f2       0x26 obj_gh60_lufa/protocol/lufa/LUFA-git/LUFA/Drivers/USB/Core/HostStandardReq.o
 .debug_abbrev  0x00002618      0x168 obj_gh60_lufa/protocol/lufa/LUFA-git/LUFA/Drivers/USB/Core/USBTask.o
 .debug_abbrev  0x00002780      0x204 obj_gh60_lufa/common/host.o
 .debug_abbrev  0x00002984      0x237 obj_gh60_lufa/common/keyboard.o
 .debug_abbrev  0x00002bbb      0x2b6 obj_gh60_lufa/common/action.o
 .debug_abbrev  0x00002e71      0x2ef obj_gh60_lufa/common/action_tapping.o
 .debug_abbrev  0x00003160      0x18d obj_gh60_lufa/common/action_macro.o
 .debug_abbrev  0x000032ed      0x24e obj_gh60_lufa/common/action_layer.o
 .debug_abbrev  0x0000353b      0x246 obj_gh60_lufa/common/action_util.o
 .debug_abbrev  0x00003781       0x97 obj_gh60_lufa/common/print.o
 .debug_abbrev  0x00003818       0x87 obj_gh60_lufa/common/debug.o
 .debug_abbrev  0x0000389f       0xcb obj_gh60_lufa/common/util.o
 .debug_abbrev  0x0000396a      0x100 obj_gh60_lufa/common/hook.o
 .debug_abbrev  0x00003a6a      0x1ab obj_gh60_lufa/common/avr/suspend.o
 .debug_abbrev  0x00003c15      0x11e obj_gh60_lufa/common/avr/timer.o
 .debug_abbrev  0x00003d33      0x115 obj_gh60_lufa/common/avr/bootloader.o
 .debug_abbrev  0x00003e48      0x27a obj_gh60_lufa/common/keymap.o
 .debug_abbrev  0x000040c2      0x2a5 obj_gh60_lufa/common/bootmagic.o
 .debug_abbrev  0x00004367       0xef obj_gh60_lufa/common/avr/eeconfig.o
 .debug_abbrev  0x00004456      0x1fd obj_gh60_lufa/common/mousekey.o
 .debug_abbrev  0x00004653      0x322 obj_gh60_lufa/common/command.o
 .debug_abbrev  0x00004975       0x14 c:/program files (x86)/mhv avr tools/bin/../lib/gcc/avr/4.8.2/avr51\libgcc.a(_udivmodqi4.o)
 .debug_abbrev  0x00004989       0x14 c:/program files (x86)/mhv avr tools/bin/../lib/gcc/avr/4.8.2/avr51\libgcc.a(_divmodhi4.o)
 .debug_abbrev  0x0000499d       0x14 c:/program files (x86)/mhv avr tools/bin/../lib/gcc/avr/4.8.2/avr51\libgcc.a(_exit.o)
 .debug_abbrev  0x000049b1       0x14 c:/program files (x86)/mhv avr tools/bin/../lib/gcc/avr/4.8.2/avr51\libgcc.a(_tablejump.o)
 .debug_abbrev  0x000049c5       0x14 c:/program files (x86)/mhv avr tools/bin/../lib/gcc/avr/4.8.2/avr51\libgcc.a(_copy_data.o)
 .debug_abbrev  0x000049d9       0x14 c:/program files (x86)/mhv avr tools/bin/../lib/gcc/avr/4.8.2/avr51\libgcc.a(_clear_bss.o)
 .debug_abbrev  0x000049ed       0x14 c:/program files (x86)/mhv avr tools/bin/../lib/gcc/avr/4.8.2/avr51\libgcc.a(_udivmodhi4.o)

.debug_line     0x00000000     0x58a9
 *(.debug_line .debug_line.* .debug_line_end)
 .debug_line    0x00000000       0x1a c:/program files (x86)/mhv avr tools/bin/../lib/gcc/avr/4.8.2/../../../../avr/lib/avr51/crtusb1287.o
 .debug_line    0x0000001a       0x9d obj_gh60_lufa/keymap_poker.o
 .debug_line    0x000000b7       0xe1 obj_gh60_lufa/keymap_common.o
 .debug_line    0x00000198      0x24c obj_gh60_lufa/matrix.o
 .debug_line    0x000003e4       0x73 obj_gh60_lufa/led.o
 .debug_line    0x00000457      0x7c8 obj_gh60_lufa/protocol/lufa/lufa.o
 .debug_line    0x00000c1f      0x20c obj_gh60_lufa/protocol/lufa/descriptor.o
 .debug_line    0x00000e2b      0x25f obj_gh60_lufa/protocol/lufa/LUFA-git/LUFA/Drivers/USB/Class/Common/HIDParser.o
 .debug_line    0x0000108a      0x144 obj_gh60_lufa/protocol/lufa/LUFA-git/LUFA/Drivers/USB/Core/AVR8/Device_AVR8.o
 .debug_line    0x000011ce      0xc98 obj_gh60_lufa/protocol/lufa/LUFA-git/LUFA/Drivers/USB/Core/AVR8/EndpointStream_AVR8.o
 .debug_line    0x00001e66      0x403 obj_gh60_lufa/protocol/lufa/LUFA-git/LUFA/Drivers/USB/Core/AVR8/Endpoint_AVR8.o
 .debug_line    0x00002269       0x1a obj_gh60_lufa/protocol/lufa/LUFA-git/LUFA/Drivers/USB/Core/AVR8/Host_AVR8.o
 .debug_line    0x00002283       0x1a obj_gh60_lufa/protocol/lufa/LUFA-git/LUFA/Drivers/USB/Core/AVR8/PipeStream_AVR8.o
 .debug_line    0x0000229d       0x1a obj_gh60_lufa/protocol/lufa/LUFA-git/LUFA/Drivers/USB/Core/AVR8/Pipe_AVR8.o
 .debug_line    0x000022b7      0x314 obj_gh60_lufa/protocol/lufa/LUFA-git/LUFA/Drivers/USB/Core/AVR8/USBController_AVR8.o
 .debug_line    0x000025cb      0x4e5 obj_gh60_lufa/protocol/lufa/LUFA-git/LUFA/Drivers/USB/Core/AVR8/USBInterrupt_AVR8.o
 .debug_line    0x00002ab0      0x19b obj_gh60_lufa/protocol/lufa/LUFA-git/LUFA/Drivers/USB/Core/ConfigDescriptors.o
 .debug_line    0x00002c4b      0x39f obj_gh60_lufa/protocol/lufa/LUFA-git/LUFA/Drivers/USB/Core/DeviceStandardReq.o
 .debug_line    0x00002fea       0x71 obj_gh60_lufa/protocol/lufa/LUFA-git/LUFA/Drivers/USB/Core/Events.o
 .debug_line    0x0000305b       0x1a obj_gh60_lufa/protocol/lufa/LUFA-git/LUFA/Drivers/USB/Core/HostStandardReq.o
 .debug_line    0x00003075      0x1af obj_gh60_lufa/protocol/lufa/LUFA-git/LUFA/Drivers/USB/Core/USBTask.o
 .debug_line    0x00003224      0x194 obj_gh60_lufa/common/host.o
 .debug_line    0x000033b8      0x1a8 obj_gh60_lufa/common/keyboard.o
 .debug_line    0x00003560      0x451 obj_gh60_lufa/common/action.o
 .debug_line    0x000039b1      0x27f obj_gh60_lufa/common/action_tapping.o
 .debug_line    0x00003c30      0x155 obj_gh60_lufa/common/action_macro.o
 .debug_line    0x00003d85      0x1e9 obj_gh60_lufa/common/action_layer.o
 .debug_line    0x00003f6e      0x212 obj_gh60_lufa/common/action_util.o
 .debug_line    0x00004180       0xaf obj_gh60_lufa/common/print.o
 .debug_line    0x0000422f       0x83 obj_gh60_lufa/common/debug.o
 .debug_line    0x000042b2      0x198 obj_gh60_lufa/common/util.o
 .debug_line    0x0000444a       0xd3 obj_gh60_lufa/common/hook.o
 .debug_line    0x0000451d      0x1df obj_gh60_lufa/common/avr/suspend.o
 .debug_line    0x000046fc      0x127 obj_gh60_lufa/common/avr/timer.o
 .debug_line    0x00004823      0x1a0 obj_gh60_lufa/common/avr/bootloader.o
 .debug_line    0x000049c3      0x223 obj_gh60_lufa/common/keymap.o
 .debug_line    0x00004be6      0x248 obj_gh60_lufa/common/bootmagic.o
 .debug_line    0x00004e2e      0x163 obj_gh60_lufa/common/avr/eeconfig.o
 .debug_line    0x00004f91      0x2d9 obj_gh60_lufa/common/mousekey.o
 .debug_line    0x0000526a      0x31e obj_gh60_lufa/common/command.o
 .debug_line    0x00005588       0x73 c:/program files (x86)/mhv avr tools/bin/../lib/gcc/avr/4.8.2/avr51\libgcc.a(_udivmodqi4.o)
 .debug_line    0x000055fb       0x7a c:/program files (x86)/mhv avr tools/bin/../lib/gcc/avr/4.8.2/avr51\libgcc.a(_divmodhi4.o)
 .debug_line    0x00005675       0x69 c:/program files (x86)/mhv avr tools/bin/../lib/gcc/avr/4.8.2/avr51\libgcc.a(_exit.o)
 .debug_line    0x000056de       0x6d c:/program files (x86)/mhv avr tools/bin/../lib/gcc/avr/4.8.2/avr51\libgcc.a(_tablejump.o)
 .debug_line    0x0000574b       0x74 c:/program files (x86)/mhv avr tools/bin/../lib/gcc/avr/4.8.2/avr51\libgcc.a(_copy_data.o)
 .debug_line    0x000057bf       0x6f c:/program files (x86)/mhv avr tools/bin/../lib/gcc/avr/4.8.2/avr51\libgcc.a(_clear_bss.o)
 .debug_line    0x0000582e       0x7b c:/program files (x86)/mhv avr tools/bin/../lib/gcc/avr/4.8.2/avr51\libgcc.a(_udivmodhi4.o)

.debug_frame    0x00000000     0x1ba4
 *(.debug_frame)
 .debug_frame   0x00000000       0x34 obj_gh60_lufa/keymap_common.o
 .debug_frame   0x00000034      0x150 obj_gh60_lufa/matrix.o
 .debug_frame   0x00000184       0x24 obj_gh60_lufa/led.o
 .debug_frame   0x000001a8      0x188 obj_gh60_lufa/protocol/lufa/lufa.o
 .debug_frame   0x00000330       0x24 obj_gh60_lufa/protocol/lufa/descriptor.o
 .debug_frame   0x00000354      0x134 obj_gh60_lufa/protocol/lufa/LUFA-git/LUFA/Drivers/USB/Class/Common/HIDParser.o
 .debug_frame   0x00000488       0x24 obj_gh60_lufa/protocol/lufa/LUFA-git/LUFA/Drivers/USB/Core/AVR8/Device_AVR8.o
 .debug_frame   0x000004ac      0x414 obj_gh60_lufa/protocol/lufa/LUFA-git/LUFA/Drivers/USB/Core/AVR8/EndpointStream_AVR8.o
 .debug_frame   0x000008c0       0x7c obj_gh60_lufa/protocol/lufa/LUFA-git/LUFA/Drivers/USB/Core/AVR8/Endpoint_AVR8.o
 .debug_frame   0x0000093c       0x5c obj_gh60_lufa/protocol/lufa/LUFA-git/LUFA/Drivers/USB/Core/AVR8/USBController_AVR8.o
 .debug_frame   0x00000998      0x104 obj_gh60_lufa/protocol/lufa/LUFA-git/LUFA/Drivers/USB/Core/AVR8/USBInterrupt_AVR8.o
 .debug_frame   0x00000a9c      0x124 obj_gh60_lufa/protocol/lufa/LUFA-git/LUFA/Drivers/USB/Core/ConfigDescriptors.o
 .debug_frame   0x00000bc0       0x3c obj_gh60_lufa/protocol/lufa/LUFA-git/LUFA/Drivers/USB/Core/DeviceStandardReq.o
 .debug_frame   0x00000bfc       0x24 obj_gh60_lufa/protocol/lufa/LUFA-git/LUFA/Drivers/USB/Core/Events.o
 .debug_frame   0x00000c20       0x2c obj_gh60_lufa/protocol/lufa/LUFA-git/LUFA/Drivers/USB/Core/USBTask.o
 .debug_frame   0x00000c4c       0xd4 obj_gh60_lufa/common/host.o
 .debug_frame   0x00000d20       0x9c obj_gh60_lufa/common/keyboard.o
 .debug_frame   0x00000dbc      0x150 obj_gh60_lufa/common/action.o
 .debug_frame   0x00000f0c       0xd0 obj_gh60_lufa/common/action_tapping.o
 .debug_frame   0x00000fdc       0x50 obj_gh60_lufa/common/action_macro.o
 .debug_frame   0x0000102c      0x18c obj_gh60_lufa/common/action_layer.o
 .debug_frame   0x000011b8      0x144 obj_gh60_lufa/common/action_util.o
 .debug_frame   0x000012fc       0x24 obj_gh60_lufa/common/print.o
 .debug_frame   0x00001320      0x110 obj_gh60_lufa/common/util.o
 .debug_frame   0x00001430       0x78 obj_gh60_lufa/common/hook.o
 .debug_frame   0x000014a8       0xb0 obj_gh60_lufa/common/avr/suspend.o
 .debug_frame   0x00001558       0xf0 obj_gh60_lufa/common/avr/timer.o
 .debug_frame   0x00001648       0x34 obj_gh60_lufa/common/avr/bootloader.o
 .debug_frame   0x0000167c       0x54 obj_gh60_lufa/common/keymap.o
 .debug_frame   0x000016d0       0x84 obj_gh60_lufa/common/bootmagic.o
 .debug_frame   0x00001754       0xb4 obj_gh60_lufa/common/avr/eeconfig.o